Component: ARM Compiler 5.06 update 7 (build 960) Tool: armlink [4d3601]

==============================================================================

Section Cross References

    startup_stm32f103xb.o(STACK) refers (Special) to heapauxi.o(.text) for __use_two_region_memory
    startup_stm32f103xb.o(HEAP) refers (Special) to heapauxi.o(.text) for __use_two_region_memory
    startup_stm32f103xb.o(RESET) refers (Special) to heapauxi.o(.text) for __use_two_region_memory
    startup_stm32f103xb.o(RESET) refers to startup_stm32f103xb.o(STACK) for __initial_sp
    startup_stm32f103xb.o(RESET) refers to startup_stm32f103xb.o(.text) for Reset_Handler
    startup_stm32f103xb.o(RESET) refers to stm32f1xx_it.o(i.NMI_Handler) for NMI_Handler
    startup_stm32f103xb.o(RESET) refers to stm32f1xx_it.o(i.HardFault_Handler) for HardFault_Handler
    startup_stm32f103xb.o(RESET) refers to stm32f1xx_it.o(i.MemManage_Handler) for MemManage_Handler
    startup_stm32f103xb.o(RESET) refers to stm32f1xx_it.o(i.BusFault_Handler) for BusFault_Handler
    startup_stm32f103xb.o(RESET) refers to stm32f1xx_it.o(i.UsageFault_Handler) for UsageFault_Handler
    startup_stm32f103xb.o(RESET) refers to port.o(.emb_text) for SVC_Handler
    startup_stm32f103xb.o(RESET) refers to stm32f1xx_it.o(i.DebugMon_Handler) for DebugMon_Handler
    startup_stm32f103xb.o(RESET) refers to cmsis_os2.o(i.SysTick_Handler) for SysTick_Handler
    startup_stm32f103xb.o(RESET) refers to stm32f1xx_it.o(i.DMA1_Channel1_IRQHandler) for DMA1_Channel1_IRQHandler
    startup_stm32f103xb.o(RESET) refers to stm32f1xx_it.o(i.DMA1_Channel5_IRQHandler) for DMA1_Channel5_IRQHandler
    startup_stm32f103xb.o(RESET) refers to stm32f1xx_it.o(i.TIM1_UP_IRQHandler) for TIM1_UP_IRQHandler
    startup_stm32f103xb.o(RESET) refers to stm32f1xx_it.o(i.USART1_IRQHandler) for USART1_IRQHandler
    startup_stm32f103xb.o(.text) refers (Special) to heapauxi.o(.text) for __use_two_region_memory
    startup_stm32f103xb.o(.text) refers to system_stm32f1xx.o(i.SystemInit) for SystemInit
    startup_stm32f103xb.o(.text) refers to __main.o(!!!main) for __main
    startup_stm32f103xb.o(.text) refers to startup_stm32f103xb.o(HEAP) for Heap_Mem
    startup_stm32f103xb.o(.text) refers to startup_stm32f103xb.o(STACK) for Stack_Mem
    app.o(i.sensor_task_handler) refers to stm32f1xx_hal_gpio.o(i.HAL_GPIO_WritePin) for HAL_GPIO_WritePin
    app.o(i.sensor_task_handler) refers to tasks.o(i.xTaskGetTickCount) for xTaskGetTickCount
    app.o(i.sensor_task_handler) refers to dht22.o(i.DHT22_ReadValue) for DHT22_ReadValue
    app.o(i.sensor_task_handler) refers to stm32f1xx_hal_gpio.o(i.HAL_GPIO_TogglePin) for HAL_GPIO_TogglePin
    app.o(i.sensor_task_handler) refers to tasks.o(i.vTaskDelayUntil) for vTaskDelayUntil
    app.o(i.sensor_task_handler) refers to app.o(.data) for .data
    dht22.o(i.DHT22_ReadData) refers to port.o(i.vPortEnterCritical) for vPortEnterCritical
    dht22.o(i.DHT22_ReadData) refers to dht22.o(i.DHT22_Send_Start_Signal) for DHT22_Send_Start_Signal
    dht22.o(i.DHT22_ReadData) refers to stm32f1xx_hal_gpio.o(i.HAL_GPIO_ReadPin) for HAL_GPIO_ReadPin
    dht22.o(i.DHT22_ReadData) refers to main.o(i.delay_us) for delay_us
    dht22.o(i.DHT22_ReadData) refers to port.o(i.vPortExitCritical) for vPortExitCritical
    dht22.o(i.DHT22_ReadData) refers to dht22.o(.data) for .data
    dht22.o(i.DHT22_ReadData) refers to system_stm32f1xx.o(.data) for SystemCoreClock
    dht22.o(i.DHT22_ReadValue) refers to dht22.o(i.DHT22_ReadData) for DHT22_ReadData
    dht22.o(i.DHT22_ReadValue) refers to dht22.o(.data) for .data
    dht22.o(i.DHT22_Send_Start_Signal) refers to stm32f1xx_hal_gpio.o(i.HAL_GPIO_Init) for HAL_GPIO_Init
    dht22.o(i.DHT22_Send_Start_Signal) refers to stm32f1xx_hal_gpio.o(i.HAL_GPIO_WritePin) for HAL_GPIO_WritePin
    dht22.o(i.DHT22_Send_Start_Signal) refers to main.o(i.delay_us) for delay_us
    main.o(i.HAL_TIM_PeriodElapsedCallback) refers to stm32f1xx_hal.o(i.HAL_IncTick) for HAL_IncTick
    main.o(i.SystemClock_Config) refers to rt_memclr_w.o(.text) for __aeabi_memclr4
    main.o(i.SystemClock_Config) refers to stm32f1xx_hal_rcc.o(i.HAL_RCC_OscConfig) for HAL_RCC_OscConfig
    main.o(i.SystemClock_Config) refers to stm32f1xx_hal_rcc.o(i.HAL_RCC_ClockConfig) for HAL_RCC_ClockConfig
    main.o(i.delay_us) refers to system_stm32f1xx.o(.data) for SystemCoreClock
    main.o(i.led_task) refers to app.o(i.led_task_handler) for led_task_handler
    main.o(i.main) refers to stm32f1xx_hal.o(i.HAL_Init) for HAL_Init
    main.o(i.main) refers to main.o(i.SystemClock_Config) for SystemClock_Config
    main.o(i.main) refers to main.o(i.DWT_Init) for DWT_Init
    main.o(i.main) refers to gpio.o(i.MX_GPIO_Init) for MX_GPIO_Init
    main.o(i.main) refers to dma.o(i.MX_DMA_Init) for MX_DMA_Init
    main.o(i.main) refers to usart.o(i.MX_USART1_UART_Init) for MX_USART1_UART_Init
    main.o(i.main) refers to tim.o(i.MX_TIM2_Init) for MX_TIM2_Init
[...]
    i.DHT22_Send_Start_Signal                0x08000660   Section        0  dht22.o(i.DHT22_Send_Start_Signal)
    DHT22_Send_Start_Signal                  0x08000661   Thumb Code    82  dht22.o(i.DHT22_Send_Start_Signal)
    i.DMA1_Channel1_IRQHandler               0x080006b8   Section        0  stm32f1xx_it.o(i.DMA1_Channel1_IRQHandler)
    i.DMA1_Channel5_IRQHandler               0x080006c4   Section        0  stm32f1xx_it.o(i.DMA1_Channel5_IRQHandler)
    i.DWT_Init                               0x080006d0   Section        0  main.o(i.DWT_Init)
    i.DebugMon_Handler                       0x080006f4   Section        0  stm32f1xx_it.o(i.DebugMon_Handler)
    i.Error_Handler                          0x080006f6   Section        0  main.o(i.Error_Handler)
    i.HAL_DMA_Abort                          0x080006fa   Section        0  stm32f1xx_hal_dma.o(i.HAL_DMA_Abort)
    i.HAL_DMA_Abort_IT                       0x08000740   Section        0  stm32f1xx_hal_dma.o(i.HAL_DMA_Abort_IT)
    i.HAL_DMA_IRQHandler                     0x080007d8   Section        0  stm32f1xx_hal_dma.o(i.HAL_DMA_IRQHandler)
    i.HAL_DMA_Init                           0x0800092c   Section        0  stm32f1xx_hal_dma.o(i.HAL_DMA_Init)
    i.HAL_GPIO_Init                          0x08000988   Section        0  stm32f1xx_hal_gpio.o(i.HAL_GPIO_Init)
    i.HAL_GPIO_ReadPin                       0x08000b68   Section        0  stm32f1xx_hal_gpio.o(i.HAL_GPIO_ReadPin)
    i.HAL_GPIO_TogglePin                     0x08000b72   Section        0  stm32f1xx_hal_gpio.o(i.HAL_GPIO_TogglePin)
    i.HAL_GPIO_WritePin                      0x08000b82   Section        0  stm32f1xx_hal_gpio.o(i.HAL_GPIO_WritePin)
    i.HAL_GetTick                            0x08000b8c   Section        0  stm32f1xx_hal.o(i.HAL_GetTick)
    i.HAL_IncTick                            0x08000b98   Section        0  stm32f1xx_hal.o(i.HAL_IncTick)
    i.HAL_Init                               0x08000ba8   Section        0  stm32f1xx_hal.o(i.HAL_Init)
    i.HAL_InitTick                           0x08000bcc   Section        0  stm32f1xx_hal_timebase_tim.o(i.HAL_InitTick)
    i.HAL_MspInit                            0x08000c58   Section        0  stm32f1xx_hal_msp.o(i.HAL_MspInit)
    i.HAL_NVIC_EnableIRQ                     0x08000ca0   Section        0  stm32f1xx_hal_cortex.o(i.HAL_NVIC_EnableIRQ)
    i.HAL_NVIC_SetPriority                   0x08000cbc   Section        0  stm32f1xx_hal_cortex.o(i.HAL_NVIC_SetPriority)
    i.HAL_NVIC_SetPriorityGrouping           0x08000cfc   Section        0  stm32f1xx_hal_cortex.o(i.HAL_NVIC_SetPriorityGrouping)
    i.HAL_RCC_ClockConfig                    0x08000d20   Section        0  stm32f1xx_hal_rcc.o(i.HAL_RCC_ClockConfig)
    i.HAL_RCC_GetClockConfig                 0x08000e4c   Section        0  stm32f1xx_hal_rcc.o(i.HAL_RCC_GetClockConfig)
    i.HAL_RCC_GetPCLK1Freq                   0x08000e8c   Section        0  stm32f1xx_hal_rcc.o(i.HAL_RCC_GetPCLK1Freq)
    i.HAL_RCC_GetPCLK2Freq                   0x08000eac   Section        0  stm32f1xx_hal_rcc.o(i.HAL_RCC_GetPCLK2Freq)
    i.HAL_RCC_GetSysClockFreq                0x08000ecc   Section        0  stm32f1xx_hal_rcc.o(i.HAL_RCC_GetSysClockFreq)
    i.HAL_RCC_OscConfig                      0x08000f18   Section        0  stm32f1xx_hal_rcc.o(i.HAL_RCC_OscConfig)
    i.HAL_TIMEx_BreakCallback                0x08001238   Section        0  stm32f1xx_hal_tim_ex.o(i.HAL_TIMEx_BreakCallback)
    i.HAL_TIMEx_CommutCallback               0x0800123a   Section        0  stm32f1xx_hal_tim_ex.o(i.HAL_TIMEx_CommutCallback)
    i.HAL_TIMEx_MasterConfigSynchronization  0x0800123c   Section        0  stm32f1xx_hal_tim_ex.o(i.HAL_TIMEx_MasterConfigSynchronization)
    i.HAL_TIM_Base_Init                      0x080012a4   Section        0  stm32f1xx_hal_tim.o(i.HAL_TIM_Base_Init)
    i.HAL_TIM_Base_MspInit                   0x08001300   Section        0  tim.o(i.HAL_TIM_Base_MspInit)
    i.HAL_TIM_Base_Start_IT                  0x08001360   Section        0  stm32f1xx_hal_tim.o(i.HAL_TIM_Base_Start_IT)
    i.HAL_TIM_ConfigClockSource              0x080013b8   Section        0  stm32f1xx_hal_tim.o(i.HAL_TIM_ConfigClockSource)
    i.HAL_TIM_IC_CaptureCallback             0x08001494   Section        0  stm32f1xx_hal_tim.o(i.HAL_TIM_IC_CaptureCallback)
    i.HAL_TIM_IRQHandler                     0x08001496   Section        0  stm32f1xx_hal_tim.o(i.HAL_TIM_IRQHandler)
    i.HAL_TIM_MspPostInit                    0x080015c8   Section        0  tim.o(i.HAL_TIM_MspPostInit)
    i.HAL_TIM_OC_DelayElapsedCallback        0x08001610   Section        0  stm32f1xx_hal_tim.o(i.HAL_TIM_OC_DelayElapsedCallback)
    i.HAL_TIM_PWM_ConfigChannel              0x08001612   Section        0  stm32f1xx_hal_tim.o(i.HAL_TIM_PWM_ConfigChannel)
    i.HAL_TIM_PWM_Init                       0x080016de   Section        0  stm32f1xx_hal_tim.o(i.HAL_TIM_PWM_Init)
    i.HAL_TIM_PWM_MspInit                    0x08001738   Section        0  stm32f1xx_hal_tim.o(i.HAL_TIM_PWM_MspInit)
    i.HAL_TIM_PWM_PulseFinishedCallback      0x0800173a   Section        0  stm32f1xx_hal_tim.o(i.HAL_TIM_PWM_PulseFinishedCallback)
    i.HAL_TIM_PeriodElapsedCallback          0x0800173c   Section        0  main.o(i.HAL_TIM_PeriodElapsedCallback)
    i.HAL_TIM_TriggerCallback                0x08001750   Section        0  stm32f1xx_hal_tim.o(i.HAL_TIM_TriggerCallback)
    i.HAL_UARTEx_RxEventCallback             0x08001752   Section        0  stm32f1xx_hal_uart.o(i.HAL_UARTEx_RxEventCallback)
    i.HAL_UART_ErrorCallback                 0x08001754   Section        0  stm32f1xx_hal_uart.o(i.HAL_UART_ErrorCallback)
    i.HAL_UART_IRQHandler                    0x08001758   Section        0  stm32f1xx_hal_uart.o(i.HAL_UART_IRQHandler)
    i.HAL_UART_Init                          0x080019c4   Section        0  stm32f1xx_hal_uart.o(i.HAL_UART_Init)
    i.HAL_UART_MspInit                       0x08001a28   Section        0  usart.o(i.HAL_UART_MspInit)
    i.HAL_UART_RxCpltCallback                0x08001adc   Section        0  stm32f1xx_hal_uart.o(i.HAL_UART_RxCpltCallback)
    i.HAL_UART_TxCpltCallback                0x08001ade   Section        0  stm32f1xx_hal_uart.o(i.HAL_UART_TxCpltCallback)
    i.HardFault_Handler                      0x08001ae0   Section        0  stm32f1xx_it.o(i.HardFault_Handler)
    i.MX_DMA_Init                            0x08001ae4   Section        0  dma.o(i.MX_DMA_Init)
    i.MX_FREERTOS_Init                       0x08001b20   Section        0  freertos.o(i.MX_FREERTOS_Init)
    i.MX_GPIO_Init                           0x08001b40   Section        0  gpio.o(i.MX_GPIO_Init)
    i.MX_TIM2_Init                           0x08001b88   Section        0  tim.o(i.MX_TIM2_Init)
    i.MX_USART1_UART_Init                    0x08001c1c   Section        0  usart.o(i.MX_USART1_UART_Init)
    i.MemManage_Handler                      0x08001c54   Section        0  stm32f1xx_it.o(i.MemManage_Handler)
    i.NMI_Handler                            0x08001c56   Section        0  stm32f1xx_it.o(i.NMI_Handler)
    i.StartDefaultTask                       0x08001c58   Section        0  freertos.o(i.StartDefaultTask)
    i.SysTick_Handler                        0x08001c60   Section        0  cmsis_os2.o(i.SysTick_Handler)
    i.SystemClock_Config                     0x08001c7a   Section        0  main.o(i.SystemClock_Config)
    i.SystemInit                             0x08001cd8   Section        0  system_stm32f1xx.o(i.SystemInit)
    i.TIM1_UP_IRQHandler                     0x08001cdc   Section        0  stm32f1xx_it.o(i.TIM1_UP_IRQHandler)
    i.TIM_Base_SetConfig                     0x08001ce8   Section        0  stm32f1xx_hal_tim.o(i.TIM_Base_SetConfig)
    i.TIM_ETR_SetConfig                      0x08001d60   Section        0  stm32f1xx_hal_tim.o(i.TIM_ETR_SetConfig)
    i.TIM_ITRx_SetConfig                     0x08001d74   Section        0  stm32f1xx_hal_tim.o(i.TIM_ITRx_SetConfig)
    TIM_ITRx_SetConfig                       0x08001d75   Thumb Code    16  stm32f1xx_hal_tim.o(i.TIM_ITRx_SetConfig)
    i.TIM_OC1_SetConfig                      0x08001d84   Section        0  stm32f1xx_hal_tim.o(i.TIM_OC1_SetConfig)
    TIM_OC1_SetConfig                        0x08001d85   Thumb Code    74  stm32f1xx_hal_tim.o(i.TIM_OC1_SetConfig)
    i.TIM_OC2_SetConfig                      0x08001dd4   Section        0  stm32f1xx_hal_tim.o(i.TIM_OC2_SetConfig)
    i.TIM_OC3_SetConfig                      0x08001e2c   Section        0  stm32f1xx_hal_tim.o(i.TIM_OC3_SetConfig)
    TIM_OC3_SetConfig                        0x08001e2d   Thumb Code    82  stm32f1xx_hal_tim.o(i.TIM_OC3_SetConfig)
    i.TIM_OC4_SetConfig                      0x08001e84   Section        0  stm32f1xx_hal_tim.o(i.TIM_OC4_SetConfig)
    TIM_OC4_SetConfig                        0x08001e85   Thumb Code    64  stm32f1xx_hal_tim.o(i.TIM_OC4_SetConfig)
    i.TIM_TI1_ConfigInputStage               0x08001ec8   Section        0  stm32f1xx_hal_tim.o(i.TIM_TI1_ConfigInputStage)
    TIM_TI1_ConfigInputStage                 0x08001ec9   Thumb Code    34  stm32f1xx_hal_tim.o(i.TIM_TI1_ConfigInputStage)
    i.TIM_TI2_ConfigInputStage               0x08001eea   Section        0  stm32f1xx_hal_tim.o(i.TIM_TI2_ConfigInputStage)
    TIM_TI2_ConfigInputStage                 0x08001eeb   Thumb Code    36  stm32f1xx_hal_tim.o(i.TIM_TI2_ConfigInputStage)
    i.UART_DMAAbortOnError                   0x08001f0e   Section        0  stm32f1xx_hal_uart.o(i.UART_DMAAbortOnError)
    UART_DMAAbortOnError                     0x08001f0f   Thumb Code    16  stm32f1xx_hal_uart.o(i.UART_DMAAbortOnError)
    i.UART_EndRxTransfer                     0x08001f1e   Section        0  stm32f1xx_hal_uart.o(i.UART_EndRxTransfer)
    UART_EndRxTransfer                       0x08001f1f   Thumb Code    78  stm32f1xx_hal_uart.o(i.UART_EndRxTransfer)
    i.UART_Receive_IT                        0x08001f6c   Section        0  stm32f1xx_hal_uart.o(i.UART_Receive_IT)
    UART_Receive_IT                          0x08001f6d   Thumb Code   194  stm32f1xx_hal_uart.o(i.UART_Receive_IT)
    i.UART_SetConfig                         0x08002030   Section        0  stm32f1xx_hal_uart.o(i.UART_SetConfig)
    UART_SetConfig                           0x08002031   Thumb Code   178  stm32f1xx_hal_uart.o(i.UART_SetConfig)
    i.USART1_IRQHandler                      0x080020e8   Section        0  stm32f1xx_it.o(i.USART1_IRQHandler)
    i.UsageFault_Handler                     0x080020f4   Section        0  stm32f1xx_it.o(i.UsageFault_Handler)
    i.__NVIC_SetPriority                     0x080020f6   Section        0  stm32f1xx_hal_cortex.o(i.__NVIC_SetPriority)
    __NVIC_SetPriority                       0x080020f7   Thumb Code    32  stm32f1xx_hal_cortex.o(i.__NVIC_SetPriority)
    i.delay_us                               0x08002118   Section        0  main.o(i.delay_us)
    i.led_task                               0x08002140   Section        0  main.o(i.led_task)
    i.led_task_handler                       0x08002144   Section        0  app.o(i.led_task_handler)
    i.main                                   0x08002148   Section        0  main.o(i.main)
    i.osDelay                                0x080021c8   Section        0  cmsis_os2.o(i.osDelay)
    i.osKernelInitialize                     0x080021e4   Section        0  cmsis_os2.o(i.osKernelInitialize)
    i.osKernelStart                          0x08002208   Section        0  cmsis_os2.o(i.osKernelStart)
    i.osThreadNew                            0x08002240   Section        0  cmsis_os2.o(i.osThreadNew)
    i.prvAddCurrentTaskToDelayedList         0x080022cc   Section        0  tasks.o(i.prvAddCurrentTaskToDelayedList)
    prvAddCurrentTaskToDelayedList           0x080022cd   Thumb Code    84  tasks.o(i.prvAddCurrentTaskToDelayedList)
    i.prvAddNewTaskToReadyList               0x08002328   Section        0  tasks.o(i.prvAddNewTaskToReadyList)
    prvAddNewTaskToReadyList                 0x08002329   Thumb Code   190  tasks.o(i.prvAddNewTaskToReadyList)
    i.prvCheckForValidListAndQueue           0x080023f8   Section        0  timers.o(i.prvCheckForValidListAndQueue)
    prvCheckForValidListAndQueue             0x080023f9   Thumb Code    72  timers.o(i.prvCheckForValidListAndQueue)
    i.prvCopyDataFromQueue                   0x08002450   Section        0  queue.o(i.prvCopyDataFromQueue)
    prvCopyDataFromQueue                     0x08002451   Thumb Code    38  queue.o(i.prvCopyDataFromQueue)
    i.prvCopyDataToQueue                     0x08002476   Section        0  queue.o(i.prvCopyDataToQueue)
    prvCopyDataToQueue                       0x08002477   Thumb Code   108  queue.o(i.prvCopyDataToQueue)
    i.prvDeleteTCB                           0x080024e2   Section        0  tasks.o(i.prvDeleteTCB)
    prvDeleteTCB                             0x080024e3   Thumb Code    52  tasks.o(i.prvDeleteTCB)
    i.prvHeapInit                            0x08002518   Section        0  heap_4.o(i.prvHeapInit)
    prvHeapInit                              0x08002519   Thumb Code    66  heap_4.o(i.prvHeapInit)
    i.prvIdleTask                            0x08002564   Section        0  tasks.o(i.prvIdleTask)
    prvIdleTask                              0x08002565   Thumb Code    82  tasks.o(i.prvIdleTask)
    i.prvInitialiseNewQueue                  0x080025c4   Section        0  queue.o(i.prvInitialiseNewQueue)
    prvInitialiseNewQueue                    0x080025c5   Thumb Code    34  queue.o(i.prvInitialiseNewQueue)
    i.prvInitialiseNewTask                   0x080025e8   Section        0  tasks.o(i.prvInitialiseNewTask)
    prvInitialiseNewTask                     0x080025e9   Thumb Code   176  tasks.o(i.prvInitialiseNewTask)
    i.prvInsertBlockIntoFreeList             0x08002698   Section        0  heap_4.o(i.prvInsertBlockIntoFreeList)
    prvInsertBlockIntoFreeList               0x08002699   Thumb Code    72  heap_4.o(i.prvInsertBlockIntoFreeList)
    i.prvInsertTimerInActiveList             0x080026e4   Section        0  timers.o(i.prvInsertTimerInActiveList)
    prvInsertTimerInActiveList               0x080026e5   Thumb Code    52  timers.o(i.prvInsertTimerInActiveList)
    i.prvIsQueueEmpty                        0x0800271c   Section        0  queue.o(i.prvIsQueueEmpty)
    prvIsQueueEmpty                          0x0800271d   Thumb Code    28  queue.o(i.prvIsQueueEmpty)
    i.prvProcessReceivedCommands             0x08002738   Section        0  timers.o(i.prvProcessReceivedCommands)
    prvProcessReceivedCommands               0x08002739   Thumb Code   248  timers.o(i.prvProcessReceivedCommands)
    i.prvProcessTimerOrBlockTask             0x08002834   Section        0  timers.o(i.prvProcessTimerOrBlockTask)
    prvProcessTimerOrBlockTask               0x08002835   Thumb Code   182  timers.o(i.prvProcessTimerOrBlockTask)
    i.prvResetNextTaskUnblockTime            0x080028f4   Section        0  tasks.o(i.prvResetNextTaskUnblockTime)
    prvResetNextTaskUnblockTime              0x080028f5   Thumb Code    26  tasks.o(i.prvResetNextTaskUnblockTime)
    i.prvSampleTimeNow                       0x08002914   Section        0  timers.o(i.prvSampleTimeNow)
    prvSampleTimeNow                         0x08002915   Thumb Code    36  timers.o(i.prvSampleTimeNow)
    i.prvSwitchTimerLists                    0x0800293c   Section        0  timers.o(i.prvSwitchTimerLists)
    prvSwitchTimerLists                      0x0800293d   Thumb Code   104  timers.o(i.prvSwitchTimerLists)
    i.prvTaskExitError                       0x080029a8   Section        0  port.o(i.prvTaskExitError)
    prvTaskExitError                         0x080029a9   Thumb Code    36  port.o(i.prvTaskExitError)
    i.prvTimerTask                           0x080029d0   Section        0  timers.o(i.prvTimerTask)
    prvTimerTask                             0x080029d1   Thumb Code    32  timers.o(i.prvTimerTask)
    i.prvUnlockQueue                         0x080029f4   Section        0  queue.o(i.prvUnlockQueue)
    prvUnlockQueue                           0x080029f5   Thumb Code   106  queue.o(i.prvUnlockQueue)
    i.pvPortMalloc                           0x08002a60   Section        0  heap_4.o(i.pvPortMalloc)
    i.pxPortInitialiseStack                  0x08002b3c   Section        0  port.o(i.pxPortInitialiseStack)
    i.sensor_task                            0x08002b60   Section        0  main.o(i.sensor_task)
    i.sensor_task_handler                    0x08002b64   Section        0  app.o(i.sensor_task_handler)
    i.uxListRemove                           0x08002ba0   Section        0  list.o(i.uxListRemove)
    i.vApplicationGetIdleTaskMemory          0x08002bc8   Section        0  cmsis_os2.o(i.vApplicationGetIdleTaskMemory)
    i.vApplicationGetTimerTaskMemory         0x08002bdc   Section        0  cmsis_os2.o(i.vApplicationGetTimerTaskMemory)
    i.vListInitialise                        0x08002bf4   Section        0  list.o(i.vListInitialise)
    i.vListInitialiseItem                    0x08002c0a   Section        0  list.o(i.vListInitialiseItem)
    i.vListInsert                            0x08002c10   Section        0  list.o(i.vListInsert)
    i.vListInsertEnd                         0x08002c40   Section        0  list.o(i.vListInsertEnd)
    i.vPortEnterCritical                     0x08002c58   Section        0  port.o(i.vPortEnterCritical)
    i.vPortExitCritical                      0x08002c98   Section        0  port.o(i.vPortExitCritical)
    i.vPortFree                              0x08002cc0   Section        0  heap_4.o(i.vPortFree)
    i.vPortSetupTimerInterrupt               0x08002d24   Section        0  port.o(i.vPortSetupTimerInterrupt)
    i.vPortValidateInterruptPriority         0x08002d48   Section        0  port.o(i.vPortValidateInterruptPriority)
    i.vQueueAddToRegistry                    0x08002d9c   Section        0  queue.o(i.vQueueAddToRegistry)
    i.vQueueWaitForMessageRestricted         0x08002dc4   Section        0  queue.o(i.vQueueWaitForMessageRestricted)
    i.vTaskDelay                             0x08002e08   Section        0  tasks.o(i.vTaskDelay)
    i.vTaskDelayUntil                        0x08002e54   Section        0  tasks.o(i.vTaskDelayUntil)
    i.vTaskInternalSetTimeOutState           0x08002ee0   Section        0  tasks.o(i.vTaskInternalSetTimeOutState)
    i.vTaskMissedYield                       0x08002ef0   Section        0  tasks.o(i.vTaskMissedYield)
    i.vTaskPlaceOnEventList                  0x08002efc   Section        0  tasks.o(i.vTaskPlaceOnEventList)
    i.vTaskPlaceOnEventListRestricted        0x08002f2c   Section        0  tasks.o(i.vTaskPlaceOnEventListRestricted)
    i.vTaskStartScheduler                    0x08002f64   Section        0  tasks.o(i.vTaskStartScheduler)
    i.vTaskSuspendAll                        0x08002fec   Section        0  tasks.o(i.vTaskSuspendAll)
    i.vTaskSwitchContext                     0x08002ffc   Section        0  tasks.o(i.vTaskSwitchContext)
    i.xPortStartScheduler                    0x08003060   Section        0  port.o(i.xPortStartScheduler)
    i.xPortSysTickHandler                    0x08003108   Section        0  port.o(i.xPortSysTickHandler)
    i.xQueueGenericCreateStatic              0x08003134   Section        0  queue.o(i.xQueueGenericCreateStatic)
    i.xQueueGenericReset                     0x0800319c   Section        0  queue.o(i.xQueueGenericReset)
    i.xQueueGenericSend                      0x08003224   Section        0  queue.o(i.xQueueGenericSend)
    i.xQueueGenericSendFromISR               0x08003384   Section        0  queue.o(i.xQueueGenericSendFromISR)
    i.xQueueReceive                          0x08003444   Section        0  queue.o(i.xQueueReceive)
    i.xTaskCheckForTimeOut                   0x0800357c   Section        0  tasks.o(i.xTaskCheckForTimeOut)
    i.xTaskCreate                            0x080035f0   Section        0  tasks.o(i.xTaskCreate)
    i.xTaskCreateStatic                      0x0800364a   Section        0  tasks.o(i.xTaskCreateStatic)
    i.xTaskGetSchedulerState                 0x080036a0   Section        0  tasks.o(i.xTaskGetSchedulerState)
    i.xTaskGetTickCount                      0x080036bc   Section        0  tasks.o(i.xTaskGetTickCount)
    i.xTaskIncrementTick                     0x080036c8   Section        0  tasks.o(i.xTaskIncrementTick)
    i.xTaskPriorityDisinherit                0x08003790   Section        0  tasks.o(i.xTaskPriorityDisinherit)
    i.xTaskRemoveFromEventList               0x08003810   Section        0  tasks.o(i.xTaskRemoveFromEventList)
    i.xTaskResumeAll                         0x08003880   Section        0  tasks.o(i.xTaskResumeAll)
    i.xTimerCreateTimerTask                  0x08003944   Section        0  timers.o(i.xTimerCreateTimerTask)
    i.xTimerGenericCommand                   0x080039a4   Section        0  timers.o(i.xTimerGenericCommand)
    .constdata                               0x08003a0c   Section       36  freertos.o(.constdata)
    .constdata                               0x08003a30   Section       18  stm32f1xx_hal_rcc.o(.constdata)
    aPredivFactorTable                       0x08003a30   Data           2  stm32f1xx_hal_rcc.o(.constdata)
    aPLLMULFactorTable                       0x08003a32   Data          16  stm32f1xx_hal_rcc.o(.constdata)
    .constdata                               0x08003a42   Section       16  system_stm32f1xx.o(.constdata)
    .constdata                               0x08003a52   Section        8  system_stm32f1xx.o(.constdata)
    .conststring                             0x08003a5c   Section       12  freertos.o(.conststring)
    .data                                    0x20000000   Section        2  app.o(.data)
    .data                                    0x20000002   Section        5  dht22.o(.data)
    buffer                                   0x20000002   Data           5  dht22.o(.data)
    .data                                    0x20000008   Section        4  freertos.o(.data)
    .data                                    0x2000000c   Section       12  stm32f1xx_hal.o(.data)
    .data                                    0x20000018   Section        4  system_stm32f1xx.o(.data)
    .data                                    0x2000001c   Section       60  tasks.o(.data)
    uxDeletedTasksWaitingCleanUp             0x20000020   Data           4  tasks.o(.data)
    uxCurrentNumberOfTasks                   0x20000024   Data           4  tasks.o(.data)
    xTickCount                               0x20000028   Data           4  tasks.o(.data)
    uxTopReadyPriority                       0x2000002c   Data           4  tasks.o(.data)
    xSchedulerRunning                        0x20000030   Data           4  tasks.o(.data)
    xPendedTicks                             0x20000034   Data           4  tasks.o(.data)
    xYieldPending                            0x20000038   Data           4  tasks.o(.data)
    xNumOfOverflows                          0x2000003c   Data           4  tasks.o(.data)
    uxTaskNumber                             0x20000040   Data           4  tasks.o(.data)
    xNextTaskUnblockTime                     0x20000044   Data           4  tasks.o(.data)
    xIdleTaskHandle                          0x20000048   Data           4  tasks.o(.data)
    uxSchedulerSuspended                     0x2000004c   Data           4  tasks.o(.data)
    pxDelayedTaskList                        0x20000050   Data           4  tasks.o(.data)
    pxOverflowDelayedTaskList                0x20000054   Data           4  tasks.o(.data)
    .data                                    0x20000058   Section       20  timers.o(.data)
    xTimerQueue                              0x20000058   Data           4  timers.o(.data)
    xTimerTaskHandle                         0x2000005c   Data           4  timers.o(.data)
    xLastTime                                0x20000060   Data           4  timers.o(.data)
    pxCurrentTimerList                       0x20000064   Data           4  timers.o(.data)
    pxOverflowTimerList                      0x20000068   Data           4  timers.o(.data)
    .data                                    0x2000006c   Section        4  cmsis_os2.o(.data)
    KernelState                              0x2000006c   Data           4  cmsis_os2.o(.data)
    .data                                    0x20000070   Section       32  heap_4.o(.data)
    pxEnd                                    0x20000070   Data           4  heap_4.o(.data)
    xFreeBytesRemaining                      0x20000074   Data           4  heap_4.o(.data)
    xMinimumEverFreeBytesRemaining           0x20000078   Data           4  heap_4.o(.data)
    xNumberOfSuccessfulAllocations           0x2000007c   Data           4  heap_4.o(.data)
    xNumberOfSuccessfulFrees                 0x20000080   Data           4  heap_4.o(.data)
    xBlockAllocatedBit                       0x20000084   Data           4  heap_4.o(.data)
    xStart                                   0x20000088   Data           8  heap_4.o(.data)
    .data                                    0x20000090   Section       12  port.o(.data)
    ucMaxSysCallPriority                     0x20000090   Data           1  port.o(.data)
    uxCriticalNesting                        0x20000094   Data           4  port.o(.data)
    ulMaxPRIGROUPValue                       0x20000098   Data           4  port.o(.data)
    .bss                                     0x2000009c   Section      140  tim.o(.bss)
    .bss                                     0x20000128   Section      140  usart.o(.bss)
    .bss                                     0x200001b4   Section       72  stm32f1xx_hal_timebase_tim.o(.bss)
    .bss                                     0x200001fc   Section       64  queue.o(.bss)
    .bss                                     0x2000023c   Section     1220  tasks.o(.bss)
    pxReadyTasksLists                        0x2000023c   Data        1120  tasks.o(.bss)
    xDelayedTaskList1                        0x2000069c   Data          20  tasks.o(.bss)
    xDelayedTaskList2                        0x200006b0   Data          20  tasks.o(.bss)
    xPendingReadyList                        0x200006c4   Data          20  tasks.o(.bss)
    xTasksWaitingTermination                 0x200006d8   Data          20  tasks.o(.bss)
    xSuspendedTaskList                       0x200006ec   Data          20  tasks.o(.bss)
    .bss                                     0x20000700   Section      280  timers.o(.bss)
    xStaticTimerQueue                        0x20000700   Data          80  timers.o(.bss)
    ucStaticTimerQueueStorage                0x20000750   Data         160  timers.o(.bss)
    xActiveTimerList1                        0x200007f0   Data          20  timers.o(.bss)
    xActiveTimerList2                        0x20000804   Data          20  timers.o(.bss)
    .bss                                     0x20000818   Section     1720  cmsis_os2.o(.bss)
    Idle_TCB                                 0x20000818   Data          92  cmsis_os2.o(.bss)
    Idle_Stack                               0x20000874   Data         512  cmsis_os2.o(.bss)
    Timer_TCB                                0x20000a74   Data          92  cmsis_os2.o(.bss)
    Timer_Stack                              0x20000ad0   Data        1024  cmsis_os2.o(.bss)
    .bss                                     0x20000ed0   Section     3072  heap_4.o(.bss)
    ucHeap                                   0x20000ed0   Data        3072  heap_4.o(.bss)
    .bss                                     0x20001ad0   Section       96  libspace.o(.bss)
    HEAP                                     0x20001b30   Section      512  startup_stm32f103xb.o(HEAP)
    Heap_Mem                                 0x20001b30   Data         512  startup_stm32f103xb.o(HEAP)
    STACK                                    0x20001d30   Section     1024  startup_stm32f103xb.o(STACK)
    Stack_Mem                                0x20001d30   Data        1024  startup_stm32f103xb.o(STACK)
    __initial_sp                             0x20002130   Data           0  startup_stm32f103xb.o(STACK)

    Global Symbols

    Symbol Name                              Value     Ov Type        Size  Object(Section)

    BuildAttributes$$THM_ISAv4$P$D$K$B$S$PE$A:L22UL41UL21$X:L11$S22US41US21$IEEE1$IW$USESV6$~STKCKD$USESV7$~SHL$OSPACE$ROPI$EBA8$UX$STANDARDLIB$REQ8$PRES8$EABIv2 0x00000000   Number         0  anon$$obj.o ABSOLUTE
    __ARM_use_no_argv                        0x00000000   Number         0  main.o ABSOLUTE
    __ARM_exceptions_init                     - Undefined Weak Reference
    __alloca_initialize                       - Undefined Weak Reference
    __arm_fini_                               - Undefined Weak Reference
    __arm_preinit_                            - Undefined Weak Reference
    __cpp_initialize__aeabi_                  - Undefined Weak Reference
    __cxa_finalize                            - Undefined Weak Reference
    __rt_locale                               - Undefined Weak Reference
    __sigvec_lookup                           - Undefined Weak Reference
    _atexit_init                              - Undefined Weak Reference
    _call_atexit_fns                          - Undefined Weak Reference
    _clock_init                               - Undefined Weak Reference
    _fp_trap_init                             - Undefined Weak Reference
    _fp_trap_shutdown                         - Undefined Weak Reference
    _get_lc_collate                           - Undefined Weak Reference
    _get_lc_ctype                             - Undefined Weak Reference
    _get_lc_monetary                          - Undefined Weak Reference
    _get_lc_numeric                           - Undefined Weak Reference
    _get_lc_time                              - Undefined Weak Reference
    _getenv_init                              - Undefined Weak Reference
    _handle_redirection                       - Undefined Weak Reference
    _init_alloc                               - Undefined Weak Reference
    _init_user_alloc                          - Undefined Weak Reference
    _initio                                   - Undefined Weak Reference
    _rand_init                                - Undefined Weak Reference
    _signal_finish                            - Undefined Weak Reference
    _signal_init                              - Undefined Weak Reference
    _terminate_alloc                          - Undefined Weak Reference
    _terminate_user_alloc                     - Undefined Weak Reference
    _terminateio                              - Undefined Weak Reference
    __Vectors_Size                           0x000000ec   Number         0  startup_stm32f103xb.o ABSOLUTE
    __Vectors                                0x08000000   Data           4  startup_stm32f103xb.o(RESET)
    __Vectors_End                            0x080000ec   Data           0  startup_stm32f103xb.o(RESET)
    __main                                   0x080000ed   Thumb Code     8  __main.o(!!!main)
    __scatterload                            0x080000f5   Thumb Code     0  __scatter.o(!!!scatter)
    __scatterload_rt2                        0x080000f5   Thumb Code    44  __scatter.o(!!!scatter)
    __scatterload_rt2_thumb_only             0x080000f5   Thumb Code     0  __scatter.o(!!!scatter)
    __scatterload_null                       0x08000103   Thumb Code     0  __scatter.o(!!!scatter)
    __scatterload_copy                       0x08000129   Thumb Code    26  __scatter_copy.o(!!handler_copy)
    __scatterload_zeroinit                   0x08000145   Thumb Code    28  __scatter_zi.o(!!handler_zi)
    __rt_lib_init                            0x08000161   Thumb Code     0  libinit.o(.ARM.Collect$$libinit$$00000000)
    __rt_lib_init_alloca_1                   0x08000163   Thumb Code     0  libinit2.o(.ARM.Collect$$libinit$$0000002E)
    __rt_lib_init_argv_1                     0x08000163   Thumb Code     0  libinit2.o(.ARM.Collect$$libinit$$0000002C)
    __rt_lib_init_atexit_1                   0x08000163   Thumb Code     0  libinit2.o(.ARM.Collect$$libinit$$0000001B)
    __rt_lib_init_clock_1                    0x08000163   Thumb Code     0  libinit2.o(.ARM.Collect$$libinit$$00000021)
    __rt_lib_init_cpp_1                      0x08000163   Thumb Code     0  libinit2.o(.ARM.Collect$$libinit$$00000032)
    __rt_lib_init_exceptions_1               0x08000163   Thumb Code     0  libinit2.o(.ARM.Collect$$libinit$$00000030)
    __rt_lib_init_fp_1                       0x08000163   Thumb Code     0  libinit2.o(.ARM.Collect$$libinit$$00000002)
    __rt_lib_init_fp_trap_1                  0x08000163   Thumb Code     0  libinit2.o(.ARM.Collect$$libinit$$0000001F)
    __rt_lib_init_getenv_1                   0x08000163   Thumb Code     0  libinit2.o(.ARM.Collect$$libinit$$00000023)
    __rt_lib_init_heap_1                     0x08000163   Thumb Code     0  libinit2.o(.ARM.Collect$$libinit$$0000000A)
    __rt_lib_init_lc_collate_1               0x08000163   Thumb Code     0  libinit2.o(.ARM.Collect$$libinit$$00000011)
    __rt_lib_init_lc_ctype_1                 0x08000163   Thumb Code     0  libinit2.o(.ARM.Collect$$libinit$$00000013)
    __rt_lib_init_lc_monetary_1              0x08000163   Thumb Code     0  libinit2.o(.ARM.Collect$$libinit$$00000015)
    __rt_lib_init_lc_numeric_1               0x08000163   Thumb Code     0  libinit2.o(.ARM.Collect$$libinit$$00000017)
    __rt_lib_init_lc_time_1                  0x08000163   Thumb Code     0  libinit2.o(.ARM.Collect$$libinit$$00000019)
    __rt_lib_init_preinit_1                  0x08000163   Thumb Code     0  libinit2.o(.ARM.Collect$$libinit$$00000004)
    __rt_lib_init_rand_1                     0x08000163   Thumb Code     0  libinit2.o(.ARM.Collect$$libinit$$0000000E)
    __rt_lib_init_return                     0x08000163   Thumb Code     0  libinit2.o(.ARM.Collect$$libinit$$00000033)
    __rt_lib_init_signal_1                   0x08000163   Thumb Code     0  libinit2.o(.ARM.Collect$$libinit$$0000001D)
    __rt_lib_init_stdio_1                    0x08000163   Thumb Code     0  libinit2.o(.ARM.Collect$$libinit$$00000025)
    __rt_lib_init_user_alloc_1               0x08000163   Thumb Code     0  libinit2.o(.ARM.Collect$$libinit$$0000000C)
    __rt_lib_shutdown                        0x08000165   Thumb Code     0  libshutdown.o(.ARM.Collect$$libshutdown$$00000000)
    __rt_lib_shutdown_cpp_1                  0x08000167   Thumb Code     0  libshutdown2.o(.ARM.Collect$$libshutdown$$00000004)
    __rt_lib_shutdown_fini_1                 0x08000167   Thumb Code     0  libshutdown2.o(.ARM.Collect$$libshutdown$$00000002)
    __rt_lib_shutdown_fp_trap_1              0x08000167   Thumb Code     0  libshutdown2.o(.ARM.Collect$$libshutdown$$00000009)
    __rt_lib_shutdown_heap_1                 0x08000167   Thumb Code     0  libshutdown2.o(.ARM.Collect$$libshutdown$$00000011)
    __rt_lib_shutdown_return                 0x08000167   Thumb Code     0  libshutdown2.o(.ARM.Collect$$libshutdown$$00000012)
    __rt_lib_shutdown_signal_1               0x08000167   Thumb Code     0  libshutdown2.o(.ARM.Collect$$libshutdown$$0000000C)
    __rt_lib_shutdown_stdio_1                0x08000167   Thumb Code     0  libshutdown2.o(.ARM.Collect$$libshutdown$$00000006)
    __rt_lib_shutdown_user_alloc_1           0x08000167   Thumb Code     0  libshutdown2.o(.ARM.Collect$$libshutdown$$0000000E)
    __rt_entry                               0x08000169   Thumb Code     0  __rtentry.o(.ARM.Collect$$rtentry$$00000000)
    __rt_entry_presh_1                       0x08000169   Thumb Code     0  __rtentry2.o(.ARM.Collect$$rtentry$$00000002)
    __rt_entry_sh                            0x08000169   Thumb Code     0  __rtentry4.o(.ARM.Collect$$rtentry$$00000004)
    __rt_entry_li                            0x0800016f   Thumb Code     0  __rtentry2.o(.ARM.Collect$$rtentry$$0000000A)
    __rt_entry_postsh_1                      0x0800016f   Thumb Code     0  __rtentry2.o(.ARM.Collect$$rtentry$$00000009)
    __rt_entry_main                          0x08000173   Thumb Code     0  __rtentry2.o(.ARM.Collect$$rtentry$$0000000D)
    __rt_entry_postli_1                      0x08000173   Thumb Code     0  __rtentry2.o(.ARM.Collect$$rtentry$$0000000C)
    __rt_exit                                0x0800017b   Thumb Code     0  rtexit.o(.ARM.Collect$$rtexit$$00000000)
    __rt_exit_ls                             0x0800017d   Thumb Code     0  rtexit2.o(.ARM.Collect$$rtexit$$00000003)
    __rt_exit_prels_1                        0x0800017d   Thumb Code     0  rtexit2.o(.ARM.Collect$$rtexit$$00000002)
    __rt_exit_exit                           0x08000181   Thumb Code     0  rtexit2.o(.ARM.Collect$$rtexit$$00000004)
    SVC_Handler                              0x08000189   Thumb Code    32  port.o(.emb_text)
    __asm___6_port_c_39a90d8d__prvStartFirstTask 0x080001ad   Thumb Code    28  port.o(.emb_text)
    PendSV_Handler                           0x080001cd   Thumb Code    72  port.o(.emb_text)
    vPortGetIPSR                             0x08000219   Thumb Code     6  port.o(.emb_text)
    Reset_Handler                            0x08000221   Thumb Code     8  startup_stm32f103xb.o(.text)
    ADC1_2_IRQHandler                        0x0800023b   Thumb Code     0  startup_stm32f103xb.o(.text)
    CAN1_RX1_IRQHandler                      0x0800023b   Thumb Code     0  startup_stm32f103xb.o(.text)
    CAN1_SCE_IRQHandler                      0x0800023b   Thumb Code     0  startup_stm32f103xb.o(.text)
    DMA1_Channel2_IRQHandler                 0x0800023b   Thumb Code     0  startup_stm32f103xb.o(.text)
    DMA1_Channel3_IRQHandler                 0x0800023b   Thumb Code     0  startup_stm32f103xb.o(.text)
    DMA1_Channel4_IRQHandler                 0x0800023b   Thumb Code     0  startup_stm32f103xb.o(.text)
    DMA1_Channel6_IRQHandler                 0x0800023b   Thumb Code     0  startup_stm32f103xb.o(.text)
    DMA1_Channel7_IRQHandler                 0x0800023b   Thumb Code     0  startup_stm32f103xb.o(.text)
    EXTI0_IRQHandler                         0x0800023b   Thumb Code     0  startup_stm32f103xb.o(.text)
    EXTI15_10_IRQHandler                     0x0800023b   Thumb Code     0  startup_stm32f103xb.o(.text)
    EXTI1_IRQHandler                         0x0800023b   Thumb Code     0  startup_stm32f103xb.o(.text)
    EXTI2_IRQHandler                         0x0800023b   Thumb Code     0  startup_stm32f103xb.o(.text)
    EXTI3_IRQHandler                         0x0800023b   Thumb Code     0  startup_stm32f103xb.o(.text)
    EXTI4_IRQHandler                         0x0800023b   Thumb Code     0  startup_stm32f103xb.o(.text)
    EXTI9_5_IRQHandler                       0x0800023b   Thumb Code     0  startup_stm32f103xb.o(.text)
    FLASH_IRQHandler                         0x0800023b   Thumb Code     0  startup_stm32f103xb.o(.text)
    I2C1_ER_IRQHandler                       0x0800023b   Thumb Code     0  startup_stm32f103xb.o(.text)
    I2C1_EV_IRQHandler                       0x0800023b   Thumb Code     0  startup_stm32f103xb.o(.text)
    I2C2_ER_IRQHandler                       0x0800023b   Thumb Code     0  startup_stm32f103xb.o(.text)
    I2C2_EV_IRQHandler                       0x0800023b   Thumb Code     0  startup_stm32f103xb.o(.text)
    PVD_IRQHandler                           0x0800023b   Thumb Code     0  startup_stm32f103xb.o(.text)
    RCC_IRQHandler                           0x0800023b   Thumb Code     0  startup_stm32f103xb.o(.text)
    RTC_Alarm_IRQHandler                     0x0800023b   Thumb Code     0  startup_stm32f103xb.o(.text)
    RTC_IRQHandler                           0x0800023b   Thumb Code     0  startup_stm32f103xb.o(.text)
    SPI1_IRQHandler                          0x0800023b   Thumb Code     0  startup_stm32f103xb.o(.text)
    SPI2_IRQHandler                          0x0800023b   Thumb Code     0  startup_stm32f103xb.o(.text)
    TAMPER_IRQHandler                        0x0800023b   Thumb Code     0  startup_stm32f103xb.o(.text)
    TIM1_BRK_IRQHandler                      0x0800023b   Thumb Code     0  startup_stm32f103xb.o(.text)
    TIM1_CC_IRQHandler                       0x0800023b   Thumb Code     0  startup_stm32f103xb.o(.text)
    TIM1_TRG_COM_IRQHandler                  0x0800023b   Thumb Code     0  startup_stm32f103xb.o(.text)
    TIM2_IRQHandler                          0x0800023b   Thumb Code     0  startup_stm32f103xb.o(.text)
    TIM3_IRQHandler                          0x0800023b   Thumb Code     0  startup_stm32f103xb.o(.text)
    TIM4_IRQHandler                          0x0800023b   Thumb Code     0  startup_stm32f103xb.o(.text)
    USART2_IRQHandler                        0x0800023b   Thumb Code     0  startup_stm32f103xb.o(.text)
    USART3_IRQHandler                        0x0800023b   Thumb Code     0  startup_stm32f103xb.o(.text)
    USBWakeUp_IRQHandler                     0x0800023b   Thumb Code     0  startup_stm32f103xb.o(.text)
    USB_HP_CAN1_TX_IRQHandler                0x0800023b   Thumb Code     0  startup_stm32f103xb.o(.text)
    USB_LP_CAN1_RX0_IRQHandler               0x0800023b   Thumb Code     0  startup_stm32f103xb.o(.text)
    WWDG_IRQHandler                          0x0800023b   Thumb Code     0  startup_stm32f103xb.o(.text)
    __user_initial_stackheap                 0x0800023d   Thumb Code     0  startup_stm32f103xb.o(.text)
    __aeabi_memcpy                           0x08000261   Thumb Code     0  rt_memcpy_v6.o(.text)
    __rt_memcpy                              0x08000261   Thumb Code   138  rt_memcpy_v6.o(.text)
    _memcpy_lastbytes                        0x080002c7   Thumb Code     0  rt_memcpy_v6.o(.text)
    __aeabi_memset                           0x080002eb   Thumb Code    16  aeabi_memset.o(.text)
    __aeabi_memclr4                          0x080002fb   Thumb Code     0  rt_memclr_w.o(.text)
    __aeabi_memclr8                          0x080002fb   Thumb Code     0  rt_memclr_w.o(.text)
    __rt_memclr_w                            0x080002fb   Thumb Code    78  rt_memclr_w.o(.text)
    _memset_w                                0x080002ff   Thumb Code     0  rt_memclr_w.o(.text)
    __use_two_region_memory                  0x08000349   Thumb Code     2  heapauxi.o(.text)
    __rt_heap_escrow$2region                 0x0800034b   Thumb Code     2  heapauxi.o(.text)
    __rt_heap_expand$2region                 0x0800034d   Thumb Code     2  heapauxi.o(.text)
    __aeabi_memcpy4                          0x0800034f   Thumb Code     0  rt_memcpy_w.o(.text)
    __aeabi_memcpy8                          0x0800034f   Thumb Code     0  rt_memcpy_w.o(.text)
    __rt_memcpy_w                            0x0800034f   Thumb Code   100  rt_memcpy_w.o(.text)
    _memcpy_lastbytes_aligned                0x08000397   Thumb Code     0  rt_memcpy_w.o(.text)
    __aeabi_memclr                           0x080003b3   Thumb Code     0  rt_memclr.o(.text)
    __rt_memclr                              0x080003b3   Thumb Code    68  rt_memclr.o(.text)
    _memset                                  0x080003b7   Thumb Code     0  rt_memclr.o(.text)
    __user_setup_stackheap                   0x080003f7   Thumb Code    74  sys_stackheap_outer.o(.text)
    exit                                     0x08000441   Thumb Code    18  exit.o(.text)
    __user_libspace                          0x08000455   Thumb Code     8  libspace.o(.text)
    __user_perproc_libspace                  0x08000455   Thumb Code     0  libspace.o(.text)
    __user_perthread_libspace                0x08000455   Thumb Code     0  libspace.o(.text)
    _sys_exit                                0x0800045d   Thumb Code     8  sys_exit.o(.text)
    __I$use$semihosting                      0x08000469   Thumb Code     0  use_no_semi.o(.text)
    __use_no_semihosting_swi                 0x08000469   Thumb Code     2  use_no_semi.o(.text)
    BusFault_Handler                         0x0800046b   Thumb Code     2  stm32f1xx_it.o(i.BusFault_Handler)
    __semihosting_library_function           0x0800046b   Thumb Code     0  indicate_semi.o(.text)
    DHT22_ReadValue                          0x080005f9   Thumb Code   100  dht22.o(i.DHT22_ReadValue)
    DMA1_Channel1_IRQHandler                 0x080006b9   Thumb Code     6  stm32f1xx_it.o(i.DMA1_Channel1_IRQHandler)
    DMA1_Channel5_IRQHandler                 0x080006c5   Thumb Code     6  stm32f1xx_it.o(i.DMA1_Channel5_IRQHandler)
    DWT_Init                                 0x080006d1   Thumb Code    26  main.o(i.DWT_Init)
    DebugMon_Handler                         0x080006f5   Thumb Code     2  stm32f1xx_it.o(i.DebugMon_Handler)
    Error_Handler                            0x080006f7   Thumb Code     4  main.o(i.Error_Handler)
    HAL_DMA_Abort                            0x080006fb   Thumb Code    70  stm32f1xx_hal_dma.o(i.HAL_DMA_Abort)
    HAL_DMA_Abort_IT                         0x08000741   Thumb Code   148  stm32f1xx_hal_dma.o(i.HAL_DMA_Abort_IT)
    HAL_DMA_IRQHandler                       0x080007d9   Thumb Code   316  stm32f1xx_hal_dma.o(i.HAL_DMA_IRQHandler)
    HAL_DMA_Init                             0x0800092d   Thumb Code    84  stm32f1xx_hal_dma.o(i.HAL_DMA_Init)
    HAL_GPIO_Init                            0x08000989   Thumb Code   446  stm32f1xx_hal_gpio.o(i.HAL_GPIO_Init)
    HAL_GPIO_ReadPin                         0x08000b69   Thumb Code    10  stm32f1xx_hal_gpio.o(i.HAL_GPIO_ReadPin)
    HAL_GPIO_TogglePin                       0x08000b73   Thumb Code    16  stm32f1xx_hal_gpio.o(i.HAL_GPIO_TogglePin)
    HAL_GPIO_WritePin                        0x08000b83   Thumb Code    10  stm32f1xx_hal_gpio.o(i.HAL_GPIO_WritePin)
    HAL_GetTick                              0x08000b8d   Thumb Code     6  stm32f1xx_hal.o(i.HAL_GetTick)
    HAL_IncTick                              0x08000b99   Thumb Code    12  stm32f1xx_hal.o(i.HAL_IncTick)
    HAL_Init                                 0x08000ba9   Thumb Code    32  stm32f1xx_hal.o(i.HAL_Init)
    HAL_InitTick                             0x08000bcd   Thumb Code   118  stm32f1xx_hal_timebase_tim.o(i.HAL_InitTick)
    HAL_MspInit                              0x08000c59   Thumb Code    62  stm32f1xx_hal_msp.o(i.HAL_MspInit)
    HAL_NVIC_EnableIRQ                       0x08000ca1   Thumb Code    26  stm32f1xx_hal_cortex.o(i.HAL_NVIC_EnableIRQ)
    HAL_NVIC_SetPriority                     0x08000cbd   Thumb Code    60  stm32f1xx_hal_cortex.o(i.HAL_NVIC_SetPriority)
    HAL_NVIC_SetPriorityGrouping             0x08000cfd   Thumb Code    26  stm32f1xx_hal_cortex.o(i.HAL_NVIC_SetPriorityGrouping)
    HAL_RCC_ClockConfig                      0x08000d21   Thumb Code   280  stm32f1xx_hal_rcc.o(i.HAL_RCC_ClockConfig)
    HAL_RCC_GetClockConfig                   0x08000e4d   Thumb Code    54  stm32f1xx_hal_rcc.o(i.HAL_RCC_GetClockConfig)
    HAL_RCC_GetPCLK1Freq                     0x08000e8d   Thumb Code    20  stm32f1xx_hal_rcc.o(i.HAL_RCC_GetPCLK1Freq)
    HAL_RCC_GetPCLK2Freq                     0x08000ead   Thumb Code    20  stm32f1xx_hal_rcc.o(i.HAL_RCC_GetPCLK2Freq)
    HAL_RCC_GetSysClockFreq                  0x08000ecd   Thumb Code    58  stm32f1xx_hal_rcc.o(i.HAL_RCC_GetSysClockFreq)
    HAL_RCC_OscConfig                        0x08000f19   Thumb Code   778  stm32f1xx_hal_rcc.o(i.HAL_RCC_OscConfig)
    HAL_TIMEx_BreakCallback                  0x08001239   Thumb Code     2  stm32f1xx_hal_tim_ex.o(i.HAL_TIMEx_BreakCallback)
    HAL_TIMEx_CommutCallback                 0x0800123b   Thumb Code     2  stm32f1xx_hal_tim_ex.o(i.HAL_TIMEx_CommutCallback)
    HAL_TIMEx_MasterConfigSynchronization    0x0800123d   Thumb Code    92  stm32f1xx_hal_tim_ex.o(i.HAL_TIMEx_MasterConfigSynchronization)
    HAL_TIM_Base_Init                        0x080012a5   Thumb Code    90  stm32f1xx_hal_tim.o(i.HAL_TIM_Base_Init)
    HAL_TIM_Base_MspInit                     0x08001301   Thumb Code    82  tim.o(i.HAL_TIM_Base_MspInit)
    HAL_TIM_Base_Start_IT                    0x08001361   Thumb Code    76  stm32f1xx_hal_tim.o(i.HAL_TIM_Base_Start_IT)
    HAL_TIM_ConfigClockSource                0x080013b9   Thumb Code   220  stm32f1xx_hal_tim.o(i.HAL_TIM_ConfigClockSource)
    HAL_TIM_IC_CaptureCallback               0x08001495   Thumb Code     2  stm32f1xx_hal_tim.o(i.HAL_TIM_IC_CaptureCallback)
    HAL_TIM_IRQHandler                       0x08001497   Thumb Code   304  stm32f1xx_hal_tim.o(i.HAL_TIM_IRQHandler)
    HAL_TIM_MspPostInit                      0x080015c9   Thumb Code    64  tim.o(i.HAL_TIM_MspPostInit)
    HAL_TIM_OC_DelayElapsedCallback          0x08001611   Thumb Code     2  stm32f1xx_hal_tim.o(i.HAL_TIM_OC_DelayElapsedCallback)
    HAL_TIM_PWM_ConfigChannel                0x08001613   Thumb Code   204  stm32f1xx_hal_tim.o(i.HAL_TIM_PWM_ConfigChannel)
    HAL_TIM_PWM_Init                         0x080016df   Thumb Code    90  stm32f1xx_hal_tim.o(i.HAL_TIM_PWM_Init)
    HAL_TIM_PWM_MspInit                      0x08001739   Thumb Code     2  stm32f1xx_hal_tim.o(i.HAL_TIM_PWM_MspInit)
    HAL_TIM_PWM_PulseFinishedCallback        0x0800173b   Thumb Code     2  stm32f1xx_hal_tim.o(i.HAL_TIM_PWM_PulseFinishedCallback)
    HAL_TIM_PeriodElapsedCallback            0x0800173d   Thumb Code    14  main.o(i.HAL_TIM_PeriodElapsedCallback)
    HAL_TIM_TriggerCallback                  0x08001751   Thumb Code     2  stm32f1xx_hal_tim.o(i.HAL_TIM_TriggerCallback)
    HAL_UARTEx_RxEventCallback               0x08001753   Thumb Code     2  stm32f1xx_hal_uart.o(i.HAL_UARTEx_RxEventCallback)
    HAL_UART_ErrorCallback                   0x08001755   Thumb Code     2  stm32f1xx_hal_uart.o(i.HAL_UART_ErrorCallback)
    HAL_UART_IRQHandler                      0x08001759   Thumb Code   616  stm32f1xx_hal_uart.o(i.HAL_UART_IRQHandler)
    HAL_UART_Init                            0x080019c5   Thumb Code   100  stm32f1xx_hal_uart.o(i.HAL_UART_Init)
    HAL_UART_MspInit                         0x08001a29   Thumb Code   158  usart.o(i.HAL_UART_MspInit)
    HAL_UART_RxCpltCallback                  0x08001add   Thumb Code     2  stm32f1xx_hal_uart.o(i.HAL_UART_RxCpltCallback)
    HAL_UART_TxCpltCallback                  0x08001adf   Thumb Code     2  stm32f1xx_hal_uart.o(i.HAL_UART_TxCpltCallback)
    HardFault_Handler                        0x08001ae1   Thumb Code     2  stm32f1xx_it.o(i.HardFault_Handler)
    MX_DMA_Init                              0x08001ae5   Thumb Code    56  dma.o(i.MX_DMA_Init)
    MX_FREERTOS_Init                         0x08001b21   Thumb Code    18  freertos.o(i.MX_FREERTOS_Init)
    MX_GPIO_Init                             0x08001b41   Thumb Code    62  gpio.o(i.MX_GPIO_Init)
    MX_TIM2_Init                             0x08001b89   Thumb Code   144  tim.o(i.MX_TIM2_Init)
    MX_USART1_UART_Init                      0x08001c1d   Thumb Code    48  usart.o(i.MX_USART1_UART_Init)
    MemManage_Handler                        0x08001c55   Thumb Code     2  stm32f1xx_it.o(i.MemManage_Handler)
    NMI_Handler                              0x08001c57   Thumb Code     2  stm32f1xx_it.o(i.NMI_Handler)
    StartDefaultTask                         0x08001c59   Thumb Code     8  freertos.o(i.StartDefaultTask)
    SysTick_Handler                          0x08001c61   Thumb Code    26  cmsis_os2.o(i.SysTick_Handler)
    SystemClock_Config                       0x08001c7b   Thumb Code    94  main.o(i.SystemClock_Config)
    SystemInit                               0x08001cd9   Thumb Code     2  system_stm32f1xx.o(i.SystemInit)
    TIM1_UP_IRQHandler                       0x08001cdd   Thumb Code     6  stm32f1xx_it.o(i.TIM1_UP_IRQHandler)
    TIM_Base_SetConfig                       0x08001ce9   Thumb Code   108  stm32f1xx_hal_tim.o(i.TIM_Base_SetConfig)
    TIM_ETR_SetConfig                        0x08001d61   Thumb Code    20  stm32f1xx_hal_tim.o(i.TIM_ETR_SetConfig)
    TIM_OC2_SetConfig                        0x08001dd5   Thumb Code    84  stm32f1xx_hal_tim.o(i.TIM_OC2_SetConfig)
    USART1_IRQHandler                        0x080020e9   Thumb Code     6  stm32f1xx_it.o(i.USART1_IRQHandler)
    UsageFault_Handler                       0x080020f5   Thumb Code     2  stm32f1xx_it.o(i.UsageFault_Handler)
    delay_us                                 0x08002119   Thumb Code    28  main.o(i.delay_us)
    led_task                                 0x08002141   Thumb Code     4  main.o(i.led_task)
    led_task_handler                         0x08002145   Thumb Code     2  app.o(i.led_task_handler)
    main                                     0x08002149   Thumb Code    94  main.o(i.main)
    osDelay                                  0x080021c9   Thumb Code    26  cmsis_os2.o(i.osDelay)
    osKernelInitialize                       0x080021e5   Thumb Code    32  cmsis_os2.o(i.osKernelInitialize)
    osKernelStart                            0x08002209   Thumb Code    48  cmsis_os2.o(i.osKernelStart)
    osThreadNew                              0x08002241   Thumb Code   138  cmsis_os2.o(i.osThreadNew)
    pvPortMalloc                             0x08002a61   Thumb Code   216  heap_4.o(i.pvPortMalloc)
    pxPortInitialiseStack                    0x08002b3d   Thumb Code    32  port.o(i.pxPortInitialiseStack)
    sensor_task                              0x08002b61   Thumb Code     4  main.o(i.sensor_task)
    sensor_task_handler                      0x08002b65   Thumb Code    50  app.o(i.sensor_task_handler)
    uxListRemove                             0x08002ba1   Thumb Code    38  list.o(i.uxListRemove)
    vApplicationGetIdleTaskMemory            0x08002bc9   Thumb Code    16  cmsis_os2.o(i.vApplicationGetIdleTaskMemory)
    vApplicationGetTimerTaskMemory           0x08002bdd   Thumb Code    18  cmsis_os2.o(i.vApplicationGetTimerTaskMemory)
    vListInitialise                          0x08002bf5   Thumb Code    22  list.o(i.vListInitialise)
    vListInitialiseItem                      0x08002c0b   Thumb Code     6  list.o(i.vListInitialiseItem)
    vListInsert                              0x08002c11   Thumb Code    48  list.o(i.vListInsert)
    vListInsertEnd                           0x08002c41   Thumb Code    24  list.o(i.vListInsertEnd)
    vPortEnterCritical                       0x08002c59   Thumb Code    54  port.o(i.vPortEnterCritical)
    vPortExitCritical                        0x08002c99   Thumb Code    34  port.o(i.vPortExitCritical)
    vPortFree                                0x08002cc1   Thumb Code    94  heap_4.o(i.vPortFree)
    vPortSetupTimerInterrupt                 0x08002d25   Thumb Code    32  port.o(i.vPortSetupTimerInterrupt)
    vPortValidateInterruptPriority           0x08002d49   Thumb Code    74  port.o(i.vPortValidateInterruptPriority)
    vQueueAddToRegistry                      0x08002d9d   Thumb Code    34  queue.o(i.vQueueAddToRegistry)
    vQueueWaitForMessageRestricted           0x08002dc5   Thumb Code    68  queue.o(i.vQueueWaitForMessageRestricted)
    vTaskDelay                               0x08002e09   Thumb Code    66  tasks.o(i.vTaskDelay)
    vTaskDelayUntil                          0x08002e55   Thumb Code   132  tasks.o(i.vTaskDelayUntil)
    vTaskInternalSetTimeOutState             0x08002ee1   Thumb Code    12  tasks.o(i.vTaskInternalSetTimeOutState)
    vTaskMissedYield                         0x08002ef1   Thumb Code     8  tasks.o(i.vTaskMissedYield)
    vTaskPlaceOnEventList                    0x08002efd   Thumb Code    44  tasks.o(i.vTaskPlaceOnEventList)
    vTaskPlaceOnEventListRestricted          0x08002f2d   Thumb Code    52  tasks.o(i.vTaskPlaceOnEventListRestricted)
    vTaskStartScheduler                      0x08002f65   Thumb Code   118  tasks.o(i.vTaskStartScheduler)
    vTaskSuspendAll                          0x08002fed   Thumb Code    10  tasks.o(i.vTaskSuspendAll)
    vTaskSwitchContext                       0x08002ffd   Thumb Code    90  tasks.o(i.vTaskSwitchContext)
    xPortStartScheduler                      0x08003061   Thumb Code   154  port.o(i.xPortStartScheduler)
    xPortSysTickHandler                      0x08003109   Thumb Code    38  port.o(i.xPortSysTickHandler)
    xQueueGenericCreateStatic                0x08003135   Thumb Code   102  queue.o(i.xQueueGenericCreateStatic)
    xQueueGenericReset                       0x0800319d   Thumb Code   132  queue.o(i.xQueueGenericReset)
    xQueueGenericSend                        0x08003225   Thumb Code   346  queue.o(i.xQueueGenericSend)
    xQueueGenericSendFromISR                 0x08003385   Thumb Code   190  queue.o(i.xQueueGenericSendFromISR)
    xQueueReceive                            0x08003445   Thumb Code   308  queue.o(i.xQueueReceive)
    xTaskCheckForTimeOut                     0x0800357d   Thumb Code   112  tasks.o(i.xTaskCheckForTimeOut)
    xTaskCreate                              0x080035f1   Thumb Code    90  tasks.o(i.xTaskCreate)
    xTaskCreateStatic                        0x0800364b   Thumb Code    86  tasks.o(i.xTaskCreateStatic)
    xTaskGetSchedulerState                   0x080036a1   Thumb Code    22  tasks.o(i.xTaskGetSchedulerState)
    xTaskGetTickCount                        0x080036bd   Thumb Code     6  tasks.o(i.xTaskGetTickCount)
    xTaskIncrementTick                       0x080036c9   Thumb Code   192  tasks.o(i.xTaskIncrementTick)
    xTaskPriorityDisinherit                  0x08003791   Thumb Code   118  tasks.o(i.xTaskPriorityDisinherit)
    xTaskRemoveFromEventList                 0x08003811   Thumb Code    98  tasks.o(i.xTaskRemoveFromEventList)
    xTaskResumeAll                           0x08003881   Thumb Code   182  tasks.o(i.xTaskResumeAll)
    xTimerCreateTimerTask                    0x08003945   Thumb Code    78  timers.o(i.xTimerCreateTimerTask)
    xTimerGenericCommand                     0x080039a5   Thumb Code    98  timers.o(i.xTimerGenericCommand)
    defaultTask_attributes                   0x08003a0c   Data          36  freertos.o(.constdata)
    AHBPrescTable                            0x08003a42   Data          16  system_stm32f1xx.o(.constdata)
    APBPrescTable                            0x08003a52   Data           8  system_stm32f1xx.o(.constdata)
    Region$$Table$$Base                      0x08003a68   Number         0  anon$$obj.o(Region$$Table)
    Region$$Table$$Limit                     0x08003a88   Number         0  anon$$obj.o(Region$$Table)
    dht22                                    0x20000000   Data           2  app.o(.data)
    defaultTaskHandle                        0x20000008   Data           4  freertos.o(.data)
    uwTickFreq                               0x2000000c   Data           1  stm32f1xx_hal.o(.data)
    uwTickPrio                               0x20000010   Data           4  stm32f1xx_hal.o(.data)
    uwTick                                   0x20000014   Data           4  stm32f1xx_hal.o(.data)
    SystemCoreClock                          0x20000018   Data           4  system_stm32f1xx.o(.data)
    pxCurrentTCB                             0x2000001c   Data           4  tasks.o(.data)
    htim2                                    0x2000009c   Data          72  tim.o(.bss)
    hdma_tim2_ch3                            0x200000e4   Data          68  tim.o(.bss)
    huart1                                   0x20000128   Data          72  usart.o(.bss)
    hdma_usart1_rx                           0x20000170   Data          68  usart.o(.bss)
    htim1                                    0x200001b4   Data          72  stm32f1xx_hal_timebase_tim.o(.bss)
    xQueueRegistry                           0x200001fc   Data          64  queue.o(.bss)
    __libspace_start                         0x20001ad0   Data          96  libspace.o(.bss)
    __temporary_stack_top$libspace           0x20001b30   Data           0  libspace.o(.bss)



==============================================================================

Memory Map of the image

  Image Entry point : 0x080000ed

  Load Region LR_IROM1 (Base: 0x08000000, Size: 0x00003b24, Max: 0x00010000, ABSOLUTE)

    Execution Region ER_IROM1 (Exec base: 0x08000000, Load base: 0x08000000, Size: 0x00003a88, Max: 0x00010000, ABSOLUTE)

    Exec Addr    Load Addr    Size         Type   Attr      Idx    E Section Name        Object

    0x08000000   0x08000000   0x000000ec   Data   RO            3    RESET               startup_stm32f103xb.o
    0x080000ec   0x080000ec   0x00000008   Code   RO         4776  * !!!main             c_w.l(__main.o)
    0x080000f4   0x080000f4   0x00000034   Code   RO         4939    !!!scatter          c_w.l(__scatter.o)
    0x08000128   0x08000128   0x0000001a   Code   RO         4941    !!handler_copy      c_w.l(__scatter_copy.o)
    0x08000142   0x08000142   0x00000002   PAD
    0x08000144   0x08000144   0x0000001c   Code   RO         4943    !!handler_zi        c_w.l(__scatter_zi.o)
    0x08000160   0x08000160   0x00000002   Code   RO         4807    .ARM.Collect$$libinit$$00000000  c_w.l(libinit.o)
    0x08000162   0x08000162   0x00000000   Code   RO         4814    .ARM.Collect$$libinit$$00000002  c_w.l(libinit2.o)
    0x08000162   0x08000162   0x00000000   Code   RO         4816    .ARM.Collect$$libinit$$00000004  c_w.l(libinit2.o)
    0x08000162   0x08000162   0x00000000   Code   RO         4819    .ARM.Collect$$libinit$$0000000A  c_w.l(libinit2.o)
    0x08000162   0x08000162   0x00000000   Code   RO         4821    .ARM.Collect$$libinit$$0000000C  c_w.l(libinit2.o)
    0x08000162   0x08000162   0x00000000   Code   RO         4823    .ARM.Collect$$libinit$$0000000E  c_w.l(libinit2.o)
    0x08000162   0x08000162   0x00000000   Code   RO         4826    .ARM.Collect$$libinit$$00000011  c_w.l(libinit2.o)
    0x08000162   0x08000162   0x00000000   Code   RO         4828    .ARM.Collect$$libinit$$00000013  c_w.l(libinit2.o)
    0x08000162   0x08000162   0x00000000   Code   RO         4830    .ARM.Collect$$libinit$$00000015  c_w.l(libinit2.o)
    0x08000162   0x08000162   0x00000000   Code   RO         4832    .ARM.Collect$$libinit$$00000017  c_w.l(libinit2.o)
    0x08000162   0x08000162   0x00000000   Code   RO         4834    .ARM.Collect$$libinit$$00000019  c_w.l(libinit2.o)
    0x08000162   0x08000162   0x00000000   Code   RO         4836    .ARM.Collect$$libinit$$0000001B  c_w.l(libinit2.o)
    0x08000162   0x08000162   0x00000000   Code   RO         4838    .ARM.Collect$$libinit$$0000001D  c_w.l(libinit2.o)
    0x08000162   0x08000162   0x00000000   Code   RO         4840    .ARM.Collect$$libinit$$0000001F  c_w.l(libinit2.o)
    0x08000162   0x08000162   0x00000000   Code   RO         4842    .ARM.Collect$$libinit$$00000021  c_w.l(libinit2.o)
    0x08000162   0x08000162   0x00000000   Code   RO         4844    .ARM.Collect$$libinit$$00000023  c_w.l(libinit2.o)
    0x08000162   0x08000162   0x00000000   Code   RO         4846    .ARM.Collect$$libinit$$00000025  c_w.l(libinit2.o)
    0x08000162   0x08000162   0x00000000   Code   RO         4850    .ARM.Collect$$libinit$$0000002C  c_w.l(libinit2.o)
    0x08000162   0x08000162   0x00000000   Code   RO         4852    .ARM.Collect$$libinit$$0000002E  c_w.l(libinit2.o)
    0x08000162   0x08000162   0x00000000   Code   RO         4854    .ARM.Collect$$libinit$$00000030  c_w.l(libinit2.o)
    0x08000162   0x08000162   0x00000000   Code   RO         4856    .ARM.Collect$$libinit$$00000032  c_w.l(libinit2.o)
    0x08000162   0x08000162   0x00000002   Code   RO         4857    .ARM.Collect$$libinit$$00000033  c_w.l(libinit2.o)
    0x08000164   0x08000164   0x00000002   Code   RO         4877    .ARM.Collect$$libshutdown$$00000000  c_w.l(libshutdown.o)
    0x08000166   0x08000166   0x00000000   Code   RO         4890    .ARM.Collect$$libshutdown$$00000002  c_w.l(libshutdown2.o)
    0x08000166   0x08000166   0x00000000   Code   RO         4892    .ARM.Collect$$libshutdown$$00000004  c_w.l(libshutdown2.o)
    0x08000166   0x08000166   0x00000000   Code   RO         4894    .ARM.Collect$$libshutdown$$00000006  c_w.l(libshutdown2.o)
    0x08000166   0x08000166   0x00000000   Code   RO         4897    .ARM.Collect$$libshutdown$$00000009  c_w.l(libshutdown2.o)
    0x08000166   0x08000166   0x00000000   Code   RO         4900    .ARM.Collect$$libshutdown$$0000000C  c_w.l(libshutdown2.o)
    0x08000166   0x08000166   0x00000000   Code   RO         4902    .ARM.Collect$$libshutdown$$0000000E  c_w.l(libshutdown2.o)
    0x08000166   0x08000166   0x00000000   Code   RO         4905    .ARM.Collect$$libshutdown$$00000011  c_w.l(libshutdown2.o)
    0x08000166   0x08000166   0x00000002   Code   RO         4906    .ARM.Collect$$libshutdown$$00000012  c_w.l(libshutdown2.o)
    0x08000168   0x08000168   0x00000000   Code   RO         4778    .ARM.Collect$$rtentry$$00000000  c_w.l(__rtentry.o)
    0x08000168   0x08000168   0x00000000   Code   RO         4784    .ARM.Collect$$rtentry$$00000002  c_w.l(__rtentry2.o)
    0x08000168   0x08000168   0x00000006   Code   RO         4796    .ARM.Collect$$rtentry$$00000004  c_w.l(__rtentry4.o)
    0x0800016e   0x0800016e   0x00000000   Code   RO         4786    .ARM.Collect$$rtentry$$00000009  c_w.l(__rtentry2.o)
    0x0800016e   0x0800016e   0x00000004   Code   RO         4787    .ARM.Collect$$rtentry$$0000000A  c_w.l(__rtentry2.o)
    0x08000172   0x08000172   0x00000000   Code   RO         4789    .ARM.Collect$$rtentry$$0000000C  c_w.l(__rtentry2.o)
    0x08000172   0x08000172   0x00000008   Code   RO         4790    .ARM.Collect$$rtentry$$0000000D  c_w.l(__rtentry2.o)
    0x0800017a   0x0800017a   0x00000002   Code   RO         4811    .ARM.Collect$$rtexit$$00000000  c_w.l(rtexit.o)
    0x0800017c   0x0800017c   0x00000000   Code   RO         4859    .ARM.Collect$$rtexit$$00000002  c_w.l(rtexit2.o)
    0x0800017c   0x0800017c   0x00000004   Code   RO         4860    .ARM.Collect$$rtexit$$00000003  c_w.l(rtexit2.o)
    0x08000180   0x08000180   0x00000006   Code   RO         4861    .ARM.Collect$$rtexit$$00000004  c_w.l(rtexit2.o)
    0x08000186   0x08000186   0x00000002   PAD
    0x08000188   0x08000188   0x00000096   Code   RO         4685    .emb_text           port.o
    0x0800021e   0x0800021e   0x00000002   PAD
    0x08000220   0x08000220   0x00000040   Code   RO            4    .text               startup_stm32f103xb.o
    0x08000260   0x08000260   0x0000008a   Code   RO         4766    .text               c_w.l(rt_memcpy_v6.o)
    0x080002ea   0x080002ea   0x00000010   Code   RO         4770    .text               c_w.l(aeabi_memset.o)
    0x080002fa   0x080002fa   0x0000004e   Code   RO         4772    .text               c_w.l(rt_memclr_w.o)
    0x08000348   0x08000348   0x00000006   Code   RO         4774    .text               c_w.l(heapauxi.o)
    0x0800034e   0x0800034e   0x00000064   Code   RO         4779    .text               c_w.l(rt_memcpy_w.o)
    0x080003b2   0x080003b2   0x00000044   Code   RO         4781    .text               c_w.l(rt_memclr.o)
    0x080003f6   0x080003f6   0x0000004a   Code   RO         4798    .text               c_w.l(sys_stackheap_outer.o)
    0x08000440   0x08000440   0x00000012   Code   RO         4800    .text               c_w.l(exit.o)
    0x08000452   0x08000452   0x00000002   PAD
    0x08000454   0x08000454   0x00000008   Code   RO         4808    .text               c_w.l(libspace.o)
    0x0800045c   0x0800045c   0x0000000c   Code   RO         4869    .text               c_w.l(sys_exit.o)
    0x08000468   0x08000468   0x00000002   Code   RO         4880    .text               c_w.l(use_no_semi.o)
    0x0800046a   0x0800046a   0x00000000   Code   RO         4882    .text               c_w.l(indicate_semi.o)
    0x0800046a   0x0800046a   0x00000002   Code   RO          475    i.BusFault_Handler  stm32f1xx_it.o
    0x0800046c   0x0800046c   0x0000018c   Code   RO          173    i.DHT22_ReadData    dht22.o
    0x080005f8   0x080005f8   0x00000068   Code   RO          174    i.DHT22_ReadValue   dht22.o
    0x08000660   0x08000660   0x00000058   Code   RO          175    i.DHT22_Send_Start_Signal  dht22.o
    0x080006b8   0x080006b8   0x0000000c   Code   RO          476    i.DMA1_Channel1_IRQHandler  stm32f1xx_it.o
    0x080006c4   0x080006c4   0x0000000c   Code   RO          477    i.DMA1_Channel5_IRQHandler  stm32f1xx_it.o
    0x080006d0   0x080006d0   0x00000024   Code   RO          220    i.DWT_Init          main.o
    0x080006f4   0x080006f4   0x00000002   Code   RO          478    i.DebugMon_Handler  stm32f1xx_it.o
    0x080006f6   0x080006f6   0x00000004   Code   RO          221    i.Error_Handler     main.o
    0x080006fa   0x080006fa   0x00000046   Code   RO         2010    i.HAL_DMA_Abort     stm32f1xx_hal_dma.o
    0x08000740   0x08000740   0x00000098   Code   RO         2011    i.HAL_DMA_Abort_IT  stm32f1xx_hal_dma.o
    0x080007d8   0x080007d8   0x00000154   Code   RO         2015    i.HAL_DMA_IRQHandler  stm32f1xx_hal_dma.o
    0x0800092c   0x0800092c   0x0000005c   Code   RO         2016    i.HAL_DMA_Init      stm32f1xx_hal_dma.o
    0x08000988   0x08000988   0x000001e0   Code   RO         1946    i.HAL_GPIO_Init     stm32f1xx_hal_gpio.o
    0x08000b68   0x08000b68   0x0000000a   Code   RO         1948    i.HAL_GPIO_ReadPin  stm32f1xx_hal_gpio.o
    0x08000b72   0x08000b72   0x00000010   Code   RO         1949    i.HAL_GPIO_TogglePin  stm32f1xx_hal_gpio.o
    0x08000b82   0x08000b82   0x0000000a   Code   RO         1950    i.HAL_GPIO_WritePin  stm32f1xx_hal_gpio.o
    0x08000b8c   0x08000b8c   0x0000000c   Code   RO         1640    i.HAL_GetTick       stm32f1xx_hal.o
    0x08000b98   0x08000b98   0x00000010   Code   RO         1646    i.HAL_IncTick       stm32f1xx_hal.o
    0x08000ba8   0x08000ba8   0x00000024   Code   RO         1647    i.HAL_Init          stm32f1xx_hal.o
    0x08000bcc   0x08000bcc   0x0000008c   Code   RO          581    i.HAL_InitTick      stm32f1xx_hal_timebase_tim.o
    0x08000c58   0x08000c58   0x00000048   Code   RO          557    i.HAL_MspInit       stm32f1xx_hal_msp.o
    0x08000ca0   0x08000ca0   0x0000001a   Code   RO         2106    i.HAL_NVIC_EnableIRQ  stm32f1xx_hal_cortex.o
    0x08000cba   0x08000cba   0x00000002   PAD
    0x08000cbc   0x08000cbc   0x00000040   Code   RO         2112    i.HAL_NVIC_SetPriority  stm32f1xx_hal_cortex.o
    0x08000cfc   0x08000cfc   0x00000024   Code   RO         2113    i.HAL_NVIC_SetPriorityGrouping  stm32f1xx_hal_cortex.o
    0x08000d20   0x08000d20   0x0000012c   Code   RO         1804    i.HAL_RCC_ClockConfig  stm32f1xx_hal_rcc.o
    0x08000e4c   0x08000e4c   0x00000040   Code   RO         1808    i.HAL_RCC_GetClockConfig  stm32f1xx_hal_rcc.o
    0x08000e8c   0x08000e8c   0x00000020   Code   RO         1811    i.HAL_RCC_GetPCLK1Freq  stm32f1xx_hal_rcc.o
    0x08000eac   0x08000eac   0x00000020   Code   RO         1812    i.HAL_RCC_GetPCLK2Freq  stm32f1xx_hal_rcc.o
    0x08000ecc   0x08000ecc   0x0000004c   Code   RO         1813    i.HAL_RCC_GetSysClockFreq  stm32f1xx_hal_rcc.o
    0x08000f18   0x08000f18   0x00000320   Code   RO         1816    i.HAL_RCC_OscConfig  stm32f1xx_hal_rcc.o
    0x08001238   0x08001238   0x00000002   Code   RO         1362    i.HAL_TIMEx_BreakCallback  stm32f1xx_hal_tim_ex.o
    0x0800123a   0x0800123a   0x00000002   Code   RO         1363    i.HAL_TIMEx_CommutCallback  stm32f1xx_hal_tim_ex.o
    0x0800123c   0x0800123c   0x00000068   Code   RO         1381    i.HAL_TIMEx_MasterConfigSynchronization  stm32f1xx_hal_tim_ex.o
    0x080012a4   0x080012a4   0x0000005a   Code   RO          658    i.HAL_TIM_Base_Init  stm32f1xx_hal_tim.o
    0x080012fe   0x080012fe   0x00000002   PAD
    0x08001300   0x08001300   0x00000060   Code   RO          386    i.HAL_TIM_Base_MspInit  tim.o
    0x08001360   0x08001360   0x00000058   Code   RO          663    i.HAL_TIM_Base_Start_IT  stm32f1xx_hal_tim.o
    0x080013b8   0x080013b8   0x000000dc   Code   RO          667    i.HAL_TIM_ConfigClockSource  stm32f1xx_hal_tim.o
    0x08001494   0x08001494   0x00000002   Code   RO          692    i.HAL_TIM_IC_CaptureCallback  stm32f1xx_hal_tim.o
    0x08001496   0x08001496   0x00000130   Code   RO          706    i.HAL_TIM_IRQHandler  stm32f1xx_hal_tim.o
    0x080015c6   0x080015c6   0x00000002   PAD
    0x080015c8   0x080015c8   0x00000048   Code   RO          387    i.HAL_TIM_MspPostInit  tim.o
    0x08001610   0x08001610   0x00000002   Code   RO          709    i.HAL_TIM_OC_DelayElapsedCallback  stm32f1xx_hal_tim.o
    0x08001612   0x08001612   0x000000cc   Code   RO          730    i.HAL_TIM_PWM_ConfigChannel  stm32f1xx_hal_tim.o
    0x080016de   0x080016de   0x0000005a   Code   RO          733    i.HAL_TIM_PWM_Init  stm32f1xx_hal_tim.o
    0x08001738   0x08001738   0x00000002   Code   RO          735    i.HAL_TIM_PWM_MspInit  stm32f1xx_hal_tim.o
    0x0800173a   0x0800173a   0x00000002   Code   RO          736    i.HAL_TIM_PWM_PulseFinishedCallback  stm32f1xx_hal_tim.o
    0x0800173c   0x0800173c   0x00000014   Code   RO          222    i.HAL_TIM_PeriodElapsedCallback  main.o
    0x08001750   0x08001750   0x00000002   Code   RO          749    i.HAL_TIM_TriggerCallback  stm32f1xx_hal_tim.o
    0x08001752   0x08001752   0x00000002   Code   RO         2618    i.HAL_UARTEx_RxEventCallback  stm32f1xx_hal_uart.o
    0x08001754   0x08001754   0x00000002   Code   RO         2632    i.HAL_UART_ErrorCallback  stm32f1xx_hal_uart.o
    0x08001756   0x08001756   0x00000002   PAD
    0x08001758   0x08001758   0x0000026c   Code   RO         2635    i.HAL_UART_IRQHandler  stm32f1xx_hal_uart.o
    0x080019c4   0x080019c4   0x00000064   Code   RO         2636    i.HAL_UART_Init     stm32f1xx_hal_uart.o
    0x08001a28   0x08001a28   0x000000b4   Code   RO          434    i.HAL_UART_MspInit  usart.o
    0x08001adc   0x08001adc   0x00000002   Code   RO         2642    i.HAL_UART_RxCpltCallback  stm32f1xx_hal_uart.o
    0x08001ade   0x08001ade   0x00000002   Code   RO         2647    i.HAL_UART_TxCpltCallback  stm32f1xx_hal_uart.o
    0x08001ae0   0x08001ae0   0x00000002   Code   RO          479    i.HardFault_Handler  stm32f1xx_it.o
    0x08001ae2   0x08001ae2   0x00000002   PAD
    0x08001ae4   0x08001ae4   0x0000003c   Code   RO          361    i.MX_DMA_Init       dma.o
    0x08001b20   0x08001b20   0x00000020   Code   RO          326    i.MX_FREERTOS_Init  freertos.o
    0x08001b40   0x08001b40   0x00000048   Code   RO          302    i.MX_GPIO_Init      gpio.o
    0x08001b88   0x08001b88   0x00000094   Code   RO          388    i.MX_TIM2_Init      tim.o
    0x08001c1c   0x08001c1c   0x00000038   Code   RO          435    i.MX_USART1_UART_Init  usart.o
    0x08001c54   0x08001c54   0x00000002   Code   RO          480    i.MemManage_Handler  stm32f1xx_it.o
    0x08001c56   0x08001c56   0x00000002   Code   RO          481    i.NMI_Handler       stm32f1xx_it.o
    0x08001c58   0x08001c58   0x00000008   Code   RO          327    i.StartDefaultTask  freertos.o
    0x08001c60   0x08001c60   0x0000001a   Code   RO         4117    i.SysTick_Handler   cmsis_os2.o
    0x08001c7a   0x08001c7a   0x0000005e   Code   RO          223    i.SystemClock_Config  main.o
    0x08001cd8   0x08001cd8   0x00000002   Code   RO         2970    i.SystemInit        system_stm32f1xx.o
    0x08001cda   0x08001cda   0x00000002   PAD
    0x08001cdc   0x08001cdc   0x0000000c   Code   RO          482    i.TIM1_UP_IRQHandler  stm32f1xx_it.o
    0x08001ce8   0x08001ce8   0x00000078   Code   RO          751    i.TIM_Base_SetConfig  stm32f1xx_hal_tim.o
    0x08001d60   0x08001d60   0x00000014   Code   RO          762    i.TIM_ETR_SetConfig  stm32f1xx_hal_tim.o
    0x08001d74   0x08001d74   0x00000010   Code   RO          763    i.TIM_ITRx_SetConfig  stm32f1xx_hal_tim.o
    0x08001d84   0x08001d84   0x00000050   Code   RO          764    i.TIM_OC1_SetConfig  stm32f1xx_hal_tim.o
    0x08001dd4   0x08001dd4   0x00000058   Code   RO          765    i.TIM_OC2_SetConfig  stm32f1xx_hal_tim.o
    0x08001e2c   0x08001e2c   0x00000058   Code   RO          766    i.TIM_OC3_SetConfig  stm32f1xx_hal_tim.o
    0x08001e84   0x08001e84   0x00000044   Code   RO          767    i.TIM_OC4_SetConfig  stm32f1xx_hal_tim.o
    0x08001ec8   0x08001ec8   0x00000022   Code   RO          769    i.TIM_TI1_ConfigInputStage  stm32f1xx_hal_tim.o
    0x08001eea   0x08001eea   0x00000024   Code   RO          771    i.TIM_TI2_ConfigInputStage  stm32f1xx_hal_tim.o
    0x08001f0e   0x08001f0e   0x00000010   Code   RO         2649    i.UART_DMAAbortOnError  stm32f1xx_hal_uart.o
    0x08001f1e   0x08001f1e   0x0000004e   Code   RO         2659    i.UART_EndRxTransfer  stm32f1xx_hal_uart.o
    0x08001f6c   0x08001f6c   0x000000c2   Code   RO         2661    i.UART_Receive_IT   stm32f1xx_hal_uart.o
    0x0800202e   0x0800202e   0x00000002   PAD
    0x08002030   0x08002030   0x000000b8   Code   RO         2662    i.UART_SetConfig    stm32f1xx_hal_uart.o
    0x080020e8   0x080020e8   0x0000000c   Code   RO          483    i.USART1_IRQHandler  stm32f1xx_it.o
    0x080020f4   0x080020f4   0x00000002   Code   RO          484    i.UsageFault_Handler  stm32f1xx_it.o
    0x080020f6   0x080020f6   0x00000020   Code   RO         2119    i.__NVIC_SetPriority  stm32f1xx_hal_cortex.o
    0x08002116   0x08002116   0x00000002   PAD
    0x08002118   0x08002118   0x00000028   Code   RO          224    i.delay_us          main.o
    0x08002140   0x08002140   0x00000004   Code   RO          225    i.led_task          main.o
    0x08002144   0x08002144   0x00000002   Code   RO           13    i.led_task_handler  app.o
    0x08002146   0x08002146   0x00000002   PAD
    0x08002148   0x08002148   0x00000080   Code   RO          226    i.main              main.o
    0x080021c8   0x080021c8   0x0000001a   Code   RO         4119    i.osDelay           cmsis_os2.o
    0x080021e2   0x080021e2   0x00000002   PAD
    0x080021e4   0x080021e4   0x00000024   Code   RO         4133    i.osKernelInitialize  cmsis_os2.o
    0x08002208   0x08002208   0x00000038   Code   RO         4136    i.osKernelStart     cmsis_os2.o
    0x08002240   0x08002240   0x0000008a   Code   RO         4178    i.osThreadNew       cmsis_os2.o
    0x080022ca   0x080022ca   0x00000002   PAD
    0x080022cc   0x080022cc   0x0000005c   Code   RO         3578    i.prvAddCurrentTaskToDelayedList  tasks.o
    0x08002328   0x08002328   0x000000d0   Code   RO         3579    i.prvAddNewTaskToReadyList  tasks.o
    0x080023f8   0x080023f8   0x00000058   Code   RO         3943    i.prvCheckForValidListAndQueue  timers.o
    0x08002450   0x08002450   0x00000026   Code   RO         3175    i.prvCopyDataFromQueue  queue.o
    0x08002476   0x08002476   0x0000006c   Code   RO         3176    i.prvCopyDataToQueue  queue.o
    0x080024e2   0x080024e2   0x00000034   Code   RO         3580    i.prvDeleteTCB      tasks.o
    0x08002516   0x08002516   0x00000002   PAD
    0x08002518   0x08002518   0x0000004c   Code   RO         4630    i.prvHeapInit       heap_4.o
    0x08002564   0x08002564   0x00000060   Code   RO         3581    i.prvIdleTask       tasks.o
    0x080025c4   0x080025c4   0x00000022   Code   RO         3178    i.prvInitialiseNewQueue  queue.o
    0x080025e6   0x080025e6   0x00000002   PAD
    0x080025e8   0x080025e8   0x000000b0   Code   RO         3582    i.prvInitialiseNewTask  tasks.o
    0x08002698   0x08002698   0x0000004c   Code   RO         4631    i.prvInsertBlockIntoFreeList  heap_4.o
    0x080026e4   0x080026e4   0x00000038   Code   RO         3945    i.prvInsertTimerInActiveList  timers.o
    0x0800271c   0x0800271c   0x0000001c   Code   RO         3179    i.prvIsQueueEmpty   queue.o
    0x08002738   0x08002738   0x000000fc   Code   RO         3946    i.prvProcessReceivedCommands  timers.o
    0x08002834   0x08002834   0x000000c0   Code   RO         3947    i.prvProcessTimerOrBlockTask  timers.o
    0x080028f4   0x080028f4   0x00000020   Code   RO         3584    i.prvResetNextTaskUnblockTime  tasks.o
    0x08002914   0x08002914   0x00000028   Code   RO         3948    i.prvSampleTimeNow  timers.o
    0x0800293c   0x0800293c   0x0000006c   Code   RO         3949    i.prvSwitchTimerLists  timers.o
    0x080029a8   0x080029a8   0x00000028   Code   RO         4686    i.prvTaskExitError  port.o
    0x080029d0   0x080029d0   0x00000024   Code   RO         3950    i.prvTimerTask      timers.o
    0x080029f4   0x080029f4   0x0000006a   Code   RO         3180    i.prvUnlockQueue    queue.o
    0x08002a5e   0x08002a5e   0x00000002   PAD
    0x08002a60   0x08002a60   0x000000dc   Code   RO         4632    i.pvPortMalloc      heap_4.o
    0x08002b3c   0x08002b3c   0x00000024   Code   RO         4687    i.pxPortInitialiseStack  port.o
    0x08002b60   0x08002b60   0x00000004   Code   RO          227    i.sensor_task       main.o
    0x08002b64   0x08002b64   0x0000003c   Code   RO           14    i.sensor_task_handler  app.o
    0x08002ba0   0x08002ba0   0x00000026   Code   RO         3135    i.uxListRemove      list.o
    0x08002bc6   0x08002bc6   0x00000002   PAD
    0x08002bc8   0x08002bc8   0x00000014   Code   RO         4190    i.vApplicationGetIdleTaskMemory  cmsis_os2.o
    0x08002bdc   0x08002bdc   0x00000018   Code   RO         4191    i.vApplicationGetTimerTaskMemory  cmsis_os2.o
    0x08002bf4   0x08002bf4   0x00000016   Code   RO         3136    i.vListInitialise   list.o
    0x08002c0a   0x08002c0a   0x00000006   Code   RO         3137    i.vListInitialiseItem  list.o
    0x08002c10   0x08002c10   0x00000030   Code   RO         3138    i.vListInsert       list.o
    0x08002c40   0x08002c40   0x00000018   Code   RO         3139    i.vListInsertEnd    list.o
    0x08002c58   0x08002c58   0x00000040   Code   RO         4689    i.vPortEnterCritical  port.o
    0x08002c98   0x08002c98   0x00000028   Code   RO         4690    i.vPortExitCritical  port.o
    0x08002cc0   0x08002cc0   0x00000064   Code   RO         4633    i.vPortFree         heap_4.o
    0x08002d24   0x08002d24   0x00000024   Code   RO         4691    i.vPortSetupTimerInterrupt  port.o
    0x08002d48   0x08002d48   0x00000054   Code   RO         4692    i.vPortValidateInterruptPriority  port.o
    0x08002d9c   0x08002d9c   0x00000028   Code   RO         3186    i.vQueueAddToRegistry  queue.o
    0x08002dc4   0x08002dc4   0x00000044   Code   RO         3190    i.vQueueWaitForMessageRestricted  queue.o
    0x08002e08   0x08002e08   0x0000004c   Code   RO         3597    i.vTaskDelay        tasks.o
    0x08002e54   0x08002e54   0x0000008c   Code   RO         3598    i.vTaskDelayUntil   tasks.o
    0x08002ee0   0x08002ee0   0x00000010   Code   RO         3602    i.vTaskInternalSetTimeOutState  tasks.o
    0x08002ef0   0x08002ef0   0x0000000c   Code   RO         3603    i.vTaskMissedYield  tasks.o
    0x08002efc   0x08002efc   0x00000030   Code   RO         3605    i.vTaskPlaceOnEventList  tasks.o
    0x08002f2c   0x08002f2c   0x00000038   Code   RO         3606    i.vTaskPlaceOnEventListRestricted  tasks.o
    0x08002f64   0x08002f64   0x00000088   Code   RO         3614    i.vTaskStartScheduler  tasks.o
    0x08002fec   0x08002fec   0x00000010   Code   RO         3616    i.vTaskSuspendAll   tasks.o
    0x08002ffc   0x08002ffc   0x00000064   Code   RO         3617    i.vTaskSwitchContext  tasks.o
    0x08003060   0x08003060   0x000000a8   Code   RO         4693    i.xPortStartScheduler  port.o
    0x08003108   0x08003108   0x0000002c   Code   RO         4694    i.xPortSysTickHandler  port.o
    0x08003134   0x08003134   0x00000066   Code   RO         3196    i.xQueueGenericCreateStatic  queue.o
    0x0800319a   0x0800319a   0x00000002   PAD
    0x0800319c   0x0800319c   0x00000088   Code   RO         3197    i.xQueueGenericReset  queue.o
    0x08003224   0x08003224   0x00000160   Code   RO         3198    i.xQueueGenericSend  queue.o
    0x08003384   0x08003384   0x000000be   Code   RO         3199    i.xQueueGenericSendFromISR  queue.o
    0x08003442   0x08003442   0x00000002   PAD
    0x08003444   0x08003444   0x00000138   Code   RO         3208    i.xQueueReceive     queue.o
    0x0800357c   0x0800357c   0x00000074   Code   RO         3619    i.xTaskCheckForTimeOut  tasks.o
    0x080035f0   0x080035f0   0x0000005a   Code   RO         3620    i.xTaskCreate       tasks.o
    0x0800364a   0x0800364a   0x00000056   Code   RO         3621    i.xTaskCreateStatic  tasks.o
    0x080036a0   0x080036a0   0x0000001c   Code   RO         3625    i.xTaskGetSchedulerState  tasks.o
    0x080036bc   0x080036bc   0x0000000c   Code   RO         3626    i.xTaskGetTickCount  tasks.o
    0x080036c8   0x080036c8   0x000000c8   Code   RO         3628    i.xTaskIncrementTick  tasks.o
    0x08003790   0x08003790   0x00000080   Code   RO         3631    i.xTaskPriorityDisinherit  tasks.o
    0x08003810   0x08003810   0x00000070   Code   RO         3633    i.xTaskRemoveFromEventList  tasks.o
    0x08003880   0x08003880   0x000000c4   Code   RO         3634    i.xTaskResumeAll    tasks.o
    0x08003944   0x08003944   0x00000060   Code   RO         3959    i.xTimerCreateTimerTask  timers.o
    0x080039a4   0x080039a4   0x00000068   Code   RO         3960    i.xTimerGenericCommand  timers.o
    0x08003a0c   0x08003a0c   0x00000024   Data   RO          328    .constdata          freertos.o
    0x08003a30   0x08003a30   0x00000012   Data   RO         1817    .constdata          stm32f1xx_hal_rcc.o
    0x08003a42   0x08003a42   0x00000010   Data   RO         2971    .constdata          system_stm32f1xx.o
    0x08003a52   0x08003a52   0x00000008   Data   RO         2972    .constdata          system_stm32f1xx.o
    0x08003a5a   0x08003a5a   0x00000002   PAD
    0x08003a5c   0x08003a5c   0x0000000c   Data   RO          329    .conststring        freertos.o
    0x08003a68   0x08003a68   0x00000020   Data   RO         4937    Region$$Table       anon$$obj.o


    Execution Region RW_IRAM1 (Exec base: 0x20000000, Load base: 0x08003a88, Size: 0x00002130, Max: 0x00005000, ABSOLUTE)

    Exec Addr    Load Addr    Size         Type   Attr      Idx    E Section Name        Object

    0x20000000   0x08003a88   0x00000002   Data   RW           15    .data               app.o
    0x20000002   0x08003a8a   0x00000005   Data   RW          176    .data               dht22.o
    0x20000007   0x08003a8f   0x00000001   PAD
    0x20000008   0x08003a90   0x00000004   Data   RW          330    .data               freertos.o
    0x2000000c   0x08003a94   0x0000000c   Data   RW         1654    .data               stm32f1xx_hal.o
    0x20000018   0x08003aa0   0x00000004   Data   RW         2973    .data               system_stm32f1xx.o
    0x2000001c   0x08003aa4   0x0000003c   Data   RW         3637    .data               tasks.o
    0x20000058   0x08003ae0   0x00000014   Data   RW         3968    .data               timers.o
    0x2000006c   0x08003af4   0x00000004   Data   RW         4193    .data               cmsis_os2.o
    0x20000070   0x08003af8   0x00000020   Data   RW         4639    .data               heap_4.o
    0x20000090   0x08003b18   0x0000000c   Data   RW         4695    .data               port.o
    0x2000009c        -       0x0000008c   Zero   RW          389    .bss                tim.o
    0x20000128        -       0x0000008c   Zero   RW          436    .bss                usart.o
    0x200001b4        -       0x00000048   Zero   RW          584    .bss                stm32f1xx_hal_timebase_tim.o
    0x200001fc        -       0x00000040   Zero   RW         3212    .bss                queue.o
    0x2000023c        -       0x000004c4   Zero   RW         3636    .bss                tasks.o
    0x20000700        -       0x00000118   Zero   RW         3967    .bss                timers.o
    0x20000818        -       0x000006b8   Zero   RW         4192    .bss                cmsis_os2.o
    0x20000ed0        -       0x00000c00   Zero   RW         4638    .bss                heap_4.o
    0x20001ad0        -       0x00000060   Zero   RW         4809    .bss                c_w.l(libspace.o)
    0x20001b30        -       0x00000200   Zero   RW            2    HEAP                startup_stm32f103xb.o
    0x20001d30        -       0x00000400   Zero   RW            1    STACK               startup_stm32f103xb.o


==============================================================================

Image component sizes


      Code (inc. data)   RO Data    RW Data    ZI Data      Debug   Object Name

        62         10          0          2          0     437345   app.o
       326         22          0          4       1720      58627   cmsis_os2.o
       588         32          0          5          0       2986   dht22.o
        60          4          0          0          0        738   dma.o
         0          0          0          0          0      19660   event_groups.o
        40         14         48          4          0       1605   freertos.o
        72         10          0          0          0        827   gpio.o
       472         24          0         32       3072       4719   heap_4.o
       138          0          0          0          0       3350   list.o
       330         62          0          0          0       7953   main.o
       662         70          0         12          0      10573   port.o
      1514         20          0          0         64      16884   queue.o
        64         26        236          0       1536        796   startup_stm32f103xb.o
        64         14          0         12          0       4558   stm32f1xx_hal.o
       158         14          0          0          0      28150   stm32f1xx_hal_cortex.o
       654         36          0          0          0       3319   stm32f1xx_hal_dma.o
       516         34          0          0          0       4052   stm32f1xx_hal_gpio.o
        72         10          0          0          0        842   stm32f1xx_hal_msp.o
      1304         94         18          0          0       5641   stm32f1xx_hal_rcc.o
      1556         44          0          0          0      14426   stm32f1xx_hal_tim.o
       108         12          0          0          0       2345   stm32f1xx_hal_tim_ex.o
       140         22          0          0         72       1383   stm32f1xx_hal_timebase_tim.o
      1200         10          0          0          0       7820   stm32f1xx_hal_uart.o
        60         24          0          0          0       4216   stm32f1xx_it.o
         0          0          0          0          0        472   stream_buffer.o
         2          0         24          4          0       1071   system_stm32f1xx.o
      2224        176          0         60       1220      26966   tasks.o
       316         26          0          0        140       2330   tim.o
       972         80          0         20        280      31879   timers.o
       236         30          0          0        140       1733   usart.o

    ----------------------------------------------------------------------
     13946        920        360        156       8244     707266   Object Totals
         0          0         32          0          0          0   (incl. Generated)
        36          0          2          1          0          0   (incl. Padding)

    ----------------------------------------------------------------------

      Code (inc. data)   RO Data    RW Data    ZI Data      Debug   Library Member Name

         8          0          0          0          0         68   __main.o
         0          0          0          0          0          0   __rtentry.o
        12          0          0          0          0          0   __rtentry2.o
         6          0          0          0          0          0   __rtentry4.o
        52          8          0          0          0          0   __scatter.o
        26          0          0          0          0          0   __scatter_copy.o
        28          0          0          0          0          0   __scatter_zi.o
        16          0          0          0          0         68   aeabi_memset.o
        18          0          0          0          0         80   exit.o
         6          0          0          0          0        152   heapauxi.o
         0          0          0          0          0          0   indicate_semi.o
         2          0          0          0          0          0   libinit.o
         2          0          0          0          0          0   libinit2.o
         2          0          0          0          0          0   libshutdown.o
         2          0          0          0          0          0   libshutdown2.o
         8          4          0          0         96         68   libspace.o
        68          0          0          0          0         68   rt_memclr.o
        78          0          0          0          0         80   rt_memclr_w.o
       138          0          0          0          0         68   rt_memcpy_v6.o
       100          0          0          0          0         80   rt_memcpy_w.o
         2          0          0          0          0          0   rtexit.o
        10          0          0          0          0          0   rtexit2.o
        12          4          0          0          0         68   sys_exit.o
        74          0          0          0          0         80   sys_stackheap_outer.o
         2          0          0          0          0         68   use_no_semi.o

    ----------------------------------------------------------------------
       678         16          0          0         96        948   Library Totals
         6          0          0          0          0          0   (incl. Padding)

    ----------------------------------------------------------------------

      Code (inc. data)   RO Data    RW Data    ZI Data      Debug   Library Name

       672         16          0          0         96        948   c_w.l

    ----------------------------------------------------------------------
       678         16          0          0         96        948   Library Totals

    ----------------------------------------------------------------------

==============================================================================


      Code (inc. data)   RO Data    RW Data    ZI Data      Debug   

     14624        936        360        156       8340     699786   Grand Totals
     14624        936        360        156       8340     699786   ELF Image Totals
     14624        936        360        156          0          0   ROM Totals

==============================================================================

    Total RO  Size (Code + RO Data)                14984 (  14.63kB)
    Total RW  Size (RW Data + ZI Data)              8496 (   8.30kB)
    Total ROM Size (Code + RO Data + RW Data)      15140 (  14.79kB)

==============================================================================

