Component: ARM Compiler 5.06 update 7 (build 960) Tool: armlink [4d3601]

==============================================================================

Section Cross References

    startup_stm32f103xb.o(STACK) refers (Special) to heapauxi.o(.text) for __use_two_region_memory
    startup_stm32f103xb.o(HEAP) refers (Special) to heapauxi.o(.text) for __use_two_region_memory
    startup_stm32f103xb.o(RESET) refers (Special) to heapauxi.o(.text) for __use_two_region_memory
    startup_stm32f103xb.o(RESET) refers to startup_stm32f103xb.o(STACK) for __initial_sp
    startup_stm32f103xb.o(RESET) refers to startup_stm32f103xb.o(.text) for Reset_Handler
    startup_stm32f103xb.o(RESET) refers to stm32f1xx_it.o(i.NMI_Handler) for NMI_Handler
    startup_stm32f103xb.o(RESET) refers to stm32f1xx_it.o(i.HardFault_Handler) for HardFault_Handler
    startup_stm32f103xb.o(RESET) refers to stm32f1xx_it.o(i.MemManage_Handler) for MemManage_Handler
    startup_stm32f103xb.o(RESET) refers to stm32f1xx_it.o(i.BusFault_Handler) for BusFault_Handler
    startup_stm32f103xb.o(RESET) refers to stm32f1xx_it.o(i.UsageFault_Handler) for UsageFault_Handler
    startup_stm32f103xb.o(RESET) refers to port.o(.emb_text) for SVC_Handler
    startup_stm32f103xb.o(RESET) refers to stm32f1xx_it.o(i.DebugMon_Handler) for DebugMon_Handler
    startup_stm32f103xb.o(RESET) refers to cmsis_os2.o(i.SysTick_Handler) for SysTick_Handler
    startup_stm32f103xb.o(RESET) refers to stm32f1xx_it.o(i.EXTI0_IRQHandler) for EXTI0_IRQHandler
    startup_stm32f103xb.o(RESET) refers to stm32f1xx_it.o(i.EXTI1_IRQHandler) for EXTI1_IRQHandler
    startup_stm32f103xb.o(RESET) refers to stm32f1xx_it.o(i.EXTI3_IRQHandler) for EXTI3_IRQHandler
    startup_stm32f103xb.o(RESET) refers to stm32f1xx_it.o(i.DMA1_Channel1_IRQHandler) for DMA1_Channel1_IRQHandler
    startup_stm32f103xb.o(RESET) refers to stm32f1xx_it.o(i.DMA1_Channel5_IRQHandler) for DMA1_Channel5_IRQHandler
    startup_stm32f103xb.o(RESET) refers to stm32f1xx_it.o(i.TIM1_UP_IRQHandler) for TIM1_UP_IRQHandler
    startup_stm32f103xb.o(RESET) refers to stm32f1xx_it.o(i.USART1_IRQHandler) for USART1_IRQHandler
    startup_stm32f103xb.o(.text) refers (Special) to heapauxi.o(.text) for __use_two_region_memory
    startup_stm32f103xb.o(.text) refers to system_stm32f1xx_1.o(i.SystemInit) for SystemInit
    startup_stm32f103xb.o(.text) refers to __main.o(!!!main) for __main
    startup_stm32f103xb.o(.text) refers to startup_stm32f103xb.o(HEAP) for Heap_Mem
    startup_stm32f103xb.o(.text) refers to startup_stm32f103xb.o(STACK) for Stack_Mem
    app.o(i.control_task_handler) refers to rt_memclr_w.o(.text) for __aeabi_memclr4
    app.o(i.control_task_handler) refers to queue.o(i.xQueueReceive) for xQueueReceive
    app.o(i.control_task_handler) refers to control.o(i.process_command) for process_command
    app.o(i.control_task_handler) refers to tasks.o(i.vTaskDelay) for vTaskDelay
    app.o(i.control_task_handler) refers to usart.o(.data) for received_commandHandle
    app.o(i.input_task_handler) refers to queue.o(i.xQueueGenericSend) for xQueueGenericSend
    app.o(i.input_task_handler) refers to tasks.o(i.vTaskDelay) for vTaskDelay
    app.o(i.input_task_handler) refers to tim.o(.bss) for htim3
    app.o(i.input_task_handler) refers to input.o(.data) for input_Handle
    app.o(i.lcd_task_handler) refers to tasks.o(i.vTaskDelay) for vTaskDelay
    app.o(i.lcd_task_handler) refers to menu_control.o(i.render_home_page) for render_home_page
    app.o(i.lcd_task_handler) refers to queue.o(i.xQueueReceive) for xQueueReceive
    app.o(i.lcd_task_handler) refers to menu_control.o(i.menu_render) for menu_render
    app.o(i.lcd_task_handler) refers to menu_control.o(i.frame_render) for frame_render
    app.o(i.lcd_task_handler) refers to menu_control.o(i.active_setting_render) for active_setting_render
    app.o(i.lcd_task_handler) refers to menu_control.o(i.deactive_setting_render) for deactive_setting_render
    app.o(i.lcd_task_handler) refers to menu_control.o(i.increase_value_setting_render) for increase_value_setting_render
    app.o(i.lcd_task_handler) refers to menu_control.o(i.decrease_value_setting_render) for decrease_value_setting_render
    app.o(i.lcd_task_handler) refers to sh1106.o(.data) for lcd_commandHandle
    app.o(i.led_task_handler) refers to tasks.o(i.xTaskGetTickCount) for xTaskGetTickCount
    app.o(i.led_task_handler) refers to pl9823.o(i.PL9823_get_speed) for PL9823_get_speed
    app.o(i.led_task_handler) refers to tasks.o(i.vTaskDelay) for vTaskDelay
    app.o(i.led_task_handler) refers to pl9823.o(i.PL9823_show) for PL9823_show
    app.o(i.led_task_handler) refers to tasks.o(i.vTaskDelayUntil) for vTaskDelayUntil
    app.o(i.led_task_handler) refers to app.o(.data) for led_frames
    app.o(i.sensor_task_handler) refers to stm32f1xx_hal_gpio.o(i.HAL_GPIO_WritePin) for HAL_GPIO_WritePin
    app.o(i.sensor_task_handler) refers to tasks.o(i.xTaskGetTickCount) for xTaskGetTickCount
[...]

    Global Symbols

    Symbol Name                              Value     Ov Type        Size  Object(Section)

    BuildAttributes$$THM_ISAv4$P$D$K$B$S$PE$A:L22UL41UL21$X:L11$S22US41US21$IEEE1$IW$USESV6$~STKCKD$USESV7$~SHL$OSPACE$ROPI$EBA8$UX$STANDARDLIB$REQ8$PRES8$EABIv2 0x00000000   Number         0  anon$$obj.o ABSOLUTE
    __ARM_use_no_argv                        0x00000000   Number         0  main.o ABSOLUTE
    __ARM_exceptions_init                     - Undefined Weak Reference
    __alloca_initialize                       - Undefined Weak Reference
    __arm_fini_                               - Undefined Weak Reference
    __arm_preinit_                            - Undefined Weak Reference
    __cpp_initialize__aeabi_                  - Undefined Weak Reference
    __cxa_finalize                            - Undefined Weak Reference
    __rt_locale                               - Undefined Weak Reference
    __sigvec_lookup                           - Undefined Weak Reference
    _atexit_init                              - Undefined Weak Reference
    _call_atexit_fns                          - Undefined Weak Reference
    _clock_init                               - Undefined Weak Reference
    _fp_trap_init                             - Undefined Weak Reference
    _fp_trap_shutdown                         - Undefined Weak Reference
    _get_lc_collate                           - Undefined Weak Reference
    _get_lc_ctype                             - Undefined Weak Reference
    _get_lc_monetary                          - Undefined Weak Reference
    _get_lc_numeric                           - Undefined Weak Reference
    _get_lc_time                              - Undefined Weak Reference
    _getenv_init                              - Undefined Weak Reference
    _handle_redirection                       - Undefined Weak Reference
    _init_alloc                               - Undefined Weak Reference
    _init_user_alloc                          - Undefined Weak Reference
    _initio                                   - Undefined Weak Reference
    _printf_post_padding                      - Undefined Weak Reference
    _printf_pre_padding                       - Undefined Weak Reference
    _printf_truncate_signed                   - Undefined Weak Reference
    _printf_truncate_unsigned                 - Undefined Weak Reference
    _rand_init                                - Undefined Weak Reference
    _signal_finish                            - Undefined Weak Reference
    _signal_init                              - Undefined Weak Reference
    _terminate_alloc                          - Undefined Weak Reference
    _terminate_user_alloc                     - Undefined Weak Reference
    _terminateio                              - Undefined Weak Reference
    __Vectors_Size                           0x000000ec   Number         0  startup_stm32f103xb.o ABSOLUTE
    __Vectors                                0x08000000   Data           4  startup_stm32f103xb.o(RESET)
    __Vectors_End                            0x080000ec   Data           0  startup_stm32f103xb.o(RESET)
    __main                                   0x080000ed   Thumb Code     8  __main.o(!!!main)
    __scatterload                            0x080000f5   Thumb Code     0  __scatter.o(!!!scatter)
    __scatterload_rt2                        0x080000f5   Thumb Code    44  __scatter.o(!!!scatter)
    __scatterload_rt2_thumb_only             0x080000f5   Thumb Code     0  __scatter.o(!!!scatter)
    __scatterload_null                       0x08000103   Thumb Code     0  __scatter.o(!!!scatter)
    __decompress                             0x08000129   Thumb Code    90  __dczerorl2.o(!!dczerorl2)
    __decompress1                            0x08000129   Thumb Code     0  __dczerorl2.o(!!dczerorl2)
    __scatterload_zeroinit                   0x08000185   Thumb Code    28  __scatter_zi.o(!!handler_zi)
    _printf_d                                0x080001a1   Thumb Code     0  _printf_d.o(.ARM.Collect$$_printf_percent$$00000009)
    _printf_percent                          0x080001a1   Thumb Code     0  _printf_percent.o(.ARM.Collect$$_printf_percent$$00000000)
    _printf_percent_end                      0x080001a7   Thumb Code     0  _printf_percent_end.o(.ARM.Collect$$_printf_percent$$00000017)
    __rt_lib_init                            0x080001ab   Thumb Code     0  libinit.o(.ARM.Collect$$libinit$$00000000)
    __rt_lib_init_alloca_1                   0x080001ad   Thumb Code     0  libinit2.o(.ARM.Collect$$libinit$$0000002E)
    __rt_lib_init_argv_1                     0x080001ad   Thumb Code     0  libinit2.o(.ARM.Collect$$libinit$$0000002C)
    __rt_lib_init_atexit_1                   0x080001ad   Thumb Code     0  libinit2.o(.ARM.Collect$$libinit$$0000001B)
    __rt_lib_init_clock_1                    0x080001ad   Thumb Code     0  libinit2.o(.ARM.Collect$$libinit$$00000021)
    __rt_lib_init_cpp_1                      0x080001ad   Thumb Code     0  libinit2.o(.ARM.Collect$$libinit$$00000032)
    __rt_lib_init_exceptions_1               0x080001ad   Thumb Code     0  libinit2.o(.ARM.Collect$$libinit$$00000030)
    __rt_lib_init_fp_1                       0x080001ad   Thumb Code     0  libinit2.o(.ARM.Collect$$libinit$$00000002)
    __rt_lib_init_fp_trap_1                  0x080001ad   Thumb Code     0  libinit2.o(.ARM.Collect$$libinit$$0000001F)
    __rt_lib_init_getenv_1                   0x080001ad   Thumb Code     0  libinit2.o(.ARM.Collect$$libinit$$00000023)
    __rt_lib_init_heap_1                     0x080001ad   Thumb Code     0  libinit2.o(.ARM.Collect$$libinit$$0000000A)
    __rt_lib_init_lc_collate_1               0x080001ad   Thumb Code     0  libinit2.o(.ARM.Collect$$libinit$$00000011)
    __rt_lib_init_lc_ctype_1                 0x080001ad   Thumb Code     0  libinit2.o(.ARM.Collect$$libinit$$00000013)
    __rt_lib_init_lc_monetary_1              0x080001ad   Thumb Code     0  libinit2.o(.ARM.Collect$$libinit$$00000015)
    __rt_lib_init_lc_numeric_1               0x080001ad   Thumb Code     0  libinit2.o(.ARM.Collect$$libinit$$00000017)
    __rt_lib_init_lc_time_1                  0x080001ad   Thumb Code     0  libinit2.o(.ARM.Collect$$libinit$$00000019)
    __rt_lib_init_preinit_1                  0x080001ad   Thumb Code     0  libinit2.o(.ARM.Collect$$libinit$$00000004)
    __rt_lib_init_rand_1                     0x080001ad   Thumb Code     0  libinit2.o(.ARM.Collect$$libinit$$0000000E)
    __rt_lib_init_return                     0x080001ad   Thumb Code     0  libinit2.o(.ARM.Collect$$libinit$$00000033)
    __rt_lib_init_signal_1                   0x080001ad   Thumb Code     0  libinit2.o(.ARM.Collect$$libinit$$0000001D)
    __rt_lib_init_stdio_1                    0x080001ad   Thumb Code     0  libinit2.o(.ARM.Collect$$libinit$$00000025)
    __rt_lib_init_user_alloc_1               0x080001ad   Thumb Code     0  libinit2.o(.ARM.Collect$$libinit$$0000000C)
    __rt_lib_shutdown                        0x080001af   Thumb Code     0  libshutdown.o(.ARM.Collect$$libshutdown$$00000000)
    __rt_lib_shutdown_cpp_1                  0x080001b1   Thumb Code     0  libshutdown2.o(.ARM.Collect$$libshutdown$$00000004)
    __rt_lib_shutdown_fini_1                 0x080001b1   Thumb Code     0  libshutdown2.o(.ARM.Collect$$libshutdown$$00000002)
    __rt_lib_shutdown_fp_trap_1              0x080001b1   Thumb Code     0  libshutdown2.o(.ARM.Collect$$libshutdown$$00000009)
    __rt_lib_shutdown_heap_1                 0x080001b1   Thumb Code     0  libshutdown2.o(.ARM.Collect$$libshutdown$$00000011)
    __rt_lib_shutdown_return                 0x080001b1   Thumb Code     0  libshutdown2.o(.ARM.Collect$$libshutdown$$00000012)
    __rt_lib_shutdown_signal_1               0x080001b1   Thumb Code     0  libshutdown2.o(.ARM.Collect$$libshutdown$$0000000C)
    __rt_lib_shutdown_stdio_1                0x080001b1   Thumb Code     0  libshutdown2.o(.ARM.Collect$$libshutdown$$00000006)
    __rt_lib_shutdown_user_alloc_1           0x080001b1   Thumb Code     0  libshutdown2.o(.ARM.Collect$$libshutdown$$0000000E)
    __rt_entry                               0x080001b3   Thumb Code     0  __rtentry.o(.ARM.Collect$$rtentry$$00000000)
    __rt_entry_presh_1                       0x080001b3   Thumb Code     0  __rtentry2.o(.ARM.Collect$$rtentry$$00000002)
    __rt_entry_sh                            0x080001b3   Thumb Code     0  __rtentry4.o(.ARM.Collect$$rtentry$$00000004)
    __rt_entry_li                            0x080001b9   Thumb Code     0  __rtentry2.o(.ARM.Collect$$rtentry$$0000000A)
    __rt_entry_postsh_1                      0x080001b9   Thumb Code     0  __rtentry2.o(.ARM.Collect$$rtentry$$00000009)
    __rt_entry_main                          0x080001bd   Thumb Code     0  __rtentry2.o(.ARM.Collect$$rtentry$$0000000D)
    __rt_entry_postli_1                      0x080001bd   Thumb Code     0  __rtentry2.o(.ARM.Collect$$rtentry$$0000000C)
    __rt_exit                                0x080001c5   Thumb Code     0  rtexit.o(.ARM.Collect$$rtexit$$00000000)
    __rt_exit_ls                             0x080001c7   Thumb Code     0  rtexit2.o(.ARM.Collect$$rtexit$$00000003)
    __rt_exit_prels_1                        0x080001c7   Thumb Code     0  rtexit2.o(.ARM.Collect$$rtexit$$00000002)
    __rt_exit_exit                           0x080001cb   Thumb Code     0  rtexit2.o(.ARM.Collect$$rtexit$$00000004)
    SVC_Handler                              0x080001d1   Thumb Code    32  port.o(.emb_text)
    __asm___6_port_c_39a90d8d__prvStartFirstTask 0x080001f5   Thumb Code    28  port.o(.emb_text)
    PendSV_Handler                           0x08000215   Thumb Code    72  port.o(.emb_text)
    vPortGetIPSR                             0x08000261   Thumb Code     6  port.o(.emb_text)
    Reset_Handler                            0x08000269   Thumb Code     8  startup_stm32f103xb.o(.text)
    ADC1_2_IRQHandler                        0x08000283   Thumb Code     0  startup_stm32f103xb.o(.text)
    CAN1_RX1_IRQHandler                      0x08000283   Thumb Code     0  startup_stm32f103xb.o(.text)
    CAN1_SCE_IRQHandler                      0x08000283   Thumb Code     0  startup_stm32f103xb.o(.text)
    DMA1_Channel2_IRQHandler                 0x08000283   Thumb Code     0  startup_stm32f103xb.o(.text)
    DMA1_Channel3_IRQHandler                 0x08000283   Thumb Code     0  startup_stm32f103xb.o(.text)
    DMA1_Channel4_IRQHandler                 0x08000283   Thumb Code     0  startup_stm32f103xb.o(.text)
    DMA1_Channel6_IRQHandler                 0x08000283   Thumb Code     0  startup_stm32f103xb.o(.text)
    DMA1_Channel7_IRQHandler                 0x08000283   Thumb Code     0  startup_stm32f103xb.o(.text)
    EXTI15_10_IRQHandler                     0x08000283   Thumb Code     0  startup_stm32f103xb.o(.text)
    EXTI2_IRQHandler                         0x08000283   Thumb Code     0  startup_stm32f103xb.o(.text)
    EXTI4_IRQHandler                         0x08000283   Thumb Code     0  startup_stm32f103xb.o(.text)
    EXTI9_5_IRQHandler                       0x08000283   Thumb Code     0  startup_stm32f103xb.o(.text)
    FLASH_IRQHandler                         0x08000283   Thumb Code     0  startup_stm32f103xb.o(.text)
    I2C1_ER_IRQHandler                       0x08000283   Thumb Code     0  startup_stm32f103xb.o(.text)
    I2C1_EV_IRQHandler                       0x08000283   Thumb Code     0  startup_stm32f103xb.o(.text)
    I2C2_ER_IRQHandler                       0x08000283   Thumb Code     0  startup_stm32f103xb.o(.text)
    I2C2_EV_IRQHandler                       0x08000283   Thumb Code     0  startup_stm32f103xb.o(.text)
    PVD_IRQHandler                           0x08000283   Thumb Code     0  startup_stm32f103xb.o(.text)
    RCC_IRQHandler                           0x08000283   Thumb Code     0  startup_stm32f103xb.o(.text)
    RTC_Alarm_IRQHandler                     0x08000283   Thumb Code     0  startup_stm32f103xb.o(.text)
    RTC_IRQHandler                           0x08000283   Thumb Code     0  startup_stm32f103xb.o(.text)
    SPI1_IRQHandler                          0x08000283   Thumb Code     0  startup_stm32f103xb.o(.text)
    SPI2_IRQHandler                          0x08000283   Thumb Code     0  startup_stm32f103xb.o(.text)
    TAMPER_IRQHandler                        0x08000283   Thumb Code     0  startup_stm32f103xb.o(.text)
    TIM1_BRK_IRQHandler                      0x08000283   Thumb Code     0  startup_stm32f103xb.o(.text)
    TIM1_CC_IRQHandler                       0x08000283   Thumb Code     0  startup_stm32f103xb.o(.text)
    TIM1_TRG_COM_IRQHandler                  0x08000283   Thumb Code     0  startup_stm32f103xb.o(.text)
    TIM2_IRQHandler                          0x08000283   Thumb Code     0  startup_stm32f103xb.o(.text)
    TIM3_IRQHandler                          0x08000283   Thumb Code     0  startup_stm32f103xb.o(.text)
    TIM4_IRQHandler                          0x08000283   Thumb Code     0  startup_stm32f103xb.o(.text)
    USART2_IRQHandler                        0x08000283   Thumb Code     0  startup_stm32f103xb.o(.text)
    USART3_IRQHandler                        0x08000283   Thumb Code     0  startup_stm32f103xb.o(.text)
    USBWakeUp_IRQHandler                     0x08000283   Thumb Code     0  startup_stm32f103xb.o(.text)
    USB_HP_CAN1_TX_IRQHandler                0x08000283   Thumb Code     0  startup_stm32f103xb.o(.text)
    USB_LP_CAN1_RX0_IRQHandler               0x08000283   Thumb Code     0  startup_stm32f103xb.o(.text)
    WWDG_IRQHandler                          0x08000283   Thumb Code     0  startup_stm32f103xb.o(.text)
    __user_initial_stackheap                 0x08000285   Thumb Code     0  startup_stm32f103xb.o(.text)
    __2sprintf                               0x080002a9   Thumb Code    34  noretval__2sprintf.o(.text)
    __printf                                 0x080002d1   Thumb Code   104  __printf.o(.text)
    _printf_int_dec                          0x08000339   Thumb Code   104  _printf_dec.o(.text)
    __aeabi_memcpy                           0x080003b1   Thumb Code     0  rt_memcpy_v6.o(.text)
    __rt_memcpy                              0x080003b1   Thumb Code   138  rt_memcpy_v6.o(.text)
    _memcpy_lastbytes                        0x08000417   Thumb Code     0  rt_memcpy_v6.o(.text)
    __aeabi_memset                           0x0800043b   Thumb Code    16  aeabi_memset.o(.text)
    __aeabi_memclr                           0x0800044b   Thumb Code     0  rt_memclr.o(.text)
    __rt_memclr                              0x0800044b   Thumb Code    68  rt_memclr.o(.text)
    _memset                                  0x0800044f   Thumb Code     0  rt_memclr.o(.text)
    __aeabi_memclr4                          0x0800048f   Thumb Code     0  rt_memclr_w.o(.text)
    __aeabi_memclr8                          0x0800048f   Thumb Code     0  rt_memclr_w.o(.text)
    __rt_memclr_w                            0x0800048f   Thumb Code    78  rt_memclr_w.o(.text)
    _memset_w                                0x08000493   Thumb Code     0  rt_memclr_w.o(.text)
    __use_two_region_memory                  0x080004dd   Thumb Code     2  heapauxi.o(.text)
    __rt_heap_escrow$2region                 0x080004df   Thumb Code     2  heapauxi.o(.text)
    __rt_heap_expand$2region                 0x080004e1   Thumb Code     2  heapauxi.o(.text)
    _printf_int_common                       0x080004e3   Thumb Code   178  _printf_intcommon.o(.text)
    _printf_char_common                      0x0800059f   Thumb Code    32  _printf_char_common.o(.text)
    _sputc                                   0x080005c5   Thumb Code    10  _sputc.o(.text)
    __aeabi_memcpy4                          0x080005cf   Thumb Code     0  rt_memcpy_w.o(.text)
    __aeabi_memcpy8                          0x080005cf   Thumb Code     0  rt_memcpy_w.o(.text)
    __rt_memcpy_w                            0x080005cf   Thumb Code   100  rt_memcpy_w.o(.text)
    _memcpy_lastbytes_aligned                0x08000617   Thumb Code     0  rt_memcpy_w.o(.text)
    __user_setup_stackheap                   0x08000633   Thumb Code    74  sys_stackheap_outer.o(.text)
    exit                                     0x0800067d   Thumb Code    18  exit.o(.text)
    __user_libspace                          0x08000691   Thumb Code     8  libspace.o(.text)
    __user_perproc_libspace                  0x08000691   Thumb Code     0  libspace.o(.text)
    __user_perthread_libspace                0x08000691   Thumb Code     0  libspace.o(.text)
    _sys_exit                                0x08000699   Thumb Code     8  sys_exit.o(.text)
    __I$use$semihosting                      0x080006a5   Thumb Code     0  use_no_semi.o(.text)
    __use_no_semihosting_swi                 0x080006a5   Thumb Code     2  use_no_semi.o(.text)
    BusFault_Handler                         0x080006a7   Thumb Code     4  stm32f1xx_it.o(i.BusFault_Handler)
    __semihosting_library_function           0x080006a7   Thumb Code     0  indicate_semi.o(.text)
    DHT22_ReadValue                          0x08000899   Thumb Code   148  dht22.o(i.DHT22_ReadValue)
    DMA1_Channel1_IRQHandler                 0x08000965   Thumb Code    10  stm32f1xx_it.o(i.DMA1_Channel1_IRQHandler)
    DMA1_Channel5_IRQHandler                 0x08000975   Thumb Code    10  stm32f1xx_it.o(i.DMA1_Channel5_IRQHandler)
    DWT_Init                                 0x080009b1   Thumb Code    30  main.o(i.DWT_Init)
    DebugMon_Handler                         0x080009d9   Thumb Code     2  stm32f1xx_it.o(i.DebugMon_Handler)
    EXTI0_IRQHandler                         0x080009db   Thumb Code    10  stm32f1xx_it.o(i.EXTI0_IRQHandler)
    EXTI1_IRQHandler                         0x080009e5   Thumb Code    10  stm32f1xx_it.o(i.EXTI1_IRQHandler)
    EXTI3_IRQHandler                         0x080009ef   Thumb Code    10  stm32f1xx_it.o(i.EXTI3_IRQHandler)
    Error_Handler                            0x080009f9   Thumb Code     6  main.o(i.Error_Handler)
    HAL_DMA_Abort                            0x080009ff   Thumb Code    86  stm32f1xx_hal_dma.o(i.HAL_DMA_Abort)
    HAL_DMA_Abort_IT                         0x08000a55   Thumb Code   172  stm32f1xx_hal_dma.o(i.HAL_DMA_Abort_IT)
    HAL_DMA_IRQHandler                       0x08000b05   Thumb Code   408  stm32f1xx_hal_dma.o(i.HAL_DMA_IRQHandler)
    HAL_DMA_Init                             0x08000ca1   Thumb Code   100  stm32f1xx_hal_dma.o(i.HAL_DMA_Init)
    HAL_DMA_Start_IT                         0x08000d09   Thumb Code   156  stm32f1xx_hal_dma.o(i.HAL_DMA_Start_IT)
    HAL_GPIO_EXTI_Callback                   0x08000da5   Thumb Code    12  input.o(i.HAL_GPIO_EXTI_Callback)
    HAL_GPIO_EXTI_IRQHandler                 0x08000db1   Thumb Code    24  stm32f1xx_hal_gpio.o(i.HAL_GPIO_EXTI_IRQHandler)
    HAL_GPIO_Init                            0x08000dcd   Thumb Code   766  stm32f1xx_hal_gpio.o(i.HAL_GPIO_Init)
    HAL_GPIO_ReadPin                         0x080010ed   Thumb Code    16  stm32f1xx_hal_gpio.o(i.HAL_GPIO_ReadPin)
    HAL_GPIO_TogglePin                       0x080010fd   Thumb Code    20  stm32f1xx_hal_gpio.o(i.HAL_GPIO_TogglePin)
    HAL_GPIO_WritePin                        0x08001111   Thumb Code    12  stm32f1xx_hal_gpio.o(i.HAL_GPIO_WritePin)
    HAL_GetTick                              0x0800111d   Thumb Code     6  stm32f1xx_hal.o(i.HAL_GetTick)
    HAL_I2C_Init                             0x08001129   Thumb Code   446  stm32f1xx_hal_i2c.o(i.HAL_I2C_Init)
    HAL_I2C_IsDeviceReady                    0x080012f9   Thumb Code   430  stm32f1xx_hal_i2c.o(i.HAL_I2C_IsDeviceReady)
    HAL_I2C_Master_Transmit                  0x080014b1   Thumb Code   360  stm32f1xx_hal_i2c.o(i.HAL_I2C_Master_Transmit)
    HAL_I2C_MspInit                          0x08001621   Thumb Code   104  i2c.o(i.HAL_I2C_MspInit)
    HAL_IncTick                              0x08001695   Thumb Code    16  stm32f1xx_hal.o(i.HAL_IncTick)
    HAL_Init                                 0x080016ad   Thumb Code    34  stm32f1xx_hal.o(i.HAL_Init)
    HAL_InitTick                             0x080016d5   Thumb Code   138  stm32f1xx_hal_timebase_tim.o(i.HAL_InitTick)
    HAL_MspInit                              0x08001775   Thumb Code    86  stm32f1xx_hal_msp.o(i.HAL_MspInit)
    HAL_NVIC_EnableIRQ                       0x080017d5   Thumb Code    32  stm32f1xx_hal_cortex.o(i.HAL_NVIC_EnableIRQ)
    HAL_NVIC_SetPriority                     0x080017f5   Thumb Code   124  stm32f1xx_hal_cortex.o(i.HAL_NVIC_SetPriority)
    HAL_NVIC_SetPriorityGrouping             0x08001871   Thumb Code    32  stm32f1xx_hal_cortex.o(i.HAL_NVIC_SetPriorityGrouping)
    HAL_RCC_ClockConfig                      0x08001899   Thumb Code   376  stm32f1xx_hal_rcc.o(i.HAL_RCC_ClockConfig)
    HAL_RCC_GetClockConfig                   0x08001a25   Thumb Code    58  stm32f1xx_hal_rcc.o(i.HAL_RCC_GetClockConfig)
    HAL_RCC_GetHCLKFreq                      0x08001a69   Thumb Code     6  stm32f1xx_hal_rcc.o(i.HAL_RCC_GetHCLKFreq)
    HAL_RCC_GetPCLK1Freq                     0x08001a75   Thumb Code    22  stm32f1xx_hal_rcc.o(i.HAL_RCC_GetPCLK1Freq)
    HAL_RCC_GetPCLK2Freq                     0x08001a95   Thumb Code    22  stm32f1xx_hal_rcc.o(i.HAL_RCC_GetPCLK2Freq)
    HAL_RCC_GetSysClockFreq                  0x08001ab5   Thumb Code    92  stm32f1xx_hal_rcc.o(i.HAL_RCC_GetSysClockFreq)
    HAL_RCC_OscConfig                        0x08001b25   Thumb Code  1114  stm32f1xx_hal_rcc.o(i.HAL_RCC_OscConfig)
    HAL_TIMEx_BreakCallback                  0x08001f89   Thumb Code     2  stm32f1xx_hal_tim_ex.o(i.HAL_TIMEx_BreakCallback)
    HAL_TIMEx_CommutCallback                 0x08001f8b   Thumb Code     2  stm32f1xx_hal_tim_ex.o(i.HAL_TIMEx_CommutCallback)
    HAL_TIMEx_MasterConfigSynchronization    0x08001f8d   Thumb Code   118  stm32f1xx_hal_tim_ex.o(i.HAL_TIMEx_MasterConfigSynchronization)
    HAL_TIM_Base_Init                        0x08002011   Thumb Code   102  stm32f1xx_hal_tim.o(i.HAL_TIM_Base_Init)
    HAL_TIM_Base_MspInit                     0x08002079   Thumb Code   102  tim.o(i.HAL_TIM_Base_MspInit)
    HAL_TIM_Base_Start_IT                    0x080020ed   Thumb Code   106  stm32f1xx_hal_tim.o(i.HAL_TIM_Base_Start_IT)
    HAL_TIM_ConfigClockSource                0x08002165   Thumb Code   268  stm32f1xx_hal_tim.o(i.HAL_TIM_ConfigClockSource)
    HAL_TIM_Encoder_Init                     0x08002271   Thumb Code   196  stm32f1xx_hal_tim.o(i.HAL_TIM_Encoder_Init)
    HAL_TIM_Encoder_MspInit                  0x08002335   Thumb Code   100  tim.o(i.HAL_TIM_Encoder_MspInit)
    HAL_TIM_Encoder_Start                    0x080023a5   Thumb Code   204  stm32f1xx_hal_tim.o(i.HAL_TIM_Encoder_Start)
    HAL_TIM_ErrorCallback                    0x08002471   Thumb Code     2  stm32f1xx_hal_tim.o(i.HAL_TIM_ErrorCallback)
    HAL_TIM_IC_CaptureCallback               0x08002473   Thumb Code     2  stm32f1xx_hal_tim.o(i.HAL_TIM_IC_CaptureCallback)
    HAL_TIM_IRQHandler                       0x08002475   Thumb Code   364  stm32f1xx_hal_tim.o(i.HAL_TIM_IRQHandler)
    HAL_TIM_MspPostInit                      0x080025e1   Thumb Code    78  tim.o(i.HAL_TIM_MspPostInit)
    HAL_TIM_OC_DelayElapsedCallback          0x08002639   Thumb Code     2  stm32f1xx_hal_tim.o(i.HAL_TIM_OC_DelayElapsedCallback)
    HAL_TIM_PWM_ConfigChannel                0x0800263b   Thumb Code   260  stm32f1xx_hal_tim.o(i.HAL_TIM_PWM_ConfigChannel)
    HAL_TIM_PWM_Init                         0x0800273f   Thumb Code   102  stm32f1xx_hal_tim.o(i.HAL_TIM_PWM_Init)
    HAL_TIM_PWM_MspInit                      0x080027a5   Thumb Code     2  stm32f1xx_hal_tim.o(i.HAL_TIM_PWM_MspInit)
    HAL_TIM_PWM_PulseFinishedCallback        0x080027a9   Thumb Code    14  tim.o(i.HAL_TIM_PWM_PulseFinishedCallback)
    HAL_TIM_PWM_PulseFinishedHalfCpltCallback 0x080027bd   Thumb Code     2  stm32f1xx_hal_tim.o(i.HAL_TIM_PWM_PulseFinishedHalfCpltCallback)
    HAL_TIM_PWM_Start_DMA                    0x080027c1   Thumb Code   506  stm32f1xx_hal_tim.o(i.HAL_TIM_PWM_Start_DMA)
    HAL_TIM_PWM_Stop_DMA                     0x080029d5   Thumb Code   260  stm32f1xx_hal_tim.o(i.HAL_TIM_PWM_Stop_DMA)
    HAL_TIM_PeriodElapsedCallback            0x08002add   Thumb Code    18  main.o(i.HAL_TIM_PeriodElapsedCallback)
    HAL_TIM_TriggerCallback                  0x08002af5   Thumb Code     2  stm32f1xx_hal_tim.o(i.HAL_TIM_TriggerCallback)
    HAL_UARTEx_RxEventCallback               0x08002af7   Thumb Code     2  stm32f1xx_hal_uart.o(i.HAL_UARTEx_RxEventCallback)
    HAL_UART_ErrorCallback                   0x08002af9   Thumb Code     2  stm32f1xx_hal_uart.o(i.HAL_UART_ErrorCallback)
    HAL_UART_IRQHandler                      0x08002afd   Thumb Code   736  stm32f1xx_hal_uart.o(i.HAL_UART_IRQHandler)
    HAL_UART_Init                            0x08002de1   Thumb Code   118  stm32f1xx_hal_uart.o(i.HAL_UART_Init)
    HAL_UART_MspInit                         0x08002e59   Thumb Code   192  usart.o(i.HAL_UART_MspInit)
    HAL_UART_Receive_IT                      0x08002f2d   Thumb Code    44  stm32f1xx_hal_uart.o(i.HAL_UART_Receive_IT)
    HAL_UART_RxCpltCallback                  0x08002f59   Thumb Code    76  usart.o(i.HAL_UART_RxCpltCallback)
    HAL_UART_TxCpltCallback                  0x08002fbd   Thumb Code     2  stm32f1xx_hal_uart.o(i.HAL_UART_TxCpltCallback)
    HardFault_Handler                        0x08002fbf   Thumb Code     4  stm32f1xx_it.o(i.HardFault_Handler)
    MX_DMA_Init                              0x08003345   Thumb Code    64  dma.o(i.MX_DMA_Init)
    MX_GPIO_Init                             0x08003389   Thumb Code   218  gpio.o(i.MX_GPIO_Init)
    MX_I2C1_Init                             0x08003475   Thumb Code    48  i2c.o(i.MX_I2C1_Init)
    MX_TIM2_Init                             0x080034b1   Thumb Code   156  tim.o(i.MX_TIM2_Init)
    MX_TIM3_Init                             0x08003551   Thumb Code   114  tim.o(i.MX_TIM3_Init)
    MX_USART1_UART_Init                      0x080035cd   Thumb Code    46  usart.o(i.MX_USART1_UART_Init)
    MemManage_Handler                        0x08003605   Thumb Code     4  stm32f1xx_it.o(i.MemManage_Handler)
    NMI_Handler                              0x08003609   Thumb Code     4  stm32f1xx_it.o(i.NMI_Handler)
    PL9823_get_brightness                    0x0800360d   Thumb Code     6  pl9823.o(i.PL9823_get_brightness)
    PL9823_get_mode                          0x08003619   Thumb Code     6  pl9823.o(i.PL9823_get_mode)
    PL9823_get_speed                         0x08003625   Thumb Code     6  pl9823.o(i.PL9823_get_speed)
    PL9823_set_speed                         0x08003631   Thumb Code     6  pl9823.o(i.PL9823_set_speed)
    PL9823_show                              0x0800363d   Thumb Code   112  pl9823.o(i.PL9823_show)
    SH1106_Clear                             0x080036dd   Thumb Code    14  sh1106.o(i.SH1106_Clear)
    SH1106_Clear_Range                       0x080036eb   Thumb Code    40  sh1106.o(i.SH1106_Clear_Range)
    SH1106_DrawBitmap                        0x08003715   Thumb Code   290  sh1106.o(i.SH1106_DrawBitmap)
    SH1106_DrawFilledRectangle               0x0800383d   Thumb Code    94  sh1106.o(i.SH1106_DrawFilledRectangle)
    SH1106_DrawLine                          0x0800389b   Thumb Code   330  sh1106.o(i.SH1106_DrawLine)
    SH1106_DrawPixel                         0x080039e5   Thumb Code   152  sh1106.o(i.SH1106_DrawPixel)
    SH1106_Fill                              0x08003a85   Thumb Code    26  sh1106.o(i.SH1106_Fill)
    SH1106_Fill_Range                        0x08003aa5   Thumb Code   230  sh1106.o(i.SH1106_Fill_Range)
    SH1106_GotoXY                            0x08003b91   Thumb Code     8  sh1106.o(i.SH1106_GotoXY)
    SH1106_I2C_Write                         0x08003b9d   Thumb Code    34  sh1106.o(i.SH1106_I2C_Write)
    SH1106_I2C_WriteMulti                    0x08003bc5   Thumb Code    62  sh1106.o(i.SH1106_I2C_WriteMulti)
    SH1106_Init                              0x08003c09   Thumb Code   290  sh1106.o(i.SH1106_Init)
    SH1106_Putc                              0x08003d35   Thumb Code   164  sh1106.o(i.SH1106_Putc)
    SH1106_Puts                              0x08003ddd   Thumb Code    42  sh1106.o(i.SH1106_Puts)
    SH1106_ShowFixedInfo                     0x08003e09   Thumb Code   124  sh1106.o(i.SH1106_ShowFixedInfo)
    SH1106_UpdateScreen                      0x08003e95   Thumb Code    74  sh1106.o(i.SH1106_UpdateScreen)
    SH1106_Update_Range                      0x08003ee5   Thumb Code   146  sh1106.o(i.SH1106_Update_Range)
    SysTick_Handler                          0x08003f7d   Thumb Code    22  cmsis_os2.o(i.SysTick_Handler)
    SystemClock_Config                       0x08003f93   Thumb Code   102  main.o(i.SystemClock_Config)
    SystemInit                               0x08003ff9   Thumb Code     2  system_stm32f1xx_1.o(i.SystemInit)
    TIM1_UP_IRQHandler                       0x08003ffd   Thumb Code    10  stm32f1xx_it.o(i.TIM1_UP_IRQHandler)
    TIM_Base_SetConfig                       0x0800400d   Thumb Code   120  stm32f1xx_hal_tim.o(i.TIM_Base_SetConfig)
    TIM_CCxChannelCmd                        0x08004091   Thumb Code    34  stm32f1xx_hal_tim.o(i.TIM_CCxChannelCmd)
    TIM_DMADelayPulseHalfCplt                0x0800411b   Thumb Code    64  stm32f1xx_hal_tim.o(i.TIM_DMADelayPulseHalfCplt)
    TIM_DMAError                             0x0800415b   Thumb Code    94  stm32f1xx_hal_tim.o(i.TIM_DMAError)
    TIM_ETR_SetConfig                        0x080041b9   Thumb Code    22  stm32f1xx_hal_tim.o(i.TIM_ETR_SetConfig)
    TIM_OC2_SetConfig                        0x08004241   Thumb Code   100  stm32f1xx_hal_tim.o(i.TIM_OC2_SetConfig)
    UART_Start_Receive_IT                    0x08004641   Thumb Code    64  stm32f1xx_hal_uart.o(i.UART_Start_Receive_IT)
    USART1_IRQHandler                        0x080046e1   Thumb Code    10  stm32f1xx_it.o(i.USART1_IRQHandler)
    UsageFault_Handler                       0x080046f1   Thumb Code     4  stm32f1xx_it.o(i.UsageFault_Handler)
    action_brightness                        0x0800472d   Thumb Code     2  menu_control.o(i.action_brightness)
    action_mode                              0x0800472f   Thumb Code     2  menu_control.o(i.action_mode)
    action_speed                             0x08004731   Thumb Code     2  menu_control.o(i.action_speed)
    active_setting_render                    0x08004735   Thumb Code    30  menu_control.o(i.active_setting_render)
    button_process                           0x08004761   Thumb Code   100  input.o(i.button_process)
    control_task                             0x080047d1   Thumb Code     8  main.o(i.control_task)
    control_task_handler                     0x080047d9   Thumb Code    44  app.o(i.control_task_handler)
    count_digits                             0x08004809   Thumb Code    34  utils.o(i.count_digits)
    deactive_setting_render                  0x0800482d   Thumb Code    68  menu_control.o(i.deactive_setting_render)
    decrease_value_setting_render            0x08004875   Thumb Code    90  menu_control.o(i.decrease_value_setting_render)
    delay_us                                 0x080048dd   Thumb Code    34  main.o(i.delay_us)
    frame_render                             0x0800490d   Thumb Code   182  menu_control.o(i.frame_render)
    increase_value_setting_render            0x080049d1   Thumb Code    90  menu_control.o(i.increase_value_setting_render)
    input_task                               0x08004a39   Thumb Code     8  main.o(i.input_task)
    input_task_handler                       0x08004a41   Thumb Code   100  app.o(i.input_task_handler)
    lcd_task                                 0x08004aad   Thumb Code     8  main.o(i.lcd_task)
    lcd_task_handler                         0x08004ab5   Thumb Code    94  app.o(i.lcd_task_handler)
    led_task                                 0x08004b19   Thumb Code     8  main.o(i.led_task)
    led_task_handler                         0x08004b21   Thumb Code    86  app.o(i.led_task_handler)
    led_test                                 0x08004b7d   Thumb Code    88  utils.o(i.led_test)
    main                                     0x08004bd9   Thumb Code   726  main.o(i.main)
    menu_render                              0x08004f55   Thumb Code    32  menu_control.o(i.menu_render)
    parse_byte                               0x08004f79   Thumb Code   162  usart.o(i.parse_byte)
    parser_reset                             0x0800501b   Thumb Code    24  usart.o(i.parser_reset)
    process_command                          0x08005035   Thumb Code    88  control.o(i.process_command)
    pvPortMalloc                             0x08005b0d   Thumb Code   316  heap_4.o(i.pvPortMalloc)
    pxPortInitialiseStack                    0x08005c61   Thumb Code    30  port.o(i.pxPortInitialiseStack)
    render_home_page                         0x08005c85   Thumb Code   186  menu_control.o(i.render_home_page)
    render_setting_page                      0x08005d65   Thumb Code   118  menu_control.o(i.render_setting_page)
    sensor_task                              0x08005e49   Thumb Code     8  main.o(i.sensor_task)
    sensor_task_handler                      0x08005e51   Thumb Code    52  app.o(i.sensor_task_handler)
    uart_rb_pop                              0x08005e89   Thumb Code    44  usart.o(i.uart_rb_pop)
    uart_task                                0x08005ee3   Thumb Code     8  main.o(i.uart_task)
    uart_task_handler                        0x08005eed   Thumb Code   140  app.o(i.uart_task_handler)
    ui_task                                  0x08005f81   Thumb Code     8  main.o(i.ui_task)
    ui_task_handler                          0x08005f89   Thumb Code   366  app.o(i.ui_task_handler)
    ulTaskNotifyTake                         0x0800610d   Thumb Code   108  tasks.o(i.ulTaskNotifyTake)
    uxListRemove                             0x08006181   Thumb Code    40  list.o(i.uxListRemove)
    vApplicationGetIdleTaskMemory            0x080061a9   Thumb Code    14  cmsis_os2.o(i.vApplicationGetIdleTaskMemory)
    vApplicationGetTimerTaskMemory           0x080061c1   Thumb Code    16  cmsis_os2.o(i.vApplicationGetTimerTaskMemory)
    vApplicationMallocFailedHook             0x080061d9   Thumb Code     2  cmsis_os2.o(i.vApplicationMallocFailedHook)
    vApplicationStackOverflowHook            0x080061db   Thumb Code    22  cmsis_os2.o(i.vApplicationStackOverflowHook)
    vListInitialise                          0x080061f1   Thumb Code    26  list.o(i.vListInitialise)
    vListInitialiseItem                      0x0800620b   Thumb Code     6  list.o(i.vListInitialiseItem)
    vListInsert                              0x08006211   Thumb Code    52  list.o(i.vListInsert)
    vListInsertEnd                           0x08006245   Thumb Code    24  list.o(i.vListInsertEnd)
    vPortEnterCritical                       0x0800625d   Thumb Code    76  port.o(i.vPortEnterCritical)
    vPortExitCritical                        0x080062b1   Thumb Code    56  port.o(i.vPortExitCritical)
    vPortFree                                0x080062ed   Thumb Code   150  heap_4.o(i.vPortFree)
    vPortSetupTimerInterrupt                 0x08006391   Thumb Code    36  port.o(i.vPortSetupTimerInterrupt)
    vPortValidateInterruptPriority           0x080063b9   Thumb Code   106  port.o(i.vPortValidateInterruptPriority)
    vQueueAddToRegistry                      0x08006431   Thumb Code    38  queue.o(i.vQueueAddToRegistry)
    vQueueWaitForMessageRestricted           0x0800645d   Thumb Code    74  queue.o(i.vQueueWaitForMessageRestricted)
    vTaskDelay                               0x080064a9   Thumb Code    82  tasks.o(i.vTaskDelay)
    vTaskDelayUntil                          0x08006505   Thumb Code   200  tasks.o(i.vTaskDelayUntil)
    vTaskInternalSetTimeOutState             0x080065d9   Thumb Code    14  tasks.o(i.vTaskInternalSetTimeOutState)
    vTaskMissedYield                         0x080065f1   Thumb Code     8  tasks.o(i.vTaskMissedYield)
    vTaskNotifyGiveFromISR                   0x080065fd   Thumb Code   212  tasks.o(i.vTaskNotifyGiveFromISR)
    vTaskPlaceOnEventList                    0x080066e9   Thumb Code    52  tasks.o(i.vTaskPlaceOnEventList)
    vTaskPlaceOnEventListRestricted          0x08006721   Thumb Code    60  tasks.o(i.vTaskPlaceOnEventListRestricted)
    vTaskResume                              0x08006761   Thumb Code   126  tasks.o(i.vTaskResume)
    vTaskStartScheduler                      0x080067f1   Thumb Code   156  tasks.o(i.vTaskStartScheduler)
    vTaskSuspend                             0x080068a9   Thumb Code   176  tasks.o(i.vTaskSuspend)
    vTaskSuspendAll                          0x08006971   Thumb Code    12  tasks.o(i.vTaskSuspendAll)
    vTaskSwitchContext                       0x08006981   Thumb Code   178  tasks.o(i.vTaskSwitchContext)
    validateChecksum                         0x08006a49   Thumb Code    48  utils.o(i.validateChecksum)
    xPortStartScheduler                      0x08006a79   Thumb Code   228  port.o(i.xPortStartScheduler)
    xPortSysTickHandler                      0x08006b71   Thumb Code    46  port.o(i.xPortSysTickHandler)
    xQueueGenericCreate                      0x08006ba5   Thumb Code    90  queue.o(i.xQueueGenericCreate)
    xQueueGenericCreateStatic                0x08006bff   Thumb Code   224  queue.o(i.xQueueGenericCreateStatic)
    xQueueGenericReset                       0x08006ce1   Thumb Code   146  queue.o(i.xQueueGenericReset)
    xQueueGenericSend                        0x08006d79   Thumb Code   420  queue.o(i.xQueueGenericSend)
    xQueueGenericSendFromISR                 0x08006f21   Thumb Code   252  queue.o(i.xQueueGenericSendFromISR)
    xQueueReceive                            0x0800701d   Thumb Code   356  queue.o(i.xQueueReceive)
    xTaskCheckForTimeOut                     0x08007185   Thumb Code   132  tasks.o(i.xTaskCheckForTimeOut)
    xTaskCreate                              0x08007211   Thumb Code   100  tasks.o(i.xTaskCreate)
    xTaskCreateStatic                        0x08007275   Thumb Code   186  tasks.o(i.xTaskCreateStatic)
    xTaskGetSchedulerState                   0x08007331   Thumb Code    24  tasks.o(i.xTaskGetSchedulerState)
    xTaskGetTickCount                        0x08007351   Thumb Code     6  tasks.o(i.xTaskGetTickCount)
    xTaskGetTickCountFromISR                 0x0800735d   Thumb Code    16  tasks.o(i.xTaskGetTickCountFromISR)
    xTaskIncrementTick                       0x08007371   Thumb Code   280  tasks.o(i.xTaskIncrementTick)
    xTaskPriorityDisinherit                  0x080074b5   Thumb Code   152  tasks.o(i.xTaskPriorityDisinherit)
    xTaskRemoveFromEventList                 0x08007559   Thumb Code   126  tasks.o(i.xTaskRemoveFromEventList)
    xTaskResumeAll                           0x080075f1   Thumb Code   222  tasks.o(i.xTaskResumeAll)
    xTimerCreateTimerTask                    0x080076f5   Thumb Code   100  timers.o(i.xTimerCreateTimerTask)
    xTimerGenericCommand                     0x0800776d   Thumb Code   128  timers.o(i.xTimerGenericCommand)
    MENU_COUNT                               0x080077f0   Data           1  menu_control.o(.constdata)
    Font7x10                                 0x080077f2   Data        1900  fonts.o(.constdata)
    Font11x18                                0x08007f5e   Data        3420  fonts.o(.constdata)
    Font16x26                                0x08008cba   Data        4940  fonts.o(.constdata)
    bell_icon_16x16                          0x0800a006   Data          32  bitmap.o(.constdata)
    bell_off_icon_16x16                      0x0800a026   Data          32  bitmap.o(.constdata)
    bluetooth_icon_16x16                     0x0800a046   Data          32  bitmap.o(.constdata)
    bluetooth_off_icon_16x16                 0x0800a066   Data          32  bitmap.o(.constdata)
    humidity_icon_16x16                      0x0800a086   Data          32  bitmap.o(.constdata)
    temperature_icon_16x16                   0x0800a0a6   Data          32  bitmap.o(.constdata)
    wifi_icon_16x16                          0x0800a0c6   Data          32  bitmap.o(.constdata)
    wifi_off_icon_16x16                      0x0800a0e6   Data          32  bitmap.o(.constdata)
    arrow                                    0x0800a106   Data           8  bitmap.o(.constdata)
    icons8_toggle_off_16                     0x0800a10e   Data          32  bitmap.o(.constdata)
    icons8_toggle_on_16                      0x0800a12e   Data          32  bitmap.o(.constdata)
    AHBPrescTable                            0x0800a160   Data          16  system_stm32f1xx_1.o(.constdata)
    APBPrescTable                            0x0800a170   Data           8  system_stm32f1xx_1.o(.constdata)
    Region$$Table$$Base                      0x0800a1a0   Number         0  anon$$obj.o(Region$$Table)
    Region$$Table$$Limit                     0x0800a1c0   Number         0  anon$$obj.o(Region$$Table)
    frame2                                   0x20000000   Data          12  app.o(.data)
    frame3                                   0x2000000c   Data          12  app.o(.data)
    frame4                                   0x20000018   Data          12  app.o(.data)
    frame6                                   0x20000024   Data          12  app.o(.data)
    frame7                                   0x20000030   Data          12  app.o(.data)
    frame8                                   0x2000003c   Data          12  app.o(.data)
    frame10                                  0x20000048   Data          12  app.o(.data)
    frame12                                  0x20000054   Data          12  app.o(.data)
    frame14                                  0x20000060   Data          12  app.o(.data)
    led_frames                               0x2000006c   Data          56  app.o(.data)
    index_value                              0x200000a4   Data           4  app.o(.data)
    led_task_t                               0x200000b0   Data           4  pl9823.o(.data)
    pl9823                                   0x200000b4   Data           4  pl9823.o(.data)
    menu_items                               0x200000b8   Data          48  menu_control.o(.data)
    menu                                     0x200000e8   Data           4  menu_control.o(.data)
    current_page                             0x200000ec   Data           1  menu_control.o(.data)
    uart_task_t                              0x200000f0   Data           4  usart.o(.data)
    received_commandHandle                   0x200000f4   Data           4  usart.o(.data)
    rx_byte                                  0x200000fa   Data           1  usart.o(.data)
    Font_7x10                                0x200000fc   Data           8  fonts.o(.data)
    Font_11x18                               0x20000104   Data           8  fonts.o(.data)
    Font_16x26                               0x2000010c   Data           8  fonts.o(.data)
    input_Handle                             0x20000114   Data           4  input.o(.data)
    last_btn_press_time                      0x20000118   Data           4  input.o(.data)
    lcd_task_t                               0x2000011c   Data           4  sh1106.o(.data)
    lcd_commandHandle                        0x20000120   Data           4  sh1106.o(.data)
    lcd_dataHandle                           0x20000124   Data           4  sh1106.o(.data)
    uwTick                                   0x20000130   Data           4  stm32f1xx_hal.o(.data)
    uwTickPrio                               0x20000134   Data           4  stm32f1xx_hal.o(.data)
    uwTickFreq                               0x20000138   Data           1  stm32f1xx_hal.o(.data)
    SystemCoreClock                          0x2000013c   Data           4  system_stm32f1xx_1.o(.data)
    pxCurrentTCB                             0x20000140   Data           4  tasks.o(.data)
    frame1                                   0x200001bc   Data          12  app.o(.bss)
    frame5                                   0x200001c8   Data          12  app.o(.bss)
    frame9                                   0x200001d4   Data          12  app.o(.bss)
    frame11                                  0x200001e0   Data          12  app.o(.bss)
    frame13                                  0x200001ec   Data          12  app.o(.bss)
    hi2c1                                    0x200002ec   Data          84  i2c.o(.bss)
    htim2                                    0x20000340   Data          72  tim.o(.bss)
    htim3                                    0x20000388   Data          72  tim.o(.bss)
    hdma_tim2_ch3                            0x200003d0   Data          68  tim.o(.bss)
    huart1                                   0x20000414   Data          72  usart.o(.bss)
    hdma_usart1_rx                           0x2000045c   Data          68  usart.o(.bss)
    hdma_usart1_tx                           0x200004a0   Data          68  usart.o(.bss)
    ring_buffer                              0x200004e4   Data         262  usart.o(.bss)
    htim1                                    0x200005ec   Data          72  stm32f1xx_hal_timebase_tim.o(.bss)
    xQueueRegistry                           0x20000a34   Data          64  queue.o(.bss)
    __libspace_start                         0x20003f08   Data          96  libspace.o(.bss)
    __temporary_stack_top$libspace           0x20003f68   Data           0  libspace.o(.bss)



==============================================================================

Memory Map of the image

  Image Entry point : 0x080000ed

  Load Region LR_IROM1 (Base: 0x08000000, Size: 0x0000a37c, Max: 0x00010000, ABSOLUTE, COMPRESSED[0x0000a24c])

    Execution Region ER_IROM1 (Exec base: 0x08000000, Load base: 0x08000000, Size: 0x0000a1c0, Max: 0x00010000, ABSOLUTE)

    Exec Addr    Load Addr    Size         Type   Attr      Idx    E Section Name        Object

    0x08000000   0x08000000   0x000000ec   Data   RO            3    RESET               startup_stm32f103xb.o
    0x080000ec   0x080000ec   0x00000008   Code   RO         6183  * !!!main             c_w.l(__main.o)
    0x080000f4   0x080000f4   0x00000034   Code   RO         6355    !!!scatter          c_w.l(__scatter.o)
    0x08000128   0x08000128   0x0000005a   Code   RO         6353    !!dczerorl2         c_w.l(__dczerorl2.o)
    0x08000182   0x08000182   0x00000002   PAD
    0x08000184   0x08000184   0x0000001c   Code   RO         6357    !!handler_zi        c_w.l(__scatter_zi.o)
    0x080001a0   0x080001a0   0x00000000   Code   RO         6168    .ARM.Collect$$_printf_percent$$00000000  c_w.l(_printf_percent.o)
    0x080001a0   0x080001a0   0x00000006   Code   RO         6167    .ARM.Collect$$_printf_percent$$00000009  c_w.l(_printf_d.o)
    0x080001a6   0x080001a6   0x00000004   Code   RO         6192    .ARM.Collect$$_printf_percent$$00000017  c_w.l(_printf_percent_end.o)
    0x080001aa   0x080001aa   0x00000002   Code   RO         6221    .ARM.Collect$$libinit$$00000000  c_w.l(libinit.o)
    0x080001ac   0x080001ac   0x00000000   Code   RO         6228    .ARM.Collect$$libinit$$00000002  c_w.l(libinit2.o)
    0x080001ac   0x080001ac   0x00000000   Code   RO         6230    .ARM.Collect$$libinit$$00000004  c_w.l(libinit2.o)
    0x080001ac   0x080001ac   0x00000000   Code   RO         6233    .ARM.Collect$$libinit$$0000000A  c_w.l(libinit2.o)
    0x080001ac   0x080001ac   0x00000000   Code   RO         6235    .ARM.Collect$$libinit$$0000000C  c_w.l(libinit2.o)
    0x080001ac   0x080001ac   0x00000000   Code   RO         6237    .ARM.Collect$$libinit$$0000000E  c_w.l(libinit2.o)
    0x080001ac   0x080001ac   0x00000000   Code   RO         6240    .ARM.Collect$$libinit$$00000011  c_w.l(libinit2.o)
    0x080001ac   0x080001ac   0x00000000   Code   RO         6242    .ARM.Collect$$libinit$$00000013  c_w.l(libinit2.o)
    0x080001ac   0x080001ac   0x00000000   Code   RO         6244    .ARM.Collect$$libinit$$00000015  c_w.l(libinit2.o)
    0x080001ac   0x080001ac   0x00000000   Code   RO         6246    .ARM.Collect$$libinit$$00000017  c_w.l(libinit2.o)
    0x080001ac   0x080001ac   0x00000000   Code   RO         6248    .ARM.Collect$$libinit$$00000019  c_w.l(libinit2.o)
    0x080001ac   0x080001ac   0x00000000   Code   RO         6250    .ARM.Collect$$libinit$$0000001B  c_w.l(libinit2.o)
    0x080001ac   0x080001ac   0x00000000   Code   RO         6252    .ARM.Collect$$libinit$$0000001D  c_w.l(libinit2.o)
    0x080001ac   0x080001ac   0x00000000   Code   RO         6254    .ARM.Collect$$libinit$$0000001F  c_w.l(libinit2.o)
    0x080001ac   0x080001ac   0x00000000   Code   RO         6256    .ARM.Collect$$libinit$$00000021  c_w.l(libinit2.o)
    0x080001ac   0x080001ac   0x00000000   Code   RO         6258    .ARM.Collect$$libinit$$00000023  c_w.l(libinit2.o)
    0x080001ac   0x080001ac   0x00000000   Code   RO         6260    .ARM.Collect$$libinit$$00000025  c_w.l(libinit2.o)
    0x080001ac   0x080001ac   0x00000000   Code   RO         6264    .ARM.Collect$$libinit$$0000002C  c_w.l(libinit2.o)
    0x080001ac   0x080001ac   0x00000000   Code   RO         6266    .ARM.Collect$$libinit$$0000002E  c_w.l(libinit2.o)
    0x080001ac   0x080001ac   0x00000000   Code   RO         6268    .ARM.Collect$$libinit$$00000030  c_w.l(libinit2.o)
    0x080001ac   0x080001ac   0x00000000   Code   RO         6270    .ARM.Collect$$libinit$$00000032  c_w.l(libinit2.o)
    0x080001ac   0x080001ac   0x00000002   Code   RO         6271    .ARM.Collect$$libinit$$00000033  c_w.l(libinit2.o)
    0x080001ae   0x080001ae   0x00000002   Code   RO         6291    .ARM.Collect$$libshutdown$$00000000  c_w.l(libshutdown.o)
    0x080001b0   0x080001b0   0x00000000   Code   RO         6304    .ARM.Collect$$libshutdown$$00000002  c_w.l(libshutdown2.o)
    0x080001b0   0x080001b0   0x00000000   Code   RO         6306    .ARM.Collect$$libshutdown$$00000004  c_w.l(libshutdown2.o)
    0x080001b0   0x080001b0   0x00000000   Code   RO         6308    .ARM.Collect$$libshutdown$$00000006  c_w.l(libshutdown2.o)
    0x080001b0   0x080001b0   0x00000000   Code   RO         6311    .ARM.Collect$$libshutdown$$00000009  c_w.l(libshutdown2.o)
    0x080001b0   0x080001b0   0x00000000   Code   RO         6314    .ARM.Collect$$libshutdown$$0000000C  c_w.l(libshutdown2.o)
    0x080001b0   0x080001b0   0x00000000   Code   RO         6316    .ARM.Collect$$libshutdown$$0000000E  c_w.l(libshutdown2.o)
    0x080001b0   0x080001b0   0x00000000   Code   RO         6319    .ARM.Collect$$libshutdown$$00000011  c_w.l(libshutdown2.o)
    0x080001b0   0x080001b0   0x00000002   Code   RO         6320    .ARM.Collect$$libshutdown$$00000012  c_w.l(libshutdown2.o)
    0x080001b2   0x080001b2   0x00000000   Code   RO         6185    .ARM.Collect$$rtentry$$00000000  c_w.l(__rtentry.o)
    0x080001b2   0x080001b2   0x00000000   Code   RO         6196    .ARM.Collect$$rtentry$$00000002  c_w.l(__rtentry2.o)
    0x080001b2   0x080001b2   0x00000006   Code   RO         6208    .ARM.Collect$$rtentry$$00000004  c_w.l(__rtentry4.o)
    0x080001b8   0x080001b8   0x00000000   Code   RO         6198    .ARM.Collect$$rtentry$$00000009  c_w.l(__rtentry2.o)
    0x080001b8   0x080001b8   0x00000004   Code   RO         6199    .ARM.Collect$$rtentry$$0000000A  c_w.l(__rtentry2.o)
    0x080001bc   0x080001bc   0x00000000   Code   RO         6201    .ARM.Collect$$rtentry$$0000000C  c_w.l(__rtentry2.o)
    0x080001bc   0x080001bc   0x00000008   Code   RO         6202    .ARM.Collect$$rtentry$$0000000D  c_w.l(__rtentry2.o)
    0x080001c4   0x080001c4   0x00000002   Code   RO         6225    .ARM.Collect$$rtexit$$00000000  c_w.l(rtexit.o)
    0x080001c6   0x080001c6   0x00000000   Code   RO         6273    .ARM.Collect$$rtexit$$00000002  c_w.l(rtexit2.o)
    0x080001c6   0x080001c6   0x00000004   Code   RO         6274    .ARM.Collect$$rtexit$$00000003  c_w.l(rtexit2.o)
    0x080001ca   0x080001ca   0x00000006   Code   RO         6275    .ARM.Collect$$rtexit$$00000004  c_w.l(rtexit2.o)
    0x080001d0   0x080001d0   0x00000096   Code   RO         6058    .emb_text           port.o
    0x08000266   0x08000266   0x00000002   PAD
    0x08000268   0x08000268   0x00000040   Code   RO            4    .text               startup_stm32f103xb.o
    0x080002a8   0x080002a8   0x00000028   Code   RO         6141    .text               c_w.l(noretval__2sprintf.o)
    0x080002d0   0x080002d0   0x00000068   Code   RO         6143    .text               c_w.l(__printf.o)
    0x08000338   0x08000338   0x00000078   Code   RO         6145    .text               c_w.l(_printf_dec.o)
    0x080003b0   0x080003b0   0x0000008a   Code   RO         6171    .text               c_w.l(rt_memcpy_v6.o)
    0x0800043a   0x0800043a   0x00000010   Code   RO         6175    .text               c_w.l(aeabi_memset.o)
    0x0800044a   0x0800044a   0x00000044   Code   RO         6177    .text               c_w.l(rt_memclr.o)
    0x0800048e   0x0800048e   0x0000004e   Code   RO         6179    .text               c_w.l(rt_memclr_w.o)
    0x080004dc   0x080004dc   0x00000006   Code   RO         6181    .text               c_w.l(heapauxi.o)
    0x080004e2   0x080004e2   0x000000b2   Code   RO         6186    .text               c_w.l(_printf_intcommon.o)
    0x08000594   0x08000594   0x00000030   Code   RO         6188    .text               c_w.l(_printf_char_common.o)
    0x080005c4   0x080005c4   0x0000000a   Code   RO         6190    .text               c_w.l(_sputc.o)
    0x080005ce   0x080005ce   0x00000064   Code   RO         6193    .text               c_w.l(rt_memcpy_w.o)
    0x08000632   0x08000632   0x0000004a   Code   RO         6212    .text               c_w.l(sys_stackheap_outer.o)
    0x0800067c   0x0800067c   0x00000012   Code   RO         6214    .text               c_w.l(exit.o)
    0x0800068e   0x0800068e   0x00000002   PAD
    0x08000690   0x08000690   0x00000008   Code   RO         6222    .text               c_w.l(libspace.o)
    0x08000698   0x08000698   0x0000000c   Code   RO         6283    .text               c_w.l(sys_exit.o)
    0x080006a4   0x080006a4   0x00000002   Code   RO         6294    .text               c_w.l(use_no_semi.o)
    0x080006a6   0x080006a6   0x00000000   Code   RO         6296    .text               c_w.l(indicate_semi.o)
    0x080006a6   0x080006a6   0x00000004   Code   RO         1003    i.BusFault_Handler  stm32f1xx_it.o
    0x080006aa   0x080006aa   0x00000002   PAD
    0x080006ac   0x080006ac   0x0000002c   Code   RO          296    i.DHT22_Input_Mode_Init  dht22.o
    0x080006d8   0x080006d8   0x00000028   Code   RO          297    i.DHT22_Output_Mode_Init  dht22.o
    0x08000700   0x08000700   0x00000198   Code   RO          298    i.DHT22_ReadData    dht22.o
    0x08000898   0x08000898   0x00000098   Code   RO          299    i.DHT22_ReadValue   dht22.o
    0x08000930   0x08000930   0x00000034   Code   RO          300    i.DHT22_Send_Start_Signal  dht22.o
    0x08000964   0x08000964   0x00000010   Code   RO         1004    i.DMA1_Channel1_IRQHandler  stm32f1xx_it.o
    0x08000974   0x08000974   0x00000010   Code   RO         1005    i.DMA1_Channel5_IRQHandler  stm32f1xx_it.o
    0x08000984   0x08000984   0x0000002c   Code   RO         2831    i.DMA_SetConfig     stm32f1xx_hal_dma.o
    0x080009b0   0x080009b0   0x00000028   Code   RO          601    i.DWT_Init          main.o
    0x080009d8   0x080009d8   0x00000002   Code   RO         1006    i.DebugMon_Handler  stm32f1xx_it.o
    0x080009da   0x080009da   0x0000000a   Code   RO         1007    i.EXTI0_IRQHandler  stm32f1xx_it.o
    0x080009e4   0x080009e4   0x0000000a   Code   RO         1008    i.EXTI1_IRQHandler  stm32f1xx_it.o
    0x080009ee   0x080009ee   0x0000000a   Code   RO         1009    i.EXTI3_IRQHandler  stm32f1xx_it.o
    0x080009f8   0x080009f8   0x00000006   Code   RO          602    i.Error_Handler     main.o
    0x080009fe   0x080009fe   0x00000056   Code   RO         2832    i.HAL_DMA_Abort     stm32f1xx_hal_dma.o
    0x08000a54   0x08000a54   0x000000b0   Code   RO         2833    i.HAL_DMA_Abort_IT  stm32f1xx_hal_dma.o
    0x08000b04   0x08000b04   0x0000019c   Code   RO         2837    i.HAL_DMA_IRQHandler  stm32f1xx_hal_dma.o
    0x08000ca0   0x08000ca0   0x00000068   Code   RO         2838    i.HAL_DMA_Init      stm32f1xx_hal_dma.o
    0x08000d08   0x08000d08   0x0000009c   Code   RO         2842    i.HAL_DMA_Start_IT  stm32f1xx_hal_dma.o
    0x08000da4   0x08000da4   0x0000000c   Code   RO         1197    i.HAL_GPIO_EXTI_Callback  input.o
    0x08000db0   0x08000db0   0x0000001c   Code   RO         2767    i.HAL_GPIO_EXTI_IRQHandler  stm32f1xx_hal_gpio.o
    0x08000dcc   0x08000dcc   0x00000320   Code   RO         2768    i.HAL_GPIO_Init     stm32f1xx_hal_gpio.o
    0x080010ec   0x080010ec   0x00000010   Code   RO         2770    i.HAL_GPIO_ReadPin  stm32f1xx_hal_gpio.o
    0x080010fc   0x080010fc   0x00000014   Code   RO         2771    i.HAL_GPIO_TogglePin  stm32f1xx_hal_gpio.o
    0x08001110   0x08001110   0x0000000c   Code   RO         2772    i.HAL_GPIO_WritePin  stm32f1xx_hal_gpio.o
    0x0800111c   0x0800111c   0x0000000c   Code   RO         2457    i.HAL_GetTick       stm32f1xx_hal.o
    0x08001128   0x08001128   0x000001d0   Code   RO         3465    i.HAL_I2C_Init      stm32f1xx_hal_i2c.o
    0x080012f8   0x080012f8   0x000001b8   Code   RO         3466    i.HAL_I2C_IsDeviceReady  stm32f1xx_hal_i2c.o
    0x080014b0   0x080014b0   0x00000170   Code   RO         3478    i.HAL_I2C_Master_Transmit  stm32f1xx_hal_i2c.o
    0x08001620   0x08001620   0x00000074   Code   RO          818    i.HAL_I2C_MspInit   i2c.o
    0x08001694   0x08001694   0x00000018   Code   RO         2463    i.HAL_IncTick       stm32f1xx_hal.o
    0x080016ac   0x080016ac   0x00000028   Code   RO         2464    i.HAL_Init          stm32f1xx_hal.o
    0x080016d4   0x080016d4   0x000000a0   Code   RO         1127    i.HAL_InitTick      stm32f1xx_hal_timebase_tim.o
    0x08001774   0x08001774   0x00000060   Code   RO         1103    i.HAL_MspInit       stm32f1xx_hal_msp.o
    0x080017d4   0x080017d4   0x00000020   Code   RO         2928    i.HAL_NVIC_EnableIRQ  stm32f1xx_hal_cortex.o
    0x080017f4   0x080017f4   0x0000007c   Code   RO         2934    i.HAL_NVIC_SetPriority  stm32f1xx_hal_cortex.o
    0x08001870   0x08001870   0x00000028   Code   RO         2935    i.HAL_NVIC_SetPriorityGrouping  stm32f1xx_hal_cortex.o
    0x08001898   0x08001898   0x0000018c   Code   RO         2621    i.HAL_RCC_ClockConfig  stm32f1xx_hal_rcc.o
    0x08001a24   0x08001a24   0x00000044   Code   RO         2625    i.HAL_RCC_GetClockConfig  stm32f1xx_hal_rcc.o
    0x08001a68   0x08001a68   0x0000000c   Code   RO         2626    i.HAL_RCC_GetHCLKFreq  stm32f1xx_hal_rcc.o
    0x08001a74   0x08001a74   0x00000020   Code   RO         2628    i.HAL_RCC_GetPCLK1Freq  stm32f1xx_hal_rcc.o
    0x08001a94   0x08001a94   0x00000020   Code   RO         2629    i.HAL_RCC_GetPCLK2Freq  stm32f1xx_hal_rcc.o
    0x08001ab4   0x08001ab4   0x00000070   Code   RO         2630    i.HAL_RCC_GetSysClockFreq  stm32f1xx_hal_rcc.o
    0x08001b24   0x08001b24   0x00000464   Code   RO         2633    i.HAL_RCC_OscConfig  stm32f1xx_hal_rcc.o
    0x08001f88   0x08001f88   0x00000002   Code   RO         2179    i.HAL_TIMEx_BreakCallback  stm32f1xx_hal_tim_ex.o
    0x08001f8a   0x08001f8a   0x00000002   Code   RO         2180    i.HAL_TIMEx_CommutCallback  stm32f1xx_hal_tim_ex.o
    0x08001f8c   0x08001f8c   0x00000084   Code   RO         2198    i.HAL_TIMEx_MasterConfigSynchronization  stm32f1xx_hal_tim_ex.o
    0x08002010   0x08002010   0x00000066   Code   RO         1464    i.HAL_TIM_Base_Init  stm32f1xx_hal_tim.o
    0x08002076   0x08002076   0x00000002   PAD
    0x08002078   0x08002078   0x00000074   Code   RO          860    i.HAL_TIM_Base_MspInit  tim.o
    0x080020ec   0x080020ec   0x00000078   Code   RO         1469    i.HAL_TIM_Base_Start_IT  stm32f1xx_hal_tim.o
    0x08002164   0x08002164   0x0000010c   Code   RO         1473    i.HAL_TIM_ConfigClockSource  stm32f1xx_hal_tim.o
    0x08002270   0x08002270   0x000000c4   Code   RO         1485    i.HAL_TIM_Encoder_Init  stm32f1xx_hal_tim.o
    0x08002334   0x08002334   0x00000070   Code   RO          862    i.HAL_TIM_Encoder_MspInit  tim.o
    0x080023a4   0x080023a4   0x000000cc   Code   RO         1488    i.HAL_TIM_Encoder_Start  stm32f1xx_hal_tim.o
    0x08002470   0x08002470   0x00000002   Code   RO         1494    i.HAL_TIM_ErrorCallback  stm32f1xx_hal_tim.o
    0x08002472   0x08002472   0x00000002   Code   RO         1498    i.HAL_TIM_IC_CaptureCallback  stm32f1xx_hal_tim.o
    0x08002474   0x08002474   0x0000016c   Code   RO         1512    i.HAL_TIM_IRQHandler  stm32f1xx_hal_tim.o
    0x080025e0   0x080025e0   0x00000058   Code   RO          863    i.HAL_TIM_MspPostInit  tim.o
    0x08002638   0x08002638   0x00000002   Code   RO         1515    i.HAL_TIM_OC_DelayElapsedCallback  stm32f1xx_hal_tim.o
    0x0800263a   0x0800263a   0x00000104   Code   RO         1536    i.HAL_TIM_PWM_ConfigChannel  stm32f1xx_hal_tim.o
    0x0800273e   0x0800273e   0x00000066   Code   RO         1539    i.HAL_TIM_PWM_Init  stm32f1xx_hal_tim.o
    0x080027a4   0x080027a4   0x00000002   Code   RO         1541    i.HAL_TIM_PWM_MspInit  stm32f1xx_hal_tim.o
    0x080027a6   0x080027a6   0x00000002   PAD
    0x080027a8   0x080027a8   0x00000014   Code   RO          864    i.HAL_TIM_PWM_PulseFinishedCallback  tim.o
    0x080027bc   0x080027bc   0x00000002   Code   RO         1543    i.HAL_TIM_PWM_PulseFinishedHalfCpltCallback  stm32f1xx_hal_tim.o
    0x080027be   0x080027be   0x00000002   PAD
    0x080027c0   0x080027c0   0x00000214   Code   RO         1545    i.HAL_TIM_PWM_Start_DMA  stm32f1xx_hal_tim.o
    0x080029d4   0x080029d4   0x00000108   Code   RO         1548    i.HAL_TIM_PWM_Stop_DMA  stm32f1xx_hal_tim.o
    0x08002adc   0x08002adc   0x00000018   Code   RO          603    i.HAL_TIM_PeriodElapsedCallback  main.o
    0x08002af4   0x08002af4   0x00000002   Code   RO         1555    i.HAL_TIM_TriggerCallback  stm32f1xx_hal_tim.o
    0x08002af6   0x08002af6   0x00000002   Code   RO         3943    i.HAL_UARTEx_RxEventCallback  stm32f1xx_hal_uart.o
    0x08002af8   0x08002af8   0x00000002   Code   RO         3957    i.HAL_UART_ErrorCallback  stm32f1xx_hal_uart.o
    0x08002afa   0x08002afa   0x00000002   PAD
    0x08002afc   0x08002afc   0x000002e4   Code   RO         3960    i.HAL_UART_IRQHandler  stm32f1xx_hal_uart.o
    0x08002de0   0x08002de0   0x00000076   Code   RO         3961    i.HAL_UART_Init     stm32f1xx_hal_uart.o
    0x08002e56   0x08002e56   0x00000002   PAD
    0x08002e58   0x08002e58   0x000000d4   Code   RO          932    i.HAL_UART_MspInit  usart.o
    0x08002f2c   0x08002f2c   0x0000002c   Code   RO         3966    i.HAL_UART_Receive_IT  stm32f1xx_hal_uart.o
    0x08002f58   0x08002f58   0x00000064   Code   RO          933    i.HAL_UART_RxCpltCallback  usart.o
    0x08002fbc   0x08002fbc   0x00000002   Code   RO         3972    i.HAL_UART_TxCpltCallback  stm32f1xx_hal_uart.o
    0x08002fbe   0x08002fbe   0x00000004   Code   RO         1010    i.HardFault_Handler  stm32f1xx_it.o
    0x08002fc2   0x08002fc2   0x0000003e   Code   RO         3509    i.I2C_IsAcknowledgeFailed  stm32f1xx_hal_i2c.o
    0x08003000   0x08003000   0x000000c0   Code   RO         3513    i.I2C_MasterRequestWrite  stm32f1xx_hal_i2c.o
    0x080030c0   0x080030c0   0x00000066   Code   RO         3529    i.I2C_WaitOnBTFFlagUntilTimeout  stm32f1xx_hal_i2c.o
    0x08003126   0x08003126   0x000000be   Code   RO         3530    i.I2C_WaitOnFlagUntilTimeout  stm32f1xx_hal_i2c.o
    0x080031e4   0x080031e4   0x000000fa   Code   RO         3531    i.I2C_WaitOnMasterAddressFlagUntilTimeout  stm32f1xx_hal_i2c.o
    0x080032de   0x080032de   0x00000066   Code   RO         3535    i.I2C_WaitOnTXEFlagUntilTimeout  stm32f1xx_hal_i2c.o
    0x08003344   0x08003344   0x00000044   Code   RO          793    i.MX_DMA_Init       dma.o
    0x08003388   0x08003388   0x000000ec   Code   RO          728    i.MX_GPIO_Init      gpio.o
    0x08003474   0x08003474   0x0000003c   Code   RO          819    i.MX_I2C1_Init      i2c.o
    0x080034b0   0x080034b0   0x000000a0   Code   RO          865    i.MX_TIM2_Init      tim.o
    0x08003550   0x08003550   0x0000007c   Code   RO          866    i.MX_TIM3_Init      tim.o
    0x080035cc   0x080035cc   0x00000038   Code   RO          934    i.MX_USART1_UART_Init  usart.o
    0x08003604   0x08003604   0x00000004   Code   RO         1011    i.MemManage_Handler  stm32f1xx_it.o
    0x08003608   0x08003608   0x00000004   Code   RO         1012    i.NMI_Handler       stm32f1xx_it.o
    0x0800360c   0x0800360c   0x0000000c   Code   RO          350    i.PL9823_get_brightness  pl9823.o
    0x08003618   0x08003618   0x0000000c   Code   RO          351    i.PL9823_get_mode   pl9823.o
    0x08003624   0x08003624   0x0000000c   Code   RO          352    i.PL9823_get_speed  pl9823.o
    0x08003630   0x08003630   0x0000000c   Code   RO          356    i.PL9823_set_speed  pl9823.o
    0x0800363c   0x0800363c   0x00000078   Code   RO          358    i.PL9823_show       pl9823.o
    0x080036b4   0x080036b4   0x00000028   Code   RO         2634    i.RCC_Delay         stm32f1xx_hal_rcc.o
    0x080036dc   0x080036dc   0x0000000e   Code   RO         1233    i.SH1106_Clear      sh1106.o
    0x080036ea   0x080036ea   0x00000028   Code   RO         1234    i.SH1106_Clear_Range  sh1106.o
    0x08003712   0x08003712   0x00000002   PAD
    0x08003714   0x08003714   0x00000128   Code   RO         1235    i.SH1106_DrawBitmap  sh1106.o
    0x0800383c   0x0800383c   0x0000005e   Code   RO         1238    i.SH1106_DrawFilledRectangle  sh1106.o
    0x0800389a   0x0800389a   0x0000014a   Code   RO         1240    i.SH1106_DrawLine   sh1106.o
    0x080039e4   0x080039e4   0x000000a0   Code   RO         1241    i.SH1106_DrawPixel  sh1106.o
    0x08003a84   0x08003a84   0x00000020   Code   RO         1244    i.SH1106_Fill       sh1106.o
    0x08003aa4   0x08003aa4   0x000000ec   Code   RO         1245    i.SH1106_Fill_Range  sh1106.o
    0x08003b90   0x08003b90   0x0000000c   Code   RO         1246    i.SH1106_GotoXY     sh1106.o
    0x08003b9c   0x08003b9c   0x00000028   Code   RO         1247    i.SH1106_I2C_Write  sh1106.o
    0x08003bc4   0x08003bc4   0x00000044   Code   RO         1248    i.SH1106_I2C_WriteMulti  sh1106.o
    0x08003c08   0x08003c08   0x0000012c   Code   RO         1249    i.SH1106_Init       sh1106.o
    0x08003d34   0x08003d34   0x000000a8   Code   RO         1253    i.SH1106_Putc       sh1106.o
    0x08003ddc   0x08003ddc   0x0000002a   Code   RO         1254    i.SH1106_Puts       sh1106.o
    0x08003e06   0x08003e06   0x00000002   PAD
    0x08003e08   0x08003e08   0x0000008c   Code   RO         1255    i.SH1106_ShowFixedInfo  sh1106.o
    0x08003e94   0x08003e94   0x00000050   Code   RO         1257    i.SH1106_UpdateScreen  sh1106.o
    0x08003ee4   0x08003ee4   0x00000098   Code   RO         1258    i.SH1106_Update_Range  sh1106.o
    0x08003f7c   0x08003f7c   0x00000016   Code   RO         5473    i.SysTick_Handler   cmsis_os2.o
    0x08003f92   0x08003f92   0x00000066   Code   RO          604    i.SystemClock_Config  main.o
    0x08003ff8   0x08003ff8   0x00000002   Code   RO         4305    i.SystemInit        system_stm32f1xx_1.o
    0x08003ffa   0x08003ffa   0x00000002   PAD
    0x08003ffc   0x08003ffc   0x00000010   Code   RO         1013    i.TIM1_UP_IRQHandler  stm32f1xx_it.o
    0x0800400c   0x0800400c   0x00000084   Code   RO         1557    i.TIM_Base_SetConfig  stm32f1xx_hal_tim.o
    0x08004090   0x08004090   0x00000022   Code   RO         1558    i.TIM_CCxChannelCmd  stm32f1xx_hal_tim.o
    0x080040b2   0x080040b2   0x00000068   Code   RO         1561    i.TIM_DMADelayPulseCplt  stm32f1xx_hal_tim.o
    0x0800411a   0x0800411a   0x00000040   Code   RO         1562    i.TIM_DMADelayPulseHalfCplt  stm32f1xx_hal_tim.o
    0x0800415a   0x0800415a   0x0000005e   Code   RO         1563    i.TIM_DMAError      stm32f1xx_hal_tim.o
    0x080041b8   0x080041b8   0x00000016   Code   RO         1568    i.TIM_ETR_SetConfig  stm32f1xx_hal_tim.o
    0x080041ce   0x080041ce   0x00000012   Code   RO         1569    i.TIM_ITRx_SetConfig  stm32f1xx_hal_tim.o
    0x080041e0   0x080041e0   0x00000060   Code   RO         1570    i.TIM_OC1_SetConfig  stm32f1xx_hal_tim.o
    0x08004240   0x08004240   0x00000068   Code   RO         1571    i.TIM_OC2_SetConfig  stm32f1xx_hal_tim.o
    0x080042a8   0x080042a8   0x00000068   Code   RO         1572    i.TIM_OC3_SetConfig  stm32f1xx_hal_tim.o
    0x08004310   0x08004310   0x00000048   Code   RO         1573    i.TIM_OC4_SetConfig  stm32f1xx_hal_tim.o
    0x08004358   0x08004358   0x00000026   Code   RO         1575    i.TIM_TI1_ConfigInputStage  stm32f1xx_hal_tim.o
    0x0800437e   0x0800437e   0x00000028   Code   RO         1577    i.TIM_TI2_ConfigInputStage  stm32f1xx_hal_tim.o
    0x080043a6   0x080043a6   0x00000014   Code   RO         3974    i.UART_DMAAbortOnError  stm32f1xx_hal_uart.o
    0x080043ba   0x080043ba   0x0000006c   Code   RO         3984    i.UART_EndRxTransfer  stm32f1xx_hal_uart.o
    0x08004426   0x08004426   0x00000020   Code   RO         3985    i.UART_EndTransmit_IT  stm32f1xx_hal_uart.o
    0x08004446   0x08004446   0x000000fc   Code   RO         3987    i.UART_Receive_IT   stm32f1xx_hal_uart.o
    0x08004542   0x08004542   0x00000002   PAD
    0x08004544   0x08004544   0x000000fc   Code   RO         3988    i.UART_SetConfig    stm32f1xx_hal_uart.o
    0x08004640   0x08004640   0x00000040   Code   RO         3990    i.UART_Start_Receive_IT  stm32f1xx_hal_uart.o
    0x08004680   0x08004680   0x00000060   Code   RO         3991    i.UART_Transmit_IT  stm32f1xx_hal_uart.o
    0x080046e0   0x080046e0   0x00000010   Code   RO         1014    i.USART1_IRQHandler  stm32f1xx_it.o
    0x080046f0   0x080046f0   0x00000004   Code   RO         1015    i.UsageFault_Handler  stm32f1xx_it.o
    0x080046f4   0x080046f4   0x00000010   Code   RO         2941    i.__NVIC_GetPriorityGrouping  stm32f1xx_hal_cortex.o
    0x08004704   0x08004704   0x00000028   Code   RO         2942    i.__NVIC_SetPriority  stm32f1xx_hal_cortex.o
    0x0800472c   0x0800472c   0x00000002   Code   RO          457    i.action_brightness  menu_control.o
    0x0800472e   0x0800472e   0x00000002   Code   RO          461    i.action_mode       menu_control.o
    0x08004730   0x08004730   0x00000002   Code   RO          464    i.action_speed      menu_control.o
    0x08004732   0x08004732   0x00000002   PAD
    0x08004734   0x08004734   0x0000002c   Code   RO          467    i.active_setting_render  menu_control.o
    0x08004760   0x08004760   0x00000070   Code   RO         1198    i.button_process    input.o
    0x080047d0   0x080047d0   0x00000008   Code   RO          605    i.control_task      main.o
    0x080047d8   0x080047d8   0x00000030   Code   RO           13    i.control_task_handler  app.o
    0x08004808   0x08004808   0x00000022   Code   RO          260    i.count_digits      utils.o
    0x0800482a   0x0800482a   0x00000002   PAD
    0x0800482c   0x0800482c   0x00000048   Code   RO          468    i.deactive_setting_render  menu_control.o
    0x08004874   0x08004874   0x00000068   Code   RO          469    i.decrease_value_setting_render  menu_control.o
    0x080048dc   0x080048dc   0x00000030   Code   RO          606    i.delay_us          main.o
    0x0800490c   0x0800490c   0x000000c4   Code   RO          470    i.frame_render      menu_control.o
    0x080049d0   0x080049d0   0x00000068   Code   RO          471    i.increase_value_setting_render  menu_control.o
    0x08004a38   0x08004a38   0x00000008   Code   RO          607    i.input_task        main.o
    0x08004a40   0x08004a40   0x0000006c   Code   RO           14    i.input_task_handler  app.o
    0x08004aac   0x08004aac   0x00000008   Code   RO          608    i.lcd_task          main.o
    0x08004ab4   0x08004ab4   0x00000064   Code   RO           15    i.lcd_task_handler  app.o
    0x08004b18   0x08004b18   0x00000008   Code   RO          609    i.led_task          main.o
    0x08004b20   0x08004b20   0x0000005c   Code   RO           16    i.led_task_handler  app.o
    0x08004b7c   0x08004b7c   0x0000005c   Code   RO          261    i.led_test          utils.o
    0x08004bd8   0x08004bd8   0x0000037c   Code   RO          610    i.main              main.o
    0x08004f54   0x08004f54   0x00000024   Code   RO          472    i.menu_render       menu_control.o
    0x08004f78   0x08004f78   0x000000a2   Code   RO          935    i.parse_byte        usart.o
    0x0800501a   0x0800501a   0x00000018   Code   RO          936    i.parser_reset      usart.o
    0x08005032   0x08005032   0x00000002   PAD
    0x08005034   0x08005034   0x0000005c   Code   RO          429    i.process_command   control.o
    0x08005090   0x08005090   0x0000007c   Code   RO         4922    i.prvAddCurrentTaskToDelayedList  tasks.o
    0x0800510c   0x0800510c   0x000000b8   Code   RO         4923    i.prvAddNewTaskToReadyList  tasks.o
    0x080051c4   0x080051c4   0x00000074   Code   RO         5298    i.prvCheckForValidListAndQueue  timers.o
    0x08005238   0x08005238   0x00000048   Code   RO         4924    i.prvCheckTasksWaitingTermination  tasks.o
    0x08005280   0x08005280   0x0000002a   Code   RO         4509    i.prvCopyDataFromQueue  queue.o
    0x080052aa   0x080052aa   0x0000007e   Code   RO         4510    i.prvCopyDataToQueue  queue.o
    0x08005328   0x08005328   0x00000050   Code   RO         4925    i.prvDeleteTCB      tasks.o
    0x08005378   0x08005378   0x00000028   Code   RO         5299    i.prvGetNextExpireTime  timers.o
    0x080053a0   0x080053a0   0x0000007c   Code   RO         6003    i.prvHeapInit       heap_4.o
    0x0800541c   0x0800541c   0x00000028   Code   RO         4926    i.prvIdleTask       tasks.o
    0x08005444   0x08005444   0x0000002a   Code   RO         4513    i.prvInitialiseNewQueue  queue.o
    0x0800546e   0x0800546e   0x000000be   Code   RO         4927    i.prvInitialiseNewTask  tasks.o
    0x0800552c   0x0800552c   0x00000068   Code   RO         4928    i.prvInitialiseTaskLists  tasks.o
    0x08005594   0x08005594   0x00000068   Code   RO         6004    i.prvInsertBlockIntoFreeList  heap_4.o
    0x080055fc   0x080055fc   0x00000058   Code   RO         5301    i.prvInsertTimerInActiveList  timers.o
    0x08005654   0x08005654   0x0000001a   Code   RO         4514    i.prvIsQueueEmpty   queue.o
    0x0800566e   0x0800566e   0x0000001e   Code   RO         4515    i.prvIsQueueFull    queue.o
    0x0800568c   0x0800568c   0x00000074   Code   RO         5302    i.prvProcessExpiredTimer  timers.o
    0x08005700   0x08005700   0x00000164   Code   RO         5303    i.prvProcessReceivedCommands  timers.o
    0x08005864   0x08005864   0x00000074   Code   RO         5304    i.prvProcessTimerOrBlockTask  timers.o
    0x080058d8   0x080058d8   0x00000034   Code   RO         4930    i.prvResetNextTaskUnblockTime  tasks.o
    0x0800590c   0x0800590c   0x0000002c   Code   RO         5305    i.prvSampleTimeNow  timers.o
    0x08005938   0x08005938   0x000000a4   Code   RO         5306    i.prvSwitchTimerLists  timers.o
    0x080059dc   0x080059dc   0x00000040   Code   RO         6059    i.prvTaskExitError  port.o
    0x08005a1c   0x08005a1c   0x00000058   Code   RO         4932    i.prvTaskIsTaskSuspended  tasks.o
    0x08005a74   0x08005a74   0x0000001a   Code   RO         5307    i.prvTimerTask      timers.o
    0x08005a8e   0x08005a8e   0x0000007e   Code   RO         4516    i.prvUnlockQueue    queue.o
    0x08005b0c   0x08005b0c   0x00000154   Code   RO         6005    i.pvPortMalloc      heap_4.o
    0x08005c60   0x08005c60   0x00000024   Code   RO         6060    i.pxPortInitialiseStack  port.o
    0x08005c84   0x08005c84   0x000000e0   Code   RO          473    i.render_home_page  menu_control.o
    0x08005d64   0x08005d64   0x00000084   Code   RO          474    i.render_setting_page  menu_control.o
    0x08005de8   0x08005de8   0x00000060   Code   RO          475    i.render_setting_value  menu_control.o
    0x08005e48   0x08005e48   0x00000008   Code   RO          611    i.sensor_task       main.o
    0x08005e50   0x08005e50   0x00000038   Code   RO           17    i.sensor_task_handler  app.o
    0x08005e88   0x08005e88   0x0000002c   Code   RO          937    i.uart_rb_pop       usart.o
    0x08005eb4   0x08005eb4   0x0000002e   Code   RO          938    i.uart_rb_push      usart.o
    0x08005ee2   0x08005ee2   0x00000008   Code   RO          612    i.uart_task         main.o
    0x08005eea   0x08005eea   0x00000002   PAD
    0x08005eec   0x08005eec   0x00000094   Code   RO           18    i.uart_task_handler  app.o
    0x08005f80   0x08005f80   0x00000008   Code   RO          613    i.ui_task           main.o
    0x08005f88   0x08005f88   0x00000184   Code   RO           19    i.ui_task_handler   app.o
    0x0800610c   0x0800610c   0x00000074   Code   RO         4934    i.ulTaskNotifyTake  tasks.o
    0x08006180   0x08006180   0x00000028   Code   RO         4469    i.uxListRemove      list.o
    0x080061a8   0x080061a8   0x00000018   Code   RO         5547    i.vApplicationGetIdleTaskMemory  cmsis_os2.o
    0x080061c0   0x080061c0   0x00000018   Code   RO         5548    i.vApplicationGetTimerTaskMemory  cmsis_os2.o
    0x080061d8   0x080061d8   0x00000002   Code   RO         5549    i.vApplicationMallocFailedHook  cmsis_os2.o
    0x080061da   0x080061da   0x00000016   Code   RO         5550    i.vApplicationStackOverflowHook  cmsis_os2.o
    0x080061f0   0x080061f0   0x0000001a   Code   RO         4470    i.vListInitialise   list.o
    0x0800620a   0x0800620a   0x00000006   Code   RO         4471    i.vListInitialiseItem  list.o
    0x08006210   0x08006210   0x00000034   Code   RO         4472    i.vListInsert       list.o
    0x08006244   0x08006244   0x00000018   Code   RO         4473    i.vListInsertEnd    list.o
    0x0800625c   0x0800625c   0x00000054   Code   RO         6062    i.vPortEnterCritical  port.o
    0x080062b0   0x080062b0   0x0000003c   Code   RO         6063    i.vPortExitCritical  port.o
    0x080062ec   0x080062ec   0x000000a4   Code   RO         6006    i.vPortFree         heap_4.o
    0x08006390   0x08006390   0x00000028   Code   RO         6064    i.vPortSetupTimerInterrupt  port.o
    0x080063b8   0x080063b8   0x00000078   Code   RO         6065    i.vPortValidateInterruptPriority  port.o
    0x08006430   0x08006430   0x0000002c   Code   RO         4522    i.vQueueAddToRegistry  queue.o
    0x0800645c   0x0800645c   0x0000004a   Code   RO         4526    i.vQueueWaitForMessageRestricted  queue.o
    0x080064a6   0x080064a6   0x00000002   PAD
    0x080064a8   0x080064a8   0x0000005c   Code   RO         4943    i.vTaskDelay        tasks.o
    0x08006504   0x08006504   0x000000d4   Code   RO         4944    i.vTaskDelayUntil   tasks.o
    0x080065d8   0x080065d8   0x00000018   Code   RO         4948    i.vTaskInternalSetTimeOutState  tasks.o
    0x080065f0   0x080065f0   0x0000000c   Code   RO         4949    i.vTaskMissedYield  tasks.o
    0x080065fc   0x080065fc   0x000000ec   Code   RO         4950    i.vTaskNotifyGiveFromISR  tasks.o
    0x080066e8   0x080066e8   0x00000038   Code   RO         4951    i.vTaskPlaceOnEventList  tasks.o
    0x08006720   0x08006720   0x00000040   Code   RO         4952    i.vTaskPlaceOnEventListRestricted  tasks.o
    0x08006760   0x08006760   0x00000090   Code   RO         4957    i.vTaskResume       tasks.o
    0x080067f0   0x080067f0   0x000000b8   Code   RO         4960    i.vTaskStartScheduler  tasks.o
    0x080068a8   0x080068a8   0x000000c8   Code   RO         4961    i.vTaskSuspend      tasks.o
    0x08006970   0x08006970   0x00000010   Code   RO         4962    i.vTaskSuspendAll   tasks.o
    0x08006980   0x08006980   0x000000c8   Code   RO         4963    i.vTaskSwitchContext  tasks.o
    0x08006a48   0x08006a48   0x00000030   Code   RO          262    i.validateChecksum  utils.o
    0x08006a78   0x08006a78   0x000000f8   Code   RO         6066    i.xPortStartScheduler  port.o
    0x08006b70   0x08006b70   0x00000034   Code   RO         6067    i.xPortSysTickHandler  port.o
    0x08006ba4   0x08006ba4   0x0000005a   Code   RO         4531    i.xQueueGenericCreate  queue.o
    0x08006bfe   0x08006bfe   0x000000e0   Code   RO         4532    i.xQueueGenericCreateStatic  queue.o
    0x08006cde   0x08006cde   0x00000002   PAD
    0x08006ce0   0x08006ce0   0x00000098   Code   RO         4533    i.xQueueGenericReset  queue.o
    0x08006d78   0x08006d78   0x000001a8   Code   RO         4534    i.xQueueGenericSend  queue.o
    0x08006f20   0x08006f20   0x000000fc   Code   RO         4535    i.xQueueGenericSendFromISR  queue.o
    0x0800701c   0x0800701c   0x00000168   Code   RO         4544    i.xQueueReceive     queue.o
    0x08007184   0x08007184   0x0000008c   Code   RO         4965    i.xTaskCheckForTimeOut  tasks.o
    0x08007210   0x08007210   0x00000064   Code   RO         4966    i.xTaskCreate       tasks.o
    0x08007274   0x08007274   0x000000ba   Code   RO         4967    i.xTaskCreateStatic  tasks.o
    0x0800732e   0x0800732e   0x00000002   PAD
    0x08007330   0x08007330   0x00000020   Code   RO         4971    i.xTaskGetSchedulerState  tasks.o
    0x08007350   0x08007350   0x0000000c   Code   RO         4972    i.xTaskGetTickCount  tasks.o
    0x0800735c   0x0800735c   0x00000014   Code   RO         4973    i.xTaskGetTickCountFromISR  tasks.o
    0x08007370   0x08007370   0x00000144   Code   RO         4974    i.xTaskIncrementTick  tasks.o
    0x080074b4   0x080074b4   0x000000a4   Code   RO         4977    i.xTaskPriorityDisinherit  tasks.o
    0x08007558   0x08007558   0x00000098   Code   RO         4979    i.xTaskRemoveFromEventList  tasks.o
    0x080075f0   0x080075f0   0x00000104   Code   RO         4980    i.xTaskResumeAll    tasks.o
    0x080076f4   0x080076f4   0x00000078   Code   RO         5316    i.xTimerCreateTimerTask  timers.o
    0x0800776c   0x0800776c   0x00000084   Code   RO         5317    i.xTimerGenericCommand  timers.o
    0x080077f0   0x080077f0   0x00000001   Data   RO          476    .constdata          menu_control.o
    0x080077f1   0x080077f1   0x00000001   PAD
    0x080077f2   0x080077f2   0x00002814   Data   RO         1167    .constdata          fonts.o
    0x0800a006   0x0800a006   0x00000148   Data   RO         1411    .constdata          bitmap.o
    0x0800a14e   0x0800a14e   0x00000012   Data   RO         2635    .constdata          stm32f1xx_hal_rcc.o
    0x0800a160   0x0800a160   0x00000018   Data   RO         4306    .constdata          system_stm32f1xx_1.o
    0x0800a178   0x0800a178   0x00000025   Data   RO          477    .conststring        menu_control.o
    0x0800a19d   0x0800a19d   0x00000003   PAD
    0x0800a1a0   0x0800a1a0   0x00000020   Data   RO         6351    Region$$Table       anon$$obj.o


    Execution Region RW_IRAM1 (Exec base: 0x20000000, Load base: 0x0800a1c0, Size: 0x00004568, Max: 0x00005000, ABSOLUTE, COMPRESSED[0x0000008c])

    Exec Addr    Load Addr    Size         Type   Attr      Idx    E Section Name        Object

    0x20000000   COMPRESSED   0x000000a8   Data   RW           21    .data               app.o
    0x200000a8   COMPRESSED   0x00000005   Data   RW          301    .data               dht22.o
    0x200000ad   COMPRESSED   0x00000003   PAD
    0x200000b0   COMPRESSED   0x00000008   Data   RW          360    .data               pl9823.o
    0x200000b8   COMPRESSED   0x00000036   Data   RW          478    .data               menu_control.o
    0x200000ee   COMPRESSED   0x00000002   PAD
    0x200000f0   COMPRESSED   0x0000000b   Data   RW          940    .data               usart.o
    0x200000fb   COMPRESSED   0x00000001   PAD
    0x200000fc   COMPRESSED   0x00000018   Data   RW         1168    .data               fonts.o
    0x20000114   COMPRESSED   0x00000008   Data   RW         1199    .data               input.o
    0x2000011c   COMPRESSED   0x00000012   Data   RW         1260    .data               sh1106.o
    0x2000012e   COMPRESSED   0x00000002   PAD
    0x20000130   COMPRESSED   0x00000009   Data   RW         2471    .data               stm32f1xx_hal.o
    0x20000139   COMPRESSED   0x00000003   PAD
    0x2000013c   COMPRESSED   0x00000004   Data   RW         4307    .data               system_stm32f1xx_1.o
    0x20000140   COMPRESSED   0x0000003c   Data   RW         4983    .data               tasks.o
    0x2000017c   COMPRESSED   0x00000014   Data   RW         5325    .data               timers.o
    0x20000190   COMPRESSED   0x00000020   Data   RW         6012    .data               heap_4.o
    0x200001b0   COMPRESSED   0x0000000c   Data   RW         6068    .data               port.o
    0x200001bc        -       0x0000003c   Zero   RW           20    .bss                app.o
    0x200001f8        -       0x000000f4   Zero   RW          359    .bss                pl9823.o
    0x200002ec        -       0x00000054   Zero   RW          820    .bss                i2c.o
    0x20000340        -       0x000000d4   Zero   RW          867    .bss                tim.o
    0x20000414        -       0x000001d6   Zero   RW          939    .bss                usart.o
    0x200005ea   COMPRESSED   0x00000002   PAD
    0x200005ec        -       0x00000048   Zero   RW         1130    .bss                stm32f1xx_hal_timebase_tim.o
    0x20000634        -       0x00000400   Zero   RW         1259    .bss                sh1106.o
    0x20000a34        -       0x00000040   Zero   RW         4548    .bss                queue.o
    0x20000a74        -       0x000004c4   Zero   RW         4982    .bss                tasks.o
    0x20000f38        -       0x00000118   Zero   RW         5324    .bss                timers.o
    0x20001050        -       0x000006b8   Zero   RW         5551    .bss                cmsis_os2.o
    0x20001708        -       0x00002800   Zero   RW         6011    .bss                heap_4.o
    0x20003f08        -       0x00000060   Zero   RW         6223    .bss                c_w.l(libspace.o)
    0x20003f68        -       0x00000200   Zero   RW            2    HEAP                startup_stm32f103xb.o
    0x20004168        -       0x00000400   Zero   RW            1    STACK               startup_stm32f103xb.o


==============================================================================

Image component sizes


      Code (inc. data)   RO Data    RW Data    ZI Data      Debug   Object Name

       940         72          0        168         60     456841   app.o
         0          0        328          0          0       1158   bitmap.o
        94         18          0          0       1720      12698   cmsis_os2.o
        92         12          0          0          0        986   control.o
       696         42          0          5          0       3642   dht22.o
        68          4          0          0          0        722   dma.o
         0          0          0          0          0      19588   event_groups.o
         0          0      10260         24          0       1251   fonts.o
       236         18          0          0          0        959   gpio.o
       732         72          0         32      10240       4727   heap_4.o
       176         24          0          0         84       1561   i2c.o
       124         12          0          8          0       2705   input.o
       148          0          0          0          0       3366   list.o
      1168        196          0          0          0      15432   main.o
      1014        130         38         54          0       8215   menu_control.o
       168         32          0          8        244       4062   pl9823.o
       854         78          0         12          0      10737   port.o
      2012         20          0          0         64      17774   queue.o
      2204         84          0         18       1024      14130   sh1106.o
        64         26        236          0       1536        796   startup_stm32f103xb.o
        76         20          0          9          0       4554   stm32f1xx_hal.o
       252         22          0          0          0      28622   stm32f1xx_hal_cortex.o
       978         12          0          0          0       4762   stm32f1xx_hal_dma.o
       876         38          0          0          0       4443   stm32f1xx_hal_gpio.o
      2170         42          0          0          0       9149   stm32f1xx_hal_i2c.o
        96         10          0          0          0        866   stm32f1xx_hal_msp.o
      1816        108         18          0          0       6453   stm32f1xx_hal_rcc.o
      3346         76          0          0          0      20957   stm32f1xx_hal_tim.o
       136         14          0          0          0       2369   stm32f1xx_hal_tim_ex.o
       160         22          0          0         72       1383   stm32f1xx_hal_timebase_tim.o
      1732          8          0          0          0       9840   stm32f1xx_hal_uart.o
       116         24          0          0          0       5689   stm32f1xx_it.o
         0          0          0          0          0       9604   stream_buffer.o
         2          0         24          4          0       1071   system_stm32f1xx_1.o
      3880        444          0         60       1220      32604   tasks.o
       620         56          0          0        212       4189   tim.o
      1318        124          0         20        280      22019   timers.o
       644         60          0         11        470       5931   usart.o
       174          4          0          0          0       2057   utils.o

    ----------------------------------------------------------------------
     29218       1924      10940        444      17228     757912   Object Totals
         0          0         32          0          0          0   (incl. Generated)
        36          0          4         11          2          0   (incl. Padding)

    ----------------------------------------------------------------------

      Code (inc. data)   RO Data    RW Data    ZI Data      Debug   Library Member Name

        90          0          0          0          0          0   __dczerorl2.o
         8          0          0          0          0         68   __main.o
       104          0          0          0          0         84   __printf.o
         0          0          0          0          0          0   __rtentry.o
        12          0          0          0          0          0   __rtentry2.o
         6          0          0          0          0          0   __rtentry4.o
        52          8          0          0          0          0   __scatter.o
        28          0          0          0          0          0   __scatter_zi.o
        48          6          0          0          0         96   _printf_char_common.o
         6          0          0          0          0          0   _printf_d.o
       120         16          0          0          0         92   _printf_dec.o
       178          0          0          0          0         88   _printf_intcommon.o
         0          0          0          0          0          0   _printf_percent.o
         4          0          0          0          0          0   _printf_percent_end.o
        10          0          0          0          0         68   _sputc.o
        16          0          0          0          0         68   aeabi_memset.o
        18          0          0          0          0         80   exit.o
         6          0          0          0          0        152   heapauxi.o
         0          0          0          0          0          0   indicate_semi.o
         2          0          0          0          0          0   libinit.o
         2          0          0          0          0          0   libinit2.o
         2          0          0          0          0          0   libshutdown.o
         2          0          0          0          0          0   libshutdown2.o
         8          4          0          0         96         68   libspace.o
        40          6          0          0          0         84   noretval__2sprintf.o
        68          0          0          0          0         68   rt_memclr.o
        78          0          0          0          0         80   rt_memclr_w.o
       138          0          0          0          0         68   rt_memcpy_v6.o
       100          0          0          0          0         80   rt_memcpy_w.o
         2          0          0          0          0          0   rtexit.o
        10          0          0          0          0          0   rtexit2.o
        12          4          0          0          0         68   sys_exit.o
        74          0          0          0          0         80   sys_stackheap_outer.o
         2          0          0          0          0         68   use_no_semi.o

    ----------------------------------------------------------------------
      1250         44          0          0         96       1460   Library Totals
         4          0          0          0          0          0   (incl. Padding)

    ----------------------------------------------------------------------

      Code (inc. data)   RO Data    RW Data    ZI Data      Debug   Library Name

      1246         44          0          0         96       1460   c_w.l

    ----------------------------------------------------------------------
      1250         44          0          0         96       1460   Library Totals

    ----------------------------------------------------------------------

==============================================================================


      Code (inc. data)   RO Data    RW Data    ZI Data      Debug   

     30468       1968      10940        444      17324     745432   Grand Totals
     30468       1968      10940        140      17324     745432   ELF Image Totals (compressed)
     30468       1968      10940        140          0          0   ROM Totals

==============================================================================

    Total RO  Size (Code + RO Data)                41408 (  40.44kB)
    Total RW  Size (RW Data + ZI Data)             17768 (  17.35kB)
    Total ROM Size (Code + RO Data + RW Data)      41548 (  40.57kB)

==============================================================================

