<html>
<body>
<pre>
<h1>µVision Build Log</h1>
<h2>Tool Versions:</h2>
IDE-Version: µVision V5.43.1.0
Copyright (C) 2025 ARM Ltd and ARM Germany GmbH. All rights reserved.
License Information: Anh Tuan hoanghuyanhtuan@outlook.com, fpt, LIC=----
 
Tool Versions:
Toolchain:       MDK-Lite  Version: 5.43.0.0
Toolchain Path:  C:\Users\hoang\AppData\Local\Keil_v5\ARM\ARM_Compiler_5.06u7\Bin
C Compiler:      Armcc.exe V5.06 update 7 (build 960)
Assembler:       Armasm.exe V5.06 update 7 (build 960)
Linker/Locator:  ArmLink.exe V5.06 update 7 (build 960)
Library Manager: ArmAr.exe V5.06 update 7 (build 960)
Hex Converter:   FromElf.exe V5.06 update 7 (build 960)
CPU DLL:         SARMCM3.DLL V5.43.0.0
Dialog DLL:      DCM.DLL V1.17.5.0
Target DLL:      STLink\ST-LINKIII-KEIL_SWO.dll V3.3.1.0
Dialog DLL:      TCM.DLL V1.56.6.0
 
<h2>Project:</h2>
D:\Code\Cubik_8x8x8\Source_Code\STM32\MDK-ARM\Hello_cubik_8x8x8.uvprojx
Project File Date:  04/21/2026

<h2>Output:</h2>
*** Using Compiler 'V5.06 update 7 (build 960)', folder: 'C:\Users\hoang\AppData\Local\Keil_v5\ARM\ARM_Compiler_5.06u7\Bin'
Rebuild target 'Hello_cubik_8x8x8'
assembling startup_stm32f103xb.s...
compiling stm32f1xx_hal_msp.c...
compiling tim.c...
compiling gpio.c...
compiling stm32f1xx_hal_gpio_ex.c...
compiling stm32f1xx_hal_timebase_tim.c...
compiling dma.c...
compiling DHT22.c...
..\Core\Src\DHT22.c(33): warning:  #223-D: function "delay_us" declared implicitly
      delay_us(1000);
..\Core\Src\DHT22.c(86): warning:  #223-D: function "delay_us" declared implicitly
              delay_us(40);
..\Core\Src\DHT22.c: 2 warnings, 0 errors
compiling usart.c...
compiling stm32f1xx_it.c...
compiling app.c...
..\Core\Src\app.c(10): warning:  #188-D: enumerated type mixed with another type
      HAL_GPIO_WritePin(GPIOC, GPIO_PIN_13,1);
..\Core\Src\app.c(22): warning:  #1-D: last line of file ends without a newline
  void led_task_handler(void){}
..\Core\Src\app.c: 2 warnings, 0 errors
compiling freertos.c...
compiling main.c...
../Core/Src/main.c(111): warning:  #167-D: argument of type "void (*)(void)" is incompatible with parameter of type "TaskFunction_t"
    xTaskCreate(sensor_task,
../Core/Src/main.c(119): warning:  #167-D: argument of type "void (*)(void)" is incompatible with parameter of type "TaskFunction_t"
    xTaskCreate(led_task,
../Core/Src/main.c: 2 warnings, 0 errors
compiling stm32f1xx_hal_flash.c...
compiling stm32f1xx_hal_gpio.c...
compiling stm32f1xx_hal.c...
compiling stm32f1xx_hal_exti.c...
compiling stm32f1xx_hal_tim_ex.c...
compiling stm32f1xx_hal_flash_ex.c...
compiling stm32f1xx_hal_cortex.c...
compiling stm32f1xx_hal_rcc_ex.c...
compiling stm32f1xx_hal_pwr.c...
compiling croutine.c...
compiling list.c...
compiling event_groups.c...
compiling stream_buffer.c...
compiling stm32f1xx_hal_dma.c...
compiling stm32f1xx_hal_rcc.c...
compiling heap_4.c...
compiling queue.c...
compiling timers.c...
compiling port.c...
compiling tasks.c...
compiling stm32f1xx_hal_tim.c...
compiling system_stm32f1xx.c...
compiling stm32f1xx_hal_uart.c...
compiling cmsis_os2.c...
linking...
Program Size: Code=14624 RO-data=360 RW-data=156 ZI-data=8340  
FromELF: creating hex file...
"Hello_cubik_8x8x8\Hello_cubik_8x8x8.axf" - 0 Error(s), 6 Warning(s).

<h2>Software Packages used:</h2>

Package Vendor: ARM
                https://www.keil.com/pack/ARM.CMSIS.6.3.0.pack
                ARM::CMSIS@6.3.0
                CMSIS (Common Microcontroller Software Interface Standard)
   * Component: CORE Version: 6.2.0

Package Vendor: Keil
                https://www.keil.com/pack/Keil.STM32F1xx_DFP.2.4.1.pack
                Keil::STM32F1xx_DFP@2.4.1
                STMicroelectronics STM32F1 Series Device Support, Drivers and Examples

<h2>Collection of Component include folders:</h2>
  ./RTE/_Hello_cubik_8x8x8
  C:/Users/hoang/AppData/Local/Arm/Packs/ARM/CMSIS/6.3.0/CMSIS/Core/Include
  C:/Users/hoang/AppData/Local/Arm/Packs/Keil/STM32F1xx_DFP/2.4.1/Device/Include

<h2>Collection of Component Files used:</h2>

   * Component: ARM::CMSIS:CORE@6.2.0
      Include file:  CMSIS/Core/Include/tz_context.h
Build Time Elapsed:  00:00:10
</pre>
</body>
</html>
